[review 09-17 21:40:03] lc-2 campaign start; git 241cdef34; image sha256:627aade471b020fb9d16560b62e799e444f4d13ff15422efa96984099b86169d
[review 09-17 21:40:03] two-card service status: ready
[review 09-17 21:40:10] service stop rc=0 
[review 09-17 21:40:13] GPUs free
[review 09-17 21:40:22] preflight-health: rc=0
[review 09-17 21:42:27] tp1-r312-mtp0: ready 
[review 09-17 21:48:08] tp1-r312-mtp0-strict: rc=0
[review 09-17 21:48:08] tp1-r312-mtp0-strict-compare: rc=0
[review 09-17 21:48:08] tp1-r312-mtp0: strict vs the R311b no-MTP reference 9/12 at 19.36070448914078 tok/s
[review 09-17 22:09:23] tp1-r312-mtp0-ladder: rc=0
[review 09-17 22:18:19] tp1-r312-mtp0-context: rc=0
[review 09-17 22:18:33] tp1-r312-mtp0-quality: rc=0
[review 09-17 22:18:46] tp1-r312-mtp0: final stopped stop_confirmed=True
[review 09-17 22:19:16] tp1-r312-multiq: failed RuntimeError: Server exited 1
[review 09-17 22:19:16] tp1-r312-multiq: final failed stop_confirmed=True
[review 09-17 22:19:24] service-health: rc=0
[review 09-17 22:22:04] service: ready 
[review 09-17 22:23:29] service-strict: rc=0
[review 09-17 22:23:29] service-strict-compare: rc=0
[review 09-17 22:23:29] === lc-2 campaign complete ===
