[review 10-04 02:24:43] multi-user campaign start; git 1228edb58
[review 10-04 02:24:53] preflight-health: rc=0
[review 10-04 02:27:18] inv-mtp0-s64: ready 
[review 10-04 02:30:36] inv-mtp0-s64-strict: rc=0
[review 10-04 02:30:36] inv-mtp0-s64-strict-compare: rc=0
[review 10-04 02:30:36] inv-mtp0-s64: strict run 1: 9/12 vs the SHIPPED arithmetic (expected to differ at ties) at 33.51080191893037 tok/s
[review 10-04 02:35:02] inv-mtp0-s64-ladder: rc=0
[review 10-04 02:35:02] inv-mtp0-s64: pass 1: 54/64 equal to solo, 857.2 tok/s together
[review 10-04 02:35:02] inv-mtp0-s64: pass 2: 54/64 equal to solo, 865.42 tok/s together
[review 10-04 02:35:09] inv-mtp0-s64: final stopped stop_confirmed=True
[review 10-04 02:37:50] inv-mtp5-s1: ready 
[review 10-04 02:39:34] inv-mtp5-s1-strict: rc=0
[review 10-04 02:39:34] inv-mtp5-s1-strict-compare: rc=0
[review 10-04 02:39:34] inv-mtp5-s1: strict run 1: 12/12 vs its own no-speculation answers at 74.77913234965987 tok/s
[review 10-04 02:41:18] inv-mtp5-s1-run2-strict: rc=0
[review 10-04 02:41:18] inv-mtp5-s1-run2-strict-compare: rc=0
[review 10-04 02:41:18] inv-mtp5-s1: strict run 2: 12/12 vs its own no-speculation answers at 75.03562866603923 tok/s
[review 10-04 02:47:50] inv-mtp5-s1-ladder: rc=0
[review 10-04 02:47:50] inv-mtp5-s1: pass 1: 64/64 equal to solo, 62.65 tok/s together
[review 10-04 02:47:50] inv-mtp5-s1: pass 2: 64/64 equal to solo, 63.03 tok/s together
[review 10-04 02:47:50] inv-mtp5-s1-ladder-compare: rc=0
[review 10-04 02:47:50] inv-mtp5-s1: vs this arithmetic's no-speculation reference: exact {'sequential-oracle': '64/64', 'batch-c64-r1': '64/64', 'batch-c64-r2': '64/64'}
[review 10-04 02:47:59] inv-mtp5-s1: final stopped stop_confirmed=True
[review 10-04 02:50:44] inv-mtp5-s8: ready 
[review 10-04 02:54:07] inv-mtp5-s8-ladder: rc=0
[review 10-04 02:54:07] inv-mtp5-s8: pass 1: 64/64 equal to solo, 227.43 tok/s together
[review 10-04 02:54:07] inv-mtp5-s8: pass 2: 64/64 equal to solo, 236.63 tok/s together
[review 10-04 02:54:07] inv-mtp5-s8-ladder-compare: rc=0
[review 10-04 02:54:07] inv-mtp5-s8: vs this arithmetic's no-speculation reference: exact {'sequential-oracle': '64/64', 'batch-c64-r1': '64/64', 'batch-c64-r2': '64/64'}
[review 10-04 02:54:14] inv-mtp5-s8: final stopped stop_confirmed=True
[review 10-04 02:56:59] inv-mtp5-s16: ready 
[review 10-04 03:00:10] inv-mtp5-s16-ladder: rc=0
[review 10-04 03:00:10] inv-mtp5-s16: pass 1: 64/64 equal to solo, 267.65 tok/s together
[review 10-04 03:00:10] inv-mtp5-s16: pass 2: 64/64 equal to solo, 278.76 tok/s together
[review 10-04 03:00:11] inv-mtp5-s16-ladder-compare: rc=0
[review 10-04 03:00:11] inv-mtp5-s16: vs this arithmetic's no-speculation reference: exact {'sequential-oracle': '64/64', 'batch-c64-r1': '64/64', 'batch-c64-r2': '64/64'}
[review 10-04 03:00:18] inv-mtp5-s16: final stopped stop_confirmed=True
[review 10-04 03:00:18] === multi-user campaign complete (cards left empty) ===
