[review 10-03 23:16:40] comm-5b campaign start; git a30928e60
[review 10-03 23:16:40] service state missing; assuming no service to stop
[review 10-03 23:16:47] preflight-health: rc=0
[review 10-03 23:19:17] tp2-ag-ctl: ready 
[review 10-03 23:20:41] tp2-ag-ctl-strict: rc=0
[review 10-03 23:20:42] tp2-ag-ctl-strict-compare: rc=0
[review 10-03 23:22:05] tp2-ag-ctl-run2-strict: rc=0
[review 10-03 23:22:05] tp2-ag-ctl-run2-strict-compare: rc=0
[review 10-03 23:22:05] tp2-ag-ctl: strict 12/12 at 90.12795454746046, run2 12/12 at 90.23848060032566
[review 10-03 23:22:15] tp2-ag-ctl: final stopped stop_confirmed=True
[review 10-03 23:24:45] tp2-pbuf-a: ready 
[review 10-03 23:26:09] tp2-pbuf-a-strict: rc=0
[review 10-03 23:26:09] tp2-pbuf-a-strict-compare: rc=0
[review 10-03 23:27:33] tp2-pbuf-a-run2-strict: rc=0
[review 10-03 23:27:33] tp2-pbuf-a-run2-strict-compare: rc=0
[review 10-03 23:27:33] tp2-pbuf-a: strict 12/12 at 90.0718838236779, run2 12/12 at 90.18425462169287
[review 10-03 23:32:55] tp2-pbuf-a-ladder: rc=0
[review 10-03 23:32:55] tp2-pbuf-a-ladder-compare: rc=0
[review 10-03 23:34:22] tp2-pbuf-a-context: rc=0
[review 10-03 23:34:29] tp2-pbuf-a-quality: rc=1
[review 10-03 23:34:29] tp2-pbuf-a: ladder exact, context passed=True, quality pass=None baseline_match=None
[review 10-03 23:34:31] tp2-pbuf-a: final stopped stop_confirmed=True
[review 10-03 23:37:01] tp2-pbuf-b: ready 
[review 10-03 23:38:25] tp2-pbuf-b-strict: rc=0
[review 10-03 23:38:25] tp2-pbuf-b-strict-compare: rc=0
[review 10-03 23:39:49] tp2-pbuf-b-run2-strict: rc=0
[review 10-03 23:39:49] tp2-pbuf-b-run2-strict-compare: rc=0
[review 10-03 23:39:49] tp2-pbuf-b: strict 12/12 at 90.26447477201465, run2 12/12 at 90.32636349483671
[review 10-03 23:39:58] tp2-pbuf-b: final stopped stop_confirmed=True
[review 10-03 23:39:58] verdict: {"control_tok_s": [90.12795454746046, 90.23848060032566], "candidate_tok_s": [90.0718838236779, 90.18425462169287, 90.26447477201465, 90.32636349483671], "candidate_all_exact": false, "control_exact": true, "go_gain": 0.01, "control_median": 90.18321757389306, "candidate_median": 90.22436469685377, "gain": 0.00045626142055743557, "go": false}
[review 10-03 23:39:58] tp2-ag-profile: skipped (idle MemAvailable 14002 MiB, need 13000)
[review 10-03 23:39:58] service: not restored (cards left empty)
[review 10-03 23:39:58] === comm-5b campaign complete ===
