[2026-09-19T18:59:02-04:00] waiting up to 600s for a NEW container named neural-fp8* (poll 0.5s)
[2026-09-19T18:59:03-04:00] ignoring containers that already exist: none
[2026-09-19T18:59:21-04:00] found new container neural-fp8-42a89cfc17924bbd8d59d68dfb3f0cd4 (43c88dbb33e9d382a3923a292fbc5801bde2c271f211c24e18d4a1b81d5ed20f) after 18s
[2026-09-19T18:59:21-04:00] cgroup /sys/fs/cgroup/system.slice/docker-43c88dbb33e9d382a3923a292fbc5801bde2c271f211c24e18d4a1b81d5ed20f.scope
[2026-09-19T18:59:21-04:00] memory.current at discovery = 119361536 bytes (limit 6442450944)
[2026-09-19T18:59:21-04:00] BEFORE: HostConfig Memory/MemorySwap = 12884901888 / 17179869184
[2026-09-19T18:59:21-04:00] BEFORE: memory.max = 12884901888
[2026-09-19T18:59:21-04:00] BEFORE: memory.swap.max = 4294967296
[2026-09-19T18:59:21-04:00] BEFORE: memory.current = 124411904
[2026-09-19T18:59:21-04:00] BEFORE: memory.swap.current = 0
[2026-09-19T18:59:21-04:00] BEFORE: memory.peak = 124674048
[2026-09-19T18:59:21-04:00] BEFORE: memory.swap.peak = 0
[2026-09-19T18:59:21-04:00] BEFORE: memory.events = low 0 high 0 max 0 oom 0 oom_kill 0 oom_group_kill 0 sock_throttled 0 
[2026-09-19T18:59:21-04:00] applying: docker update --memory 12g --memory-swap 12g neural-fp8-42a89cfc17924bbd8d59d68dfb3f0cd4
neural-fp8-42a89cfc17924bbd8d59d68dfb3f0cd4
[2026-09-19T18:59:21-04:00] AFTER: HostConfig Memory/MemorySwap = 12884901888 / 12884901888
[2026-09-19T18:59:21-04:00] AFTER: memory.max = 12884901888
[2026-09-19T18:59:21-04:00] AFTER: memory.swap.max = 0
[2026-09-19T18:59:21-04:00] AFTER: memory.current = 141443072
[2026-09-19T18:59:21-04:00] AFTER: memory.swap.current = 0
[2026-09-19T18:59:21-04:00] AFTER: memory.peak = 142483456
[2026-09-19T18:59:21-04:00] AFTER: memory.swap.peak = 0
[2026-09-19T18:59:21-04:00] AFTER: memory.events = low 0 high 0 max 0 oom 0 oom_kill 0 oom_group_kill 0 sock_throttled 0 
[2026-09-19T18:59:21-04:00] OK: neural-fp8-42a89cfc17924bbd8d59d68dfb3f0cd4 now has memory.max=12884901888 and memory.swap.max=0 -- it cannot swap.
[2026-09-19T18:59:21-04:00] After the start, check: container pswpout ~0, memory.events max > 0, memory.events oom_kill = 0.
