CACHE prompt=prose2k variant=a cached_tokens=0 equal_tokens=True equal_logprobs=True ttft_cold=46.90 ttft_hit=46.85
CACHE prompt=prose2k variant=b cached_tokens=832 equal_tokens=True equal_logprobs=True ttft_cold=46.90 ttft_hit=0.24
CACHE prompt=prose2k variant=c cached_tokens=832 equal_tokens=True equal_logprobs=True ttft_cold=0.49 ttft_hit=0.24
CACHE prompt=prose2k variant=d cached_tokens=832 equal_tokens=True equal_logprobs=True ttft_cold=0.49 ttft_hit=0.25
CACHE prompt=prose2k variant=e cached_tokens=0 equal_tokens=True equal_logprobs=True ttft_cold=0.42 ttft_hit=0.42
CACHE prompt=prose2k variant=f0 cached_tokens=0 equal_tokens=True equal_logprobs=True ttft_cold=0.24 ttft_hit=0.24
CACHE prompt=prose2k variant=f cached_tokens=0 equal_tokens=True equal_logprobs=True ttft_cold=0.29 ttft_hit=0.30 expected_cached=832 (decode-made blocks; not in the pass rule)
CACHE prompt=code2k variant=a cached_tokens=0 equal_tokens=True equal_logprobs=True ttft_cold=0.72 ttft_hit=0.73
CACHE prompt=code2k variant=b cached_tokens=1664 equal_tokens=True equal_logprobs=True ttft_cold=0.72 ttft_hit=0.22
CACHE prompt=code2k variant=c cached_tokens=1664 equal_tokens=True equal_logprobs=True ttft_cold=0.72 ttft_hit=0.22
CACHE prompt=code2k variant=d cached_tokens=1664 equal_tokens=True equal_logprobs=True ttft_cold=0.74 ttft_hit=0.25
CACHE prompt=code2k variant=e cached_tokens=0 equal_tokens=True equal_logprobs=True ttft_cold=0.66 ttft_hit=0.67 expected_cached=832
CACHE prompt=code2k variant=f0 cached_tokens=832 equal_tokens=True equal_logprobs=True ttft_cold=0.49 ttft_hit=0.25
CACHE prompt=code2k variant=f cached_tokens=1664 equal_tokens=True equal_logprobs=True ttft_cold=0.55 ttft_hit=0.06 (decode-made blocks; not in the pass rule)
CACHE prompt=docs4k variant=a cached_tokens=0 equal_tokens=True equal_logprobs=True ttft_cold=1.34 ttft_hit=1.33
CACHE prompt=docs4k variant=b cached_tokens=4160 equal_tokens=True equal_logprobs=True ttft_cold=1.34 ttft_hit=0.06
CACHE prompt=docs4k variant=c cached_tokens=0 equal_tokens=True equal_logprobs=True ttft_cold=1.33 ttft_hit=1.34 expected_cached=3328
CACHE prompt=docs4k variant=d cached_tokens=4160 equal_tokens=True equal_logprobs=True ttft_cold=1.34 ttft_hit=0.07
CACHE prompt=docs4k variant=e cached_tokens=0 equal_tokens=True equal_logprobs=True ttft_cold=1.21 ttft_hit=1.22 expected_cached=1664
CACHE prompt=docs4k variant=f0 cached_tokens=3328 equal_tokens=True equal_logprobs=True ttft_cold=1.28 ttft_hit=0.26
CACHE prompt=docs4k variant=f cached_tokens=3328 equal_tokens=True equal_logprobs=True ttft_cold=1.33 ttft_hit=0.32 expected_cached=4160 (decode-made blocks; not in the pass rule)
CACHE prompt=prose4k variant=a cached_tokens=0 equal_tokens=True equal_logprobs=True ttft_cold=0.96 ttft_hit=0.97
CACHE prompt=prose4k variant=b cached_tokens=2496 equal_tokens=True equal_logprobs=True ttft_cold=0.96 ttft_hit=0.22
CACHE prompt=prose4k variant=c cached_tokens=2496 equal_tokens=True equal_logprobs=True ttft_cold=0.99 ttft_hit=0.23
CACHE prompt=prose4k variant=d cached_tokens=2496 equal_tokens=True equal_logprobs=True ttft_cold=0.98 ttft_hit=0.22
CACHE prompt=prose4k variant=e cached_tokens=0 equal_tokens=True equal_logprobs=True ttft_cold=0.93 ttft_hit=0.93 expected_cached=832
CACHE prompt=prose4k variant=f0 cached_tokens=832 equal_tokens=True equal_logprobs=True ttft_cold=0.75 ttft_hit=0.51 expected_cached=1664
CACHE prompt=prose4k variant=f cached_tokens=1664 equal_tokens=True equal_logprobs=True ttft_cold=0.81 ttft_hit=0.31 expected_cached=2496 (decode-made blocks; not in the pass rule)
CACHE prompt=code6k variant=a cached_tokens=0 equal_tokens=True equal_logprobs=True ttft_cold=2.06 ttft_hit=2.06
CACHE prompt=code6k variant=b cached_tokens=5824 equal_tokens=True equal_logprobs=True ttft_cold=2.06 ttft_hit=0.23
CACHE prompt=code6k variant=c cached_tokens=5824 equal_tokens=True equal_logprobs=True ttft_cold=2.06 ttft_hit=0.23
CACHE prompt=code6k variant=d cached_tokens=5824 equal_tokens=True equal_logprobs=True ttft_cold=2.06 ttft_hit=0.23
CACHE prompt=code6k variant=e cached_tokens=0 equal_tokens=True equal_logprobs=True ttft_cold=2.03 ttft_hit=2.04 expected_cached=2496
CACHE prompt=code6k variant=f0 cached_tokens=2496 equal_tokens=True equal_logprobs=True ttft_cold=1.82 ttft_hit=1.06 expected_cached=4992
CACHE prompt=code6k variant=f cached_tokens=4992 equal_tokens=True equal_logprobs=True ttft_cold=1.88 ttft_hit=0.33 expected_cached=5824 (decode-made blocks; not in the pass rule)
CACHE prompt=docs6k variant=a cached_tokens=0 equal_tokens=True equal_logprobs=True ttft_cold=1.79 ttft_hit=1.81
CACHE prompt=docs6k variant=b cached_tokens=4992 equal_tokens=True equal_logprobs=True ttft_cold=1.79 ttft_hit=0.24
CACHE prompt=docs6k variant=c cached_tokens=4992 equal_tokens=True equal_logprobs=True ttft_cold=1.79 ttft_hit=0.24
CACHE prompt=docs6k variant=d cached_tokens=4992 equal_tokens=True equal_logprobs=True ttft_cold=1.81 ttft_hit=0.26
CACHE prompt=docs6k variant=e cached_tokens=0 equal_tokens=True equal_logprobs=True ttft_cold=1.77 ttft_hit=1.77 expected_cached=2496
CACHE prompt=docs6k variant=f0 cached_tokens=2496 equal_tokens=True equal_logprobs=True ttft_cold=1.55 ttft_hit=0.79 expected_cached=4160
CACHE prompt=docs6k variant=f cached_tokens=4160 equal_tokens=True equal_logprobs=True ttft_cold=1.61 ttft_hit=0.33 expected_cached=4992 (decode-made blocks; not in the pass rule)
CACHE prompt=prose8k variant=a cached_tokens=0 equal_tokens=True equal_logprobs=True ttft_cold=2.77 ttft_hit=2.78
CACHE prompt=prose8k variant=b cached_tokens=8320 equal_tokens=True equal_logprobs=True ttft_cold=2.77 ttft_hit=0.14
CACHE prompt=prose8k variant=c cached_tokens=0 equal_tokens=True equal_logprobs=True ttft_cold=2.80 ttft_hit=2.80 expected_cached=7488
CACHE prompt=prose8k variant=d cached_tokens=8320 equal_tokens=True equal_logprobs=True ttft_cold=2.76 ttft_hit=0.12
CACHE prompt=prose8k variant=e cached_tokens=0 equal_tokens=True equal_logprobs=True ttft_cold=2.66 ttft_hit=2.66 expected_cached=4160
CACHE prompt=prose8k variant=f0 cached_tokens=7488 equal_tokens=True equal_logprobs=True ttft_cold=2.69 ttft_hit=0.30
CACHE prompt=prose8k variant=f cached_tokens=7488 equal_tokens=True equal_logprobs=True ttft_cold=2.72 ttft_hit=0.35 expected_cached=8320 (decode-made blocks; not in the pass rule)
CACHE prompt=docs8k variant=a cached_tokens=0 equal_tokens=True equal_logprobs=True ttft_cold=2.71 ttft_hit=2.73
CACHE prompt=docs8k variant=b cached_tokens=8320 equal_tokens=True equal_logprobs=True ttft_cold=2.71 ttft_hit=0.04
CACHE prompt=docs8k variant=c cached_tokens=0 equal_tokens=True equal_logprobs=True ttft_cold=2.69 ttft_hit=2.72 expected_cached=7488
CACHE prompt=docs8k variant=d cached_tokens=8320 equal_tokens=True equal_logprobs=True ttft_cold=2.73 ttft_hit=0.08
CACHE prompt=docs8k variant=e cached_tokens=0 equal_tokens=True equal_logprobs=True ttft_cold=2.59 ttft_hit=2.62 expected_cached=4160
CACHE prompt=docs8k variant=f0 cached_tokens=7488 equal_tokens=True equal_logprobs=True ttft_cold=2.66 ttft_hit=0.28
CACHE prompt=docs8k variant=f cached_tokens=7488 equal_tokens=True equal_logprobs=True ttft_cold=2.72 ttft_hit=0.35 expected_cached=8320 (decode-made blocks; not in the pass rule)
ledger3k/a: saved control has no case with these exact prompt tokens
