[review 09-17 11:19:55] ckpt-3 campaign start; git d5472e3a1; image sha256:7baa32bd3a4623e93ace18b369e366951fb4b618b17927450bbd9cce15cc4dc7
[review 09-17 11:19:55] two-card service status: ready
[review 09-17 11:20:02] service stop rc=0 
[review 09-17 11:20:05] GPUs free
[review 09-17 11:20:14] preflight-health: rc=0
[review 09-17 11:22:39] tp1-r311b-stock: ready 
[review 09-17 11:25:02] tp1-r311b-stock-strict: rc=0
[review 09-17 11:25:02] tp1-r311b-stock-strict-compare: rc=0
[review 09-17 11:25:02] tp1-r311b-stock: strict vs the 832 reference 12/12 at 53.486248714146 tok/s
[review 09-17 11:25:10] tp1-r311b-stock: final stopped stop_confirmed=True
[review 09-17 11:27:35] tp1-ckpt-mtp5: ready 
[review 09-17 11:29:56] tp1-ckpt-mtp5-strict: rc=0
[review 09-17 11:29:56] tp1-ckpt-mtp5-strict-compare: rc=0
[review 09-17 11:29:56] tp1-ckpt-mtp5: strict vs 896 reference 12/12 at 54.28271297183632 tok/s
[review 09-17 11:32:16] tp1-ckpt-mtp5-run2-strict: rc=0
[review 09-17 11:32:16] tp1-ckpt-mtp5-run2-strict-compare: rc=0
[review 09-17 11:41:15] tp1-ckpt-mtp5-ladder: rc=0
[review 09-17 11:41:15] tp1-ckpt-mtp5-ladder-compare: rc=0
[review 09-17 11:43:38] tp1-ckpt-mtp5-context: rc=0
[review 09-17 11:43:51] tp1-ckpt-mtp5-quality: rc=0
[review 09-17 11:43:51] tp1-ckpt-mtp5: ladder exact, context True, quality True/True -> all_exact=True
[review 09-17 11:44:02] tp1-ckpt-mtp5: final stopped stop_confirmed=True
[review 09-17 11:46:27] tp1-ckpt-32k: ready 
[review 09-17 11:48:47] tp1-ckpt-32k-strict: rc=0
[review 09-17 11:48:47] tp1-ckpt-32k-strict-compare: rc=0
[review 09-17 11:51:11] tp1-ckpt-32k-context: rc=0
[review 09-17 11:51:11] tp1-ckpt-32k-30720-context: rc=1
[review 09-17 11:51:11] tp1-ckpt-32k: strict 12/12 at 54.36241556751663 tok/s, context True, 30720 probe False
[review 09-17 11:51:19] tp1-ckpt-32k: final stopped stop_confirmed=True
[review 09-17 11:51:28] service-health: rc=0
