test_absent_native_trace_is_explicitly_unavailable (test_first_forward_probe.FirstForwardTests.test_absent_native_trace_is_explicitly_unavailable) ... ok
test_container_mount_layout_admits_without_runtime_or_worker (test_first_forward_probe.FirstForwardTests.test_container_mount_layout_admits_without_runtime_or_worker) ... ok
test_control_failure_never_runs_mixed (test_first_forward_probe.FirstForwardTests.test_control_failure_never_runs_mixed) ... ok
test_event_flushes_both_clocks_and_pid (test_first_forward_probe.FirstForwardTests.test_event_flushes_both_clocks_and_pid) ... ok
test_exact_pair_finishes_once (test_first_forward_probe.FirstForwardTests.test_exact_pair_finishes_once) ... ok
test_exception_object_is_not_retained_during_teardown (test_first_forward_probe.FirstForwardTests.test_exception_object_is_not_retained_during_teardown) ... ok
test_existing_receipt_is_never_overwritten (test_first_forward_probe.FirstForwardTests.test_existing_receipt_is_never_overwritten) ... ok
test_failed_release_does_not_report_success (test_first_forward_probe.FirstForwardTests.test_failed_release_does_not_report_success) ... ok
test_fault_after_mixed_never_compares (test_first_forward_probe.FirstForwardTests.test_fault_after_mixed_never_compares) ... ok
test_first_stop_reason_is_preserved (test_first_forward_probe.FirstForwardTests.test_first_stop_reason_is_preserved) ... ok
test_guardian_exact_clean_exit_passes_with_postflight (test_first_forward_probe.FirstForwardTests.test_guardian_exact_clean_exit_passes_with_postflight) ... ok
test_guardian_native_crash_latches_stop (test_first_forward_probe.FirstForwardTests.test_guardian_native_crash_latches_stop) ... ok
test_guardian_pass_requires_valid_rank_receipt (test_first_forward_probe.FirstForwardTests.test_guardian_pass_requires_valid_rank_receipt) ... ok
test_guardian_stop_before_spawn_refuses_without_child (test_first_forward_probe.FirstForwardTests.test_guardian_stop_before_spawn_refuses_without_child) ... ok
test_guardian_timeout_latches_stop_without_killing (test_first_forward_probe.FirstForwardTests.test_guardian_timeout_latches_stop_without_killing) ... ok
test_import_and_help_do_not_import_torch (test_first_forward_probe.FirstForwardTests.test_import_and_help_do_not_import_torch) ... ok
test_incomplete_shutdown_refuses (test_first_forward_probe.FirstForwardTests.test_incomplete_shutdown_refuses) ... ok
test_initial_fault_prevents_all_work (test_first_forward_probe.FirstForwardTests.test_initial_fault_prevents_all_work) ... ok
test_instrumentation_calls_real_stage_and_restores (test_first_forward_probe.FirstForwardTests.test_instrumentation_calls_real_stage_and_restores) ... ok
test_instrumentation_restores_even_on_failure (test_first_forward_probe.FirstForwardTests.test_instrumentation_restores_even_on_failure) ... ok
test_journal_fault_after_control_prevents_mixed (test_first_forward_probe.FirstForwardTests.test_journal_fault_after_control_prevents_mixed) ... ok
test_kernel_ir_is_saved_and_hashed (test_first_forward_probe.FirstForwardTests.test_kernel_ir_is_saved_and_hashed) ... ok
test_missing_rank_receipt_cannot_pass (test_first_forward_probe.FirstForwardTests.test_missing_rank_receipt_cannot_pass) ... ok
test_missing_teardown_refuses (test_first_forward_probe.FirstForwardTests.test_missing_teardown_refuses) ... ok
test_mixed_mismatch_fails_exact_gate (test_first_forward_probe.FirstForwardTests.test_mixed_mismatch_fails_exact_gate) ... ok
test_no_signal_kill_or_abrupt_exit_in_first_forward (test_first_forward_probe.FirstForwardTests.test_no_signal_kill_or_abrupt_exit_in_first_forward) ... ok
test_overlay_pin_and_closed_payload (test_first_forward_probe.FirstForwardTests.test_overlay_pin_and_closed_payload) ... ok
test_overlay_pin_refuses_before_loader_import (test_first_forward_probe.FirstForwardTests.test_overlay_pin_refuses_before_loader_import) ... ok
test_pre_stage_fault_never_calls_kernel (test_first_forward_probe.FirstForwardTests.test_pre_stage_fault_never_calls_kernel) ... ok
test_preservation_never_signals_or_exits (test_first_forward_probe.FirstForwardTests.test_preservation_never_signals_or_exits) ... ok
test_printed_command_keeps_single_device_and_pin (test_first_forward_probe.FirstForwardTests.test_printed_command_keeps_single_device_and_pin) ... ok
test_printer_requires_sha256 (test_first_forward_probe.FirstForwardTests.test_printer_requires_sha256) ... ok
test_production_geometry_and_exact_host_bytes (test_first_forward_probe.FirstForwardTests.test_production_geometry_and_exact_host_bytes) ... ok
test_refusal_does_not_spawn_or_import_torch (test_first_forward_probe.FirstForwardTests.test_refusal_does_not_spawn_or_import_torch) ... ok
test_routes_cover_every_host_row_and_both_placements (test_first_forward_probe.FirstForwardTests.test_routes_cover_every_host_row_and_both_placements) ... ok
test_source_hash_failure_is_terminal_before_spawn (test_first_forward_probe.FirstForwardTests.test_source_hash_failure_is_terminal_before_spawn) ... ok
test_teardown_calls_reviewed_shutdown_then_release (test_first_forward_probe.FirstForwardTests.test_teardown_calls_reviewed_shutdown_then_release) ... ok
test_both_printers_mount_and_forward_acceptance_readonly (test_owner_plumbing.OwnerPlumbingTests.test_both_printers_mount_and_forward_acceptance_readonly) ... ok
test_cpu_runner_rejects_device_open_audit_event (test_owner_plumbing.OwnerPlumbingTests.test_cpu_runner_rejects_device_open_audit_event) ... ok
test_direct_first_forward_worker_cannot_reuse_acceptance_implicitly (test_owner_plumbing.OwnerPlumbingTests.test_direct_first_forward_worker_cannot_reuse_acceptance_implicitly) ... ok
test_final_postflight_refusal_retains_counted_lines (test_owner_plumbing.OwnerPlumbingTests.test_final_postflight_refusal_retains_counted_lines) ... ok
test_matching_watcher_copies_audit_to_probe_receipt (test_owner_plumbing.OwnerPlumbingTests.test_matching_watcher_copies_audit_to_probe_receipt) ... ok
test_missing_health_watcher_still_records_acceptance (test_owner_plumbing.OwnerPlumbingTests.test_missing_health_watcher_still_records_acceptance) ... ok
test_slab_refusal_retains_acceptance_before_environment_gate (test_owner_plumbing.OwnerPlumbingTests.test_slab_refusal_retains_acceptance_before_environment_gate) ... ok
test_watcher_acceptance_must_match_in_both_directions (test_owner_plumbing.OwnerPlumbingTests.test_watcher_acceptance_must_match_in_both_directions) ... ok
test_watcher_refusal_records_new_fault_and_sha (test_owner_plumbing.OwnerPlumbingTests.test_watcher_refusal_records_new_fault_and_sha) ... ok
test_watcher_success_records_excluded_lines_and_sha (test_owner_plumbing.OwnerPlumbingTests.test_watcher_success_records_excluded_lines_and_sha) ... ok
test_complete_receipt (test_probe.ProbeTests.test_complete_receipt) ... ok
test_default_command_byte_for_byte (test_probe.ProbeTests.test_default_command_byte_for_byte) ... ok
test_exit_flag_plumbing_both_parsers (test_probe.ProbeTests.test_exit_flag_plumbing_both_parsers) ... ok
test_exit_modes_recorded_on_refusal (test_probe.ProbeTests.test_exit_modes_recorded_on_refusal) ... ok
test_failed_boot_refused (test_probe.ProbeTests.test_failed_boot_refused) ... ok
test_guardian_clean_exit_runs_atexit_abrupt_does_not (test_probe.ProbeTests.test_guardian_clean_exit_runs_atexit_abrupt_does_not) ... ok
test_guardian_records_native_signal_without_runtime_imports (test_probe.ProbeTests.test_guardian_records_native_signal_without_runtime_imports) ... skipped 'owner hard rule: never kill processes; test sends fatal SIGALRM'
test_health_wrong_boot_missing_evidence_age_and_future (test_probe.ProbeTests.test_health_wrong_boot_missing_evidence_age_and_future) ... ok
test_idle_watcher_stop_prevents_exit_marker (test_probe.ProbeTests.test_idle_watcher_stop_prevents_exit_marker) ... ok
test_invalid_exit_modes_refused_before_receipt_or_import (test_probe.ProbeTests.test_invalid_exit_modes_refused_before_receipt_or_import) ... ok
test_kernel_contract_and_single_launch_sync (test_probe.ProbeTests.test_kernel_contract_and_single_launch_sync) ... ok
test_misaligned_pointer_refused (test_probe.ProbeTests.test_misaligned_pointer_refused) ... ok
test_missing_admission_and_conflicting_aliases (test_probe.ProbeTests.test_missing_admission_and_conflicting_aliases) ... ok
test_overlay_changed_hash_refuses (test_probe.ProbeTests.test_overlay_changed_hash_refuses) ... ok
test_overlay_closure_matches_remedy_a (test_probe.ProbeTests.test_overlay_closure_matches_remedy_a) ... ok
test_overlay_command_order_env_and_cli (test_probe.ProbeTests.test_overlay_command_order_env_and_cli) ... ok
test_overlay_missing_file_refuses (test_probe.ProbeTests.test_overlay_missing_file_refuses) ... ok
test_postflight_requires_a_new_sample (test_probe.ProbeTests.test_postflight_requires_a_new_sample) ... ok
test_queue_query_uses_launch_context_and_both_pointers (test_probe.ProbeTests.test_queue_query_uses_launch_context_and_both_pointers) ... ok
test_receipt_records_runtime_and_render_environment_on_refusal (test_probe.ProbeTests.test_receipt_records_runtime_and_render_environment_on_refusal) ... ok
test_refusal_subprocess_never_imports_torch (test_probe.ProbeTests.test_refusal_subprocess_never_imports_torch) ... ok
test_signed_offsets_positive_negative_and_wrap (test_probe.ProbeTests.test_signed_offsets_positive_negative_and_wrap) ... ok
test_watcher_health_hash_mismatch (test_probe.ProbeTests.test_watcher_health_hash_mismatch) ... ok
test_watcher_stale_failed_or_stopped_refuses (test_probe.ProbeTests.test_watcher_stale_failed_or_stopped_refuses) ... ok
test_wrapper_one_device_no_network_exact_image_env (test_probe.ProbeTests.test_wrapper_one_device_no_network_exact_image_env) ... ok
test_wrapper_only_prints (test_probe.ProbeTests.test_wrapper_only_prints) ... ok
test_existing_stop_and_fault_survive_admission_refusal (test_watcher_admission.WatcherAdmissionTests.test_existing_stop_and_fault_survive_admission_refusal) ... ok
test_existing_stop_and_fault_survive_timeout (test_watcher_admission.WatcherAdmissionTests.test_existing_stop_and_fault_survive_timeout) ... ok
test_incomplete_refusal_markers_do_not_end_monitoring (test_watcher_admission.WatcherAdmissionTests.test_incomplete_refusal_markers_do_not_end_monitoring) ... ok
test_missing_receipt_retains_timeout (test_watcher_admission.WatcherAdmissionTests.test_missing_receipt_retains_timeout) ... ok
test_new_fault_takes_precedence_over_terminal_refusal (test_watcher_admission.WatcherAdmissionTests.test_new_fault_takes_precedence_over_terminal_refusal) ... ok
test_old_skeletal_admission_receipt_does_not_end_monitoring (test_watcher_admission.WatcherAdmissionTests.test_old_skeletal_admission_receipt_does_not_end_monitoring) ... ok
test_original_post_worker_handshake_requires_fresh_read (test_watcher_admission.WatcherAdmissionTests.test_original_post_worker_handshake_requires_fresh_read) ... ok
test_refusal_requires_journal_read_started_after_refusal (test_watcher_admission.WatcherAdmissionTests.test_refusal_requires_journal_read_started_after_refusal) ... ok
test_started_worker_cannot_be_classified_as_admission_refusal (test_watcher_admission.WatcherAdmissionTests.test_started_worker_cannot_be_classified_as_admission_refusal) ... ok
test_terminal_refusal_finishes_promptly_with_failure_and_reason (test_watcher_admission.WatcherAdmissionTests.test_terminal_refusal_finishes_promptly_with_failure_and_reason) ... ok
test_worker_identifiers_prevent_admission_shortcut (test_watcher_admission.WatcherAdmissionTests.test_worker_identifiers_prevent_admission_shortcut) ... ok
test_wrong_schema_and_unconfirmed_failure_do_not_end_monitoring (test_watcher_admission.WatcherAdmissionTests.test_wrong_schema_and_unconfirmed_failure_do_not_end_monitoring) ... ok

----------------------------------------------------------------------
Ran 85 tests in 0.861s

OK (skipped=1)
