run1 rc=0 name=duet-20261004T034605Z
preflight: VAE_AUTOCAST=off (exact fp32 decode)
  MATCH    video_tensor_sha256  3737bdc71491efb6... / 3737bdc71491efb6...
  MATCH    audio_tensor_sha256  2d4cc5164b183b4e... / 2d4cc5164b183b4e...
  MATCH    video_latents_sha256  b1d5af6748e38b87... / b1d5af6748e38b87...
  MATCH    audio_latents_sha256  0755439d7c0299fd... / 0755439d7c0299fd...
REPEAT GATE: bytewise-equal
run2 rc=0 name=duet-20261004T035024Z
preflight: VAE_AUTOCAST=off (exact fp32 decode)
  MATCH    video_tensor_sha256  3737bdc71491efb6... / 3737bdc71491efb6...
  MATCH    audio_tensor_sha256  2d4cc5164b183b4e... / 2d4cc5164b183b4e...
  MATCH    video_latents_sha256  b1d5af6748e38b87... / b1d5af6748e38b87...
  MATCH    audio_latents_sha256  0755439d7c0299fd... / 0755439d7c0299fd...
REPEAT GATE: bytewise-equal
clip-00: clip.mp4 identical=True (6bb53e00ab01c245), four tensor hashes identical=True, decode.video [52.4]
clip-01: clip.mp4 identical=True (466f727392542a88), four tensor hashes identical=True, decode.video [41.1]
DETERMINISM GATE: PASS
run3 rc=0 name=duet-20261004T035545Z
  MATCH    video_tensor_sha256  3737bdc71491efb6... / 3737bdc71491efb6...
  MATCH    audio_tensor_sha256  2d4cc5164b183b4e... / 2d4cc5164b183b4e...
  MATCH    video_latents_sha256  b1d5af6748e38b87... / b1d5af6748e38b87...
  MATCH    audio_latents_sha256  0755439d7c0299fd... / 0755439d7c0299fd...
REPEAT GATE: bytewise-equal
/dev/shm after the run: psm_70cda282 psm_7f79331f psm_b159a661 psm_cff1bf28 psm_d1b3cc70 psm_e1ce70d3 psm_e4f54f3c psm_fce7167e sem.loky-249-5jpkfq1k sem.loky-252-yier1_e1 sem.loky-276-18gy3r7g sem.loky-279-nz7jw3ik 
decode logs kept: 4 file(s)
clip-00 6bb53e00ab01c245
clip-01 466f727392542a88
