test_candidate_placement_rechecks_individual_tensor_records (__main__.ClientGates.test_candidate_placement_rechecks_individual_tensor_records) ... ok
test_graph_preserves_quality_and_forces_diagnostic_dependency (__main__.ClientGates.test_graph_preserves_quality_and_forces_diagnostic_dependency) ... ok
test_identity_rejects_endpoint_process_and_artifact_mismatch (__main__.ClientGates.test_identity_rejects_endpoint_process_and_artifact_mismatch) ... ok
test_schedule_bound_and_initialization_separation (__main__.ClientGates.test_schedule_bound_and_initialization_separation) ... ok
test_unload_rechecks_registered_ownership_device_and_accounting (__main__.ClientGates.test_unload_rechecks_registered_ownership_device_and_accounting) ... ok
test_finite_campaign_compares_initializations_and_prunes_only_owned_passes (__main__.SimulatedCampaign.test_finite_campaign_compares_initializations_and_prunes_only_owned_passes) ... {"run": "encoder-screen-01-r01-control-boat", "status": "passed", "completed": 1, "initialization": true, "preview_ready_seconds": 7.0}
{"run": "encoder-screen-01-r02-control-boat", "status": "passed", "completed": 2, "initialization": false, "preview_ready_seconds": 7.0}
{"run": "encoder-screen-01-r03-control-marble", "status": "passed", "completed": 3, "initialization": false, "preview_ready_seconds": 7.0}
{"run": "encoder-screen-01-r04-control-bird", "status": "passed", "completed": 4, "initialization": false, "preview_ready_seconds": 7.0}
{"run": "encoder-screen-01-r05-control-boat", "status": "passed", "completed": 5, "initialization": false, "preview_ready_seconds": 7.0}
{"run": "encoder-screen-01-r06-crop-boat", "status": "passed", "completed": 6, "initialization": true, "preview_ready_seconds": 7.0}
{"run": "encoder-screen-01-r07-crop-boat", "status": "passed", "completed": 7, "initialization": false, "preview_ready_seconds": 7.0}
{"run": "encoder-screen-01-r08-crop-marble", "status": "passed", "completed": 8, "initialization": false, "preview_ready_seconds": 7.0}
{"run": "encoder-screen-01-r09-crop-bird", "status": "passed", "completed": 9, "initialization": false, "preview_ready_seconds": 7.0}
{"run": "encoder-screen-01-r10-crop-boat", "status": "passed", "completed": 10, "initialization": false, "preview_ready_seconds": 7.0}
{"run": "encoder-screen-01-r11-small-state-boat", "status": "passed", "completed": 11, "initialization": true, "preview_ready_seconds": 7.0}
{"run": "encoder-screen-01-r12-small-state-boat", "status": "passed", "completed": 12, "initialization": false, "preview_ready_seconds": 7.0}
{"run": "encoder-screen-01-r13-small-state-marble", "status": "passed", "completed": 13, "initialization": false, "preview_ready_seconds": 7.0}
{"run": "encoder-screen-01-r14-small-state-bird", "status": "passed", "completed": 14, "initialization": false, "preview_ready_seconds": 7.0}
{"run": "encoder-screen-01-r15-small-state-boat", "status": "passed", "completed": 15, "initialization": false, "preview_ready_seconds": 7.0}
{"run": "encoder-screen-01-r16-combined-boat", "status": "passed", "completed": 16, "initialization": true, "preview_ready_seconds": 7.0}
{"run": "encoder-screen-01-r17-combined-boat", "status": "passed", "completed": 17, "initialization": false, "preview_ready_seconds": 7.0}
{"run": "encoder-screen-01-r18-combined-marble", "status": "passed", "completed": 18, "initialization": false, "preview_ready_seconds": 7.0}
{"run": "encoder-screen-01-r19-combined-bird", "status": "passed", "completed": 19, "initialization": false, "preview_ready_seconds": 7.0}
{"run": "encoder-screen-01-r20-combined-boat", "status": "passed", "completed": 20, "initialization": false, "preview_ready_seconds": 7.0}
{"run": "encoder-screen-01-r21-control-boat", "status": "passed", "completed": 21, "initialization": true, "preview_ready_seconds": 7.0}
{"run": "encoder-screen-01-r22-control-boat", "status": "passed", "completed": 22, "initialization": false, "preview_ready_seconds": 7.0}
{"run": "encoder-screen-01-r23-control-marble", "status": "passed", "completed": 23, "initialization": false, "preview_ready_seconds": 7.0}
{"run": "encoder-screen-01-r24-control-bird", "status": "passed", "completed": 24, "initialization": false, "preview_ready_seconds": 7.0}
{"run": "encoder-screen-01-r25-control-boat", "status": "passed", "completed": 25, "initialization": false, "preview_ready_seconds": 7.0}
ok
test_first_failure_halts_without_retry_and_preserves_failed_outputs (__main__.SimulatedCampaign.test_first_failure_halts_without_retry_and_preserves_failed_outputs) ... {"run": "encoder-screen-01-r01-control-boat", "status": "passed", "completed": 1, "initialization": true, "preview_ready_seconds": 7.0}
ok
test_next_preflight_failure_preserves_prior_passed_status (__main__.SimulatedCampaign.test_next_preflight_failure_preserves_prior_passed_status) ... {"run": "encoder-screen-01-r01-control-boat", "status": "passed", "completed": 1, "initialization": true, "preview_ready_seconds": 7.0}
ok

----------------------------------------------------------------------
Ran 8 tests in 0.517s

OK
