test_check_only_does_not_touch_locks_or_create_run (__main__.Tests.test_check_only_does_not_touch_locks_or_create_run) ... ok
test_custom_node_digest_must_equal_imported_helper (__main__.Tests.test_custom_node_digest_must_equal_imported_helper) ... ok
test_extra_file_and_symlink_fail (__main__.Tests.test_extra_file_and_symlink_fail) ... ok
test_manifest_and_source_tampering_fail (__main__.Tests.test_manifest_and_source_tampering_fail) ... ok
test_ownership_failure_precedes_torch_import_and_run_creation (__main__.Tests.test_ownership_failure_precedes_torch_import_and_run_creation) ... ok
test_packet_exact_hashes_pass (__main__.Tests.test_packet_exact_hashes_pass) ... ok
test_receipt_creation_refuses_overwrite (__main__.Tests.test_receipt_creation_refuses_overwrite) ... ok
test_traversal_manifest_path_fails (__main__.Tests.test_traversal_manifest_path_fails) ... ok

----------------------------------------------------------------------
Ran 8 tests in 0.031s

OK
{
  "passed": true,
  "tests_run": 8,
  "source_sha256s": {
    "test-encoder-startup.py": "27532ddd19e95283c834d1dbf5afbda6966edde46430005b8adf5c532f8e4993",
    "serve-encoder.py": "9668e487ace20a8dc600d9c88fedd5df9eb7fef90f058437c8fcba19bbf3e619",
    "encoder_runtime_common.py": "81a1ca4476eff3dc733b923b06ed166a5827b71f5ab9296321c5b1a5211ce26a"
  },
  "scope": "CPU rejection tests only; no GPU or server launch"
}
