test_actual_dtype_and_option_mismatch_fail (__main__.Tests.test_actual_dtype_and_option_mismatch_fail) ... ok
test_additive_resident_hook_runs_through_all_variants (__main__.Tests.test_additive_resident_hook_runs_through_all_variants) ... ok
test_control_reports_observed_cpu_placement_without_candidate_requirements (__main__.Tests.test_control_reports_observed_cpu_placement_without_candidate_requirements) ... ok
test_fault_bad_name_and_existing_receipt_reject (__main__.Tests.test_fault_bad_name_and_existing_receipt_reject) ... ok
test_graph_api_has_no_expectation_override (__main__.Tests.test_graph_api_has_no_expectation_override) ... ok
test_metadata_reads_no_tensor_content_and_returns_same_conditioning (__main__.Tests.test_metadata_reads_no_tensor_content_and_returns_same_conditioning) ... ok
test_missing_accounting_marker_fails (__main__.Tests.test_missing_accounting_marker_fails) ... ok
test_production_expectations_reject_cpu_fixture_and_record_failure (__main__.Tests.test_production_expectations_reject_cpu_fixture_and_record_failure) ... ok
test_unload_gate_records_and_rejects_missing_detach (__main__.Tests.test_unload_gate_records_and_rejects_missing_detach) ... ok
test_unload_receipt_keeps_owners_values_and_clears_accounting (__main__.Tests.test_unload_receipt_keeps_owners_values_and_clears_accounting) ... ok

----------------------------------------------------------------------
Ran 10 tests in 0.920s

OK
{
  "passed": true,
  "tests_run": 10,
  "source_commit": "19e1058f4c445ef74047e77a23f9ca7684c1e4b6",
  "artifact_sha256": {
    "scripts/encoder_diagnostics.py": "f16d8cefa02dd7557c13348a95e6c0ce07a42c4d0f46b36329ab1c4f182a439a",
    "patches/resident-node-encoder-diagnostics.patch": "b43f259c0008f9bbdac220b07267f51ddb15e0d604eeb1dce601c5b597de4a7a"
  },
  "scope": "Metadata-only CPU real tiny Gemma4; no GPU residency, latency or full-checkpoint proof"
}
