test_actual_saved_control_metadata_contract (__main__.Tests.test_actual_saved_control_metadata_contract) ... ok
test_both_retirements_and_incomplete_restoration_reject (__main__.Tests.test_both_retirements_and_incomplete_restoration_reject) ... ok
test_bounded_header_identity_rejects_length_hash_extent_and_mutation (__main__.Tests.test_bounded_header_identity_rejects_length_hash_extent_and_mutation) ... ok
test_cold_budget_boundary_identity_and_no_swap_credit (__main__.Tests.test_cold_budget_boundary_identity_and_no_swap_credit) ... ok
test_cold_header_and_config_checks_precede_fresh_meminfo (__main__.Tests.test_cold_header_and_config_checks_precede_fresh_meminfo) ... ok
test_component_sequence_and_initial_cpu (__main__.Tests.test_component_sequence_and_initial_cpu) ... ok
test_component_v2_shared_owners_and_geometry_refusals (__main__.Tests.test_component_v2_shared_owners_and_geometry_refusals) ... ok
test_exact_node_registration_contract (__main__.Tests.test_exact_node_registration_contract) ... ok
test_frozen_numerical_and_error_handling_functions_unchanged (__main__.Tests.test_frozen_numerical_and_error_handling_functions_unchanged) ... ok
test_geometry_and_individual_state_rejections (__main__.Tests.test_geometry_and_individual_state_rejections) ... ok
test_graph_packet_scope_and_no_native_imports (__main__.Tests.test_graph_packet_scope_and_no_native_imports) ... ok
test_identity_metadata_and_accounting_rejections (__main__.Tests.test_identity_metadata_and_accounting_rejections) ... ok
test_initial_control_host_and_new_encode (__main__.Tests.test_initial_control_host_and_new_encode) ... ok
test_memory_raw_floor_no_swap_and_all_standalone_stages (__main__.Tests.test_memory_raw_floor_no_swap_and_all_standalone_stages) ... ok
test_owner_continuity_and_repeated_encode_rejections (__main__.Tests.test_owner_continuity_and_repeated_encode_rejections) ... ok
test_request_error_remains_primary_with_missing_server_snapshot (__main__.Tests.test_request_error_remains_primary_with_missing_server_snapshot) ... ok
test_retired_weakrefs_and_native_registry_refusals (__main__.Tests.test_retired_weakrefs_and_native_registry_refusals) ... ok
test_schedule_pair_sign_and_finite_timing (__main__.Tests.test_schedule_pair_sign_and_finite_timing) ... ok

----------------------------------------------------------------------
Ran 18 tests in 0.299s

OK
