{
  "status": "inactive-startup-check-passed",
  "run_dir": "/mnt/fast-ai/bench-results/ltx25-baseline-20260913/encoder-server-host-embedding-11",
  "packet_manifest_sha256": "34b7ff2f7a74b6951f87dd2621738b37930d15a5de9d064409c8b12351adcf08",
  "server_args": [
    "/mnt/fast-ai/bench-results/ltx25-baseline-20260913/prepared-encoder-host-embedding-11/source/main.py",
    "--listen",
    "127.0.0.1",
    "--port",
    "8188",
    "--disable-auto-launch",
    "--cache-none",
    "--deterministic",
    "--disable-async-offload",
    "--disable-dynamic-vram",
    "--disable-comfy-compiler",
    "--disable-cuda-graphs",
    "--disable-pinned-memory",
    "--reserve-vram",
    "6",
    "--bf16-unet",
    "--bf16-text-enc",
    "--bf16-vae",
    "--use-pytorch-cross-attention",
    "--disable-xformers",
    "--disable-api-nodes",
    "--extra-model-paths-config",
    "/mnt/fast-ai/bench-results/ltx25-baseline-20260913/prepared-encoder-host-embedding-11/model-paths.yaml",
    "--output-directory",
    "/mnt/fast-ai/bench-results/ltx25-baseline-20260913/output",
    "--user-directory",
    "/mnt/fast-ai/bench-results/ltx25-baseline-20260913/encoder-server-host-embedding-11/user",
    "--temp-directory",
    "/mnt/fast-ai/bench-results/ltx25-baseline-20260913/encoder-server-host-embedding-11/temp",
    "--input-directory",
    "/mnt/fast-ai/bench-results/ltx25-baseline-20260913/encoder-server-host-embedding-11/input",
    "--disable-all-custom-nodes",
    "--whitelist-custom-nodes",
    "ltx_speed_lab",
    "ltx_baseline_capture",
    "ltx_encoder_diagnostics",
    "ltx_encoder_identity",
    "ltx_block_compile_lab",
    "ltx_multiblock_compile_lab",
    "ltx_na_axis_decode_lab",
    "ltx_host_embedding_lab"
  ],
  "limits": "No device discovery, locks, process changes or GPU work; exclusive preflight occurs only at launch"
}
