test_bad_owner (multiblock_receipts_contract_tests.Contracts.test_bad_owner) ... ok
test_bool_compiler_option (multiblock_receipts_contract_tests.Contracts.test_bool_compiler_option) ... ok
test_bool_qualification (multiblock_receipts_contract_tests.Contracts.test_bool_qualification) ... ok
test_changed_limits (multiblock_receipts_contract_tests.Contracts.test_changed_limits) ... ok
test_changed_pin (multiblock_receipts_contract_tests.Contracts.test_changed_pin) ... ok
test_cold_fallback_zero_graphs (multiblock_receipts_contract_tests.Contracts.test_cold_fallback_zero_graphs) ... ok
test_cross_block_graph_symlink (multiblock_receipts_contract_tests.Contracts.test_cross_block_graph_symlink) ... ok
test_extra_graph (multiblock_receipts_contract_tests.Contracts.test_extra_graph) ... ok
test_forged_parity_flag (multiblock_receipts_contract_tests.Contracts.test_forged_parity_flag) ... ok
test_forged_pass_missing_call (multiblock_receipts_contract_tests.Contracts.test_forged_pass_missing_call) ... ok
test_graph_break (multiblock_receipts_contract_tests.Contracts.test_graph_break) ... ok
test_graph_receipt_drift (multiblock_receipts_contract_tests.Contracts.test_graph_receipt_drift) ... ok
test_graph_source_drift (multiblock_receipts_contract_tests.Contracts.test_graph_source_drift) ... ok
test_incomplete_final_stage (multiblock_receipts_contract_tests.Contracts.test_incomplete_final_stage) ... ok
test_invalid_run_name (multiblock_receipts_contract_tests.Contracts.test_invalid_run_name) ... ok
test_original_rejects_block_receipts (multiblock_receipts_contract_tests.Contracts.test_original_rejects_block_receipts) ... ok
test_state_census_size (multiblock_receipts_contract_tests.Contracts.test_state_census_size) ... ok
test_swapped_block (multiblock_receipts_contract_tests.Contracts.test_swapped_block) ... ok
test_swapped_device (multiblock_receipts_contract_tests.Contracts.test_swapped_device) ... ok
test_swapped_selection (multiblock_receipts_contract_tests.Contracts.test_swapped_selection) ... ok
test_symlink_call (multiblock_receipts_contract_tests.Contracts.test_symlink_call) ... ok
test_unequal_bytes (multiblock_receipts_contract_tests.Contracts.test_unequal_bytes) ... ok
test_valid_all_selections_and_modes (multiblock_receipts_contract_tests.Contracts.test_valid_all_selections_and_modes) ... ok
test_valid_cold (multiblock_receipts_contract_tests.Contracts.test_valid_cold) ... ok
test_warm_new_stage_mismatch (multiblock_receipts_contract_tests.Contracts.test_warm_new_stage_mismatch) ... ok
test_warm_recompile (multiblock_receipts_contract_tests.Contracts.test_warm_recompile) ... ok
test_wrong_operation_census (multiblock_receipts_contract_tests.Contracts.test_wrong_operation_census) ... ok

----------------------------------------------------------------------
Ran 27 tests in 0.632s

OK
