=== 2026-09-17T02:58:12Z waiting for server health
=== 2026-09-17T02:58:22Z server pid 4523 up
=== 2026-09-17T02:58:22Z 1 warm clip on the pipe graph
{
  "run": "g61-warm",
  "preview_ready_seconds": 74.24284545199998,
  "total_seconds": 76.22420699099996,
  "nodes": [
    {
      "node": "420",
      "class_type": "LTXHostEmbeddingComponents",
      "wall_s": 22.8917,
      "cpu_core_s": 157.74,
      "cpu_per_wall": 6.891
    },
    {
      "node": "423",
      "class_type": "LTXVAEGraphGate",
      "wall_s": 0.0033,
      "cpu_core_s": 0.02,
      "cpu_per_wall": 6.055
    },
    {
      "node": "395",
      "class_type": "ManualSigmas",
      "wall_s": 0.0002,
      "cpu_core_s": 0.0,
      "cpu_per_wall": 0.0
    },
    {
      "node": "341",
      "class_type": "KSamplerSelect",
      "wall_s": 0.0002,
      "cpu_core_s": 0.0,
      "cpu_per_wall": 0.0
    },
    {
      "node": "338",
      "class_type": "RandomNoise",
      "wall_s": 0.0001,
      "cpu_core_s": 0.0,
      "cpu_per_wall": 0.0
    },
    {
      "node": "429",
      "class_type": "LTXUpsamplerGraphGate",
      "wall_s": 0.0016,
      "cpu_core_s": 0.0,
      "cpu_per_wall": 0.0
    },
    {
      "node": "404",
      "class_type": "ManualSigmas",
      "wall_s": 0.0002,
      "cpu_core_s": 0.0,
      "cpu_per_wall": 0.0
    },
    {
      "node": "352",
      "class_type": "KSamplerSelect",
      "wall_s": 0.0001,
      "cpu_core_s": 0.0,
      "cpu_per_wall": 0.0
    },
    {
      "node": "339",
      "class_type": "RandomNoise",
      "wall_s": 0.0002,
      "cpu_core_s": 0.0,
      "cpu_per_wall": 0.0
    },
    {
      "node": "356",
      "class_type": "EmptyLTXVLatentVideo",
      "wall_s": 0.0003,
      "cpu_core_s": 0.0,
      "cpu_per_wall": 0.0
    },
    {
      "node": "366",
      "class_type": "LTXVEmptyLatentAudio",
      "wall_s": 0.0002,
      "cpu_core_s": 0.0,
      "cpu_per_wall": 0.0
    },
    {
      "node": "377",
      "class_type": "LTXVConcatAVLatent",
      "wall_s": 0.0002,
      "cpu_core_s": 0.0,
      "cpu_per_wall": 0.0
    },
    {
      "node": "425",
      "class_type": "LTXTextEncoderGraphGate",
      "wall_s": 0.0062,
      "cpu_core_s": 0.0,
      "cpu_per_wall": 0.0
    },
    {
      "node": "364",
      "class_type": "LTXPipelineTextEncode",
      "wall_s": 20.7177,
      "cpu_core_s": 19.7,
      "cpu_per_wall": 0.951
    },
    {
      "node": "365",
      "class_type": "LTXVConditioning",
      "wall_s": 0.0002,
      "cpu_core_s": 0.0,
      "cpu_per_wall": 0.0
    },
    {
      "node": "424",
      "class_type": "LTXFusionGate",
      "wall_s": 0.002,
      "cpu_core_s": 0.0,
      "cpu_per_wall": 0.0
    },
    {
      "node": "427",
      "class_type": "LTXConcurrentCFG",
      "wall_s": 0.0008,
      "cpu_core_s": 0.0,
      "cpu_per_wall": 0.0
    },
    {
      "node": "422",
      "class_type": "LTXGraphCaptureGate",
      "wall_s": 0.0207,
      "cpu_core_s": 0.15,
      "cpu_per_wall": 7.252
    },
    {
      "node": "388",
      "class_type": "LTXVDualCFGGuider",
      "wall_s": 0.0002,
      "cpu_core_s": 0.0,
      "cpu_per_wall": 0.0
    },
    {
      "node": "344",
      "class_type": "SamplerCustomAdvanced",
      "wall_s": 14.9016,
      "cpu_core_s": 14.27,
      "cpu_per_wall": 0.958
    },
    {
      "node": "367",
      "class_type": "LTXVSeparateAVLatent",
      "wall_s": 0.0003,
      "cpu_core_s": 0.0,
      "cpu_per_wall": 0.0
    },
    {
      "node": "348",
      "class_type": "LTXVLatentUpsampler",
      "wall_s": 0.3666,
      "cpu_core_s": 0.35,
      "cpu_per_wall": 0.955
    },
    {
      "node": "340",
      "class_type": "LTXVConcatAVLatent",
      "wall_s": 0.0003,
      "cpu_core_s": 0.0,
      "cpu_per_wall": 0.0
    },
    {
      "node": "391",
      "class_type": "LTXVDualCFGGuider",
      "wall_s": 0.0002,
      "cpu_core_s": 0.0,
      "cpu_per_wall": 0.0
    },
    {
      "node": "368",
      "class_type": "SamplerCustomAdvanced",
      "wall_s": 4.19,
      "cpu_core_s": 3.94,
      "cpu_per_wall": 0.94
    },
    {
      "node": "369",
      "class_type": "LTXVSeparateAVLatent",
      "wall_s": 0.0003,
      "cpu_core_s": 0.0,
      "cpu_per_wall": 0.0
    },
    {
      "node": "426",
      "class_type": "LTXPipelineDecode",
      "wall_s": 10.9078,
      "cpu_core_s": 10.64,
      "cpu_per_wall": 0.975
    },
    {
      "node": "414",
      "class_type": "LTXBaselineCapture",
      "wall_s": 0.0495,
      "cpu_core_s": 0.09,
      "cpu_per_wall": 1.819
    },
    {
      "node": "370",
      "class_type": "CreateVideo",
      "wall_s": 0.0005,
      "cpu_core_s": 0.0,
      "cpu_per_wall": 0.0
    },
    {
      "node": "75",
      "class_type": "SaveVideo",
      "wall_s": 2.1201,
      "cpu_core_s": 0.97,
      "cpu_per_wall": 0.458
    }
  ],
  "sampler_wall_s": 19.0916,
  "sampler_cpu_core_s": 18.21,
  "sampler_cpu_per_wall": 0.954,
  "parity_status": "passed",
  "bitwise_all_equal": true,
  "comparisons": [
    "audio_latent",
    "images",
    "video_latent",
    "waveform"
  ]
}
=== 2026-09-17T02:59:40Z 2 upsampler eager timing, pipe-uptime arm, 12 prompts
queued 12 prompts (10 fixtures) in 0.04 s
  done f61-uptime-00 (boat) at +5.029 s
  done f61-uptime-01 (marble) at +7.498 s
  done f61-uptime-02 (bird) at +10.199 s
  done f61-uptime-03 (pendulum) at +12.638 s
  done f61-uptime-04 (rain) at +15.127 s
  done f61-uptime-05 (paper) at +17.579 s
  done f61-uptime-06 (candle) at +20.278 s
  done f61-uptime-07 (pour) at +22.723 s
  done f61-uptime-08 (fabric) at +25.165 s
  done f61-uptime-09 (wheel) at +27.609 s
  done f61-uptime-10 (boat) at +30.346 s
  done f61-uptime-11 (marble) at +32.576 s
  f61-uptime-00 emitted clip 0 (boat) vs baseline-01: EXACT
  f61-uptime-01 emitted clip 0 (boat) vs baseline-01: EXACT [fill]
  f61-uptime-02 emitted clip 1 (marble) vs speed-oracle-marble: EXACT
  f61-uptime-03 emitted clip 2 (bird) vs speed-oracle-bird: EXACT
  f61-uptime-04 emitted clip 3 (pendulum) vs stability-01-r01-pendulum: EXACT
  f61-uptime-05 emitted clip 4 (rain) vs stability-01-r01-rain: EXACT
  f61-uptime-06 emitted clip 5 (paper) vs stability-01-r01-paper: EXACT
  f61-uptime-07 emitted clip 6 (candle) vs stability-01-r01-candle: EXACT
  f61-uptime-08 emitted clip 7 (pour) vs stability-01-r01-pour: EXACT
  f61-uptime-09 emitted clip 8 (fabric) vs stability-01-r01-fabric: EXACT
  f61-uptime-10 emitted clip 9 (wheel) vs stability-01-r01-wheel: EXACT
  f61-uptime-11 emitted clip 10 (boat) vs baseline-01: EXACT
{
  "schema": "ltx.throughput-fixtures.v1",
  "prefix": "f61-uptime",
  "arm": "pipe-uptime",
  "index_base": 1000,
  "graph": "/mnt/fast-ai/bench-results/ltx25-baseline-20260913/prepared-encoder-graph-capture-61/graphs/graph-capture-all48-pipe-uptime.json",
  "server_run": "/mnt/fast-ai/bench-results/ltx25-baseline-20260913/encoder-server-graph-capture-61",
  "count": 12,
  "fixture_count": 10,
  "distinct_clips_emitted": 11,
  "fills_excluded": [
    "f61-uptime-01"
  ],
  "all_exact": true,
  "intervals_between_distinct_clips_s": [
    5.17,
    2.439,
    2.489,
    2.452,
    2.699,
    2.445,
    2.442,
    2.444,
    2.737,
    2.23
  ],
  "steady_mean_s": 2.486333333333333,
  "steady_p95_s": 2.737,
  "steady_min_s": 2.23,
  "steady_max_s": 2.737,
  "seconds_of_wall_per_second_of_video": 2.3868799999999997,
  "effective_fps": 10.054967153773966,
  "definition": "interval between server execution_success timestamps of consecutive distinct emitted clips; the first such interval is excluded from the mean; fills are prompts that re-emit an already-emitted clip during pipeline fill"
}
=== 2026-09-17T03:00:28Z 3 upsampler graph capture, pipe-up arm, 20 prompts
queued 20 prompts (10 fixtures) in 0.31 s
EXECUTION ERROR in f61-up-00: RuntimeError | Upsampler is shadowed in mode timed; run the restored mode before switching

=== 2026-09-17T03:00:28Z pipe-up stream failed
