test_absent_native_trace_is_explicitly_unavailable (test_first_forward_probe.FirstForwardTests.test_absent_native_trace_is_explicitly_unavailable) ... ok
test_control_failure_never_runs_mixed (test_first_forward_probe.FirstForwardTests.test_control_failure_never_runs_mixed) ... ok
test_event_flushes_both_clocks_and_pid (test_first_forward_probe.FirstForwardTests.test_event_flushes_both_clocks_and_pid) ... ok
test_exact_pair_finishes_once (test_first_forward_probe.FirstForwardTests.test_exact_pair_finishes_once) ... ok
test_exception_object_is_not_retained_during_teardown (test_first_forward_probe.FirstForwardTests.test_exception_object_is_not_retained_during_teardown) ... ok
test_existing_receipt_is_never_overwritten (test_first_forward_probe.FirstForwardTests.test_existing_receipt_is_never_overwritten) ... ok
test_failed_release_does_not_report_success (test_first_forward_probe.FirstForwardTests.test_failed_release_does_not_report_success) ... ok
test_fault_after_mixed_never_compares (test_first_forward_probe.FirstForwardTests.test_fault_after_mixed_never_compares) ... ok
test_first_stop_reason_is_preserved (test_first_forward_probe.FirstForwardTests.test_first_stop_reason_is_preserved) ... ok
test_guardian_exact_clean_exit_passes_with_postflight (test_first_forward_probe.FirstForwardTests.test_guardian_exact_clean_exit_passes_with_postflight) ... ok
test_guardian_native_crash_latches_stop (test_first_forward_probe.FirstForwardTests.test_guardian_native_crash_latches_stop) ... ok
test_guardian_pass_requires_valid_rank_receipt (test_first_forward_probe.FirstForwardTests.test_guardian_pass_requires_valid_rank_receipt) ... ok
test_guardian_stop_before_spawn_refuses_without_child (test_first_forward_probe.FirstForwardTests.test_guardian_stop_before_spawn_refuses_without_child) ... ok
test_guardian_timeout_latches_stop_without_killing (test_first_forward_probe.FirstForwardTests.test_guardian_timeout_latches_stop_without_killing) ... ok
test_import_and_help_do_not_import_torch (test_first_forward_probe.FirstForwardTests.test_import_and_help_do_not_import_torch) ... ok
test_incomplete_shutdown_refuses (test_first_forward_probe.FirstForwardTests.test_incomplete_shutdown_refuses) ... ok
test_initial_fault_prevents_all_work (test_first_forward_probe.FirstForwardTests.test_initial_fault_prevents_all_work) ... ok
test_instrumentation_calls_real_stage_and_restores (test_first_forward_probe.FirstForwardTests.test_instrumentation_calls_real_stage_and_restores) ... ok
test_instrumentation_restores_even_on_failure (test_first_forward_probe.FirstForwardTests.test_instrumentation_restores_even_on_failure) ... ok
test_journal_fault_after_control_prevents_mixed (test_first_forward_probe.FirstForwardTests.test_journal_fault_after_control_prevents_mixed) ... ok
test_kernel_ir_is_saved_and_hashed (test_first_forward_probe.FirstForwardTests.test_kernel_ir_is_saved_and_hashed) ... ok
test_missing_rank_receipt_cannot_pass (test_first_forward_probe.FirstForwardTests.test_missing_rank_receipt_cannot_pass) ... ok
test_missing_teardown_refuses (test_first_forward_probe.FirstForwardTests.test_missing_teardown_refuses) ... ok
test_mixed_mismatch_fails_exact_gate (test_first_forward_probe.FirstForwardTests.test_mixed_mismatch_fails_exact_gate) ... ok
test_no_signal_kill_or_abrupt_exit_in_first_forward (test_first_forward_probe.FirstForwardTests.test_no_signal_kill_or_abrupt_exit_in_first_forward) ... ok
test_overlay_pin_and_closed_payload (test_first_forward_probe.FirstForwardTests.test_overlay_pin_and_closed_payload) ... ok
test_overlay_pin_refuses_before_loader_import (test_first_forward_probe.FirstForwardTests.test_overlay_pin_refuses_before_loader_import) ... ok
test_pre_stage_fault_never_calls_kernel (test_first_forward_probe.FirstForwardTests.test_pre_stage_fault_never_calls_kernel) ... ok
test_preservation_never_signals_or_exits (test_first_forward_probe.FirstForwardTests.test_preservation_never_signals_or_exits) ... ok
test_printed_command_keeps_single_device_and_pin (test_first_forward_probe.FirstForwardTests.test_printed_command_keeps_single_device_and_pin) ... ok
test_printer_requires_sha256 (test_first_forward_probe.FirstForwardTests.test_printer_requires_sha256) ... ok
test_production_geometry_and_exact_host_bytes (test_first_forward_probe.FirstForwardTests.test_production_geometry_and_exact_host_bytes) ... ok
test_refusal_does_not_spawn_or_import_torch (test_first_forward_probe.FirstForwardTests.test_refusal_does_not_spawn_or_import_torch) ... ok
test_routes_cover_every_host_row_and_both_placements (test_first_forward_probe.FirstForwardTests.test_routes_cover_every_host_row_and_both_placements) ... ok
test_teardown_calls_reviewed_shutdown_then_release (test_first_forward_probe.FirstForwardTests.test_teardown_calls_reviewed_shutdown_then_release) ... ok
test_both_printers_mount_and_forward_acceptance_readonly (test_owner_plumbing.OwnerPlumbingTests.test_both_printers_mount_and_forward_acceptance_readonly) ...
