test_clean_exit_is_after_receipts_and_kernel_gate (test_controller_teardown.ControllerContractTests.test_clean_exit_is_after_receipts_and_kernel_gate) ... ok
test_docker_metadata_never_escalates (test_controller_teardown.ControllerContractTests.test_docker_metadata_never_escalates) ... ok
test_entrypoint_restores_signals_and_handles_setup (test_controller_teardown.ControllerContractTests.test_entrypoint_restores_signals_and_handles_setup) ... ok
test_all_four_final_ranks_pass (test_controller_teardown.ReceiptTests.test_all_four_final_ranks_pass) ... ok
test_duplicate_rank_fails (test_controller_teardown.ReceiptTests.test_duplicate_rank_fails) ... ok
test_failure_and_malformed_receipts_fail (test_controller_teardown.ReceiptTests.test_failure_and_malformed_receipts_fail) ... ok
test_missing_distributed_or_cache_timestamp_fails (test_controller_teardown.ReceiptTests.test_missing_distributed_or_cache_timestamp_fails) ... ok
test_missing_rank_fails (test_controller_teardown.ReceiptTests.test_missing_rank_fails) ... ok
test_timestamp_order_fails (test_controller_teardown.ReceiptTests.test_timestamp_order_fails) ... ok
test_both_signal_handlers_only_latch_intent (test_controller_teardown.StopTests.test_both_signal_handlers_only_latch_intent) ... ok
test_creation_race_retries_inspection_but_signals_once (test_controller_teardown.StopTests.test_creation_race_retries_inspection_but_signals_once) ... ok
test_delivery_timeout_never_retries_signal (test_controller_teardown.StopTests.test_delivery_timeout_never_retries_signal) ... ok
test_no_signal_before_owned_launch (test_controller_teardown.StopTests.test_no_signal_before_owned_launch) ... ok
test_real_cpu_signals_record_intent_and_return (test_controller_teardown.StopTests.test_real_cpu_signals_record_intent_and_return) ... ok
test_signal_then_supervision_uses_same_ordered_stop (test_controller_teardown.StopTests.test_signal_then_supervision_uses_same_ordered_stop) ... ok
test_watchdog_uses_same_latch_and_one_signal (test_controller_teardown.StopTests.test_watchdog_uses_same_latch_and_one_signal) ... ok
test_modified_python_and_shell_parse (test_patch_bundle.BundleTests.test_modified_python_and_shell_parse) ... ok
test_patch_matches_copies_and_closed_package_hashes (test_patch_bundle.BundleTests.test_patch_matches_copies_and_closed_package_hashes) ... ok
test_main_cannot_return_while_monitor_waits_for_child (test_rank_teardown.ParentConcurrencyTests.test_main_cannot_return_while_monitor_waits_for_child) ... ok
test_parent_wait_failure_preserves_instead_of_claiming_done (test_rank_teardown.ParentConcurrencyTests.test_parent_wait_failure_preserves_instead_of_claiming_done) ... ok
test_failed_startup_pipe_close_cannot_skip_child_wait (test_rank_teardown.StartupParentTests.test_failed_startup_pipe_close_cannot_skip_child_wait) ... ok
test_actual_signals_only_latch_even_during_release (test_rank_teardown.TeardownTests.test_actual_signals_only_latch_even_during_release) ... ok
test_async_mode_refuses_instead_of_destroying_live_output (test_rank_teardown.TeardownTests.test_async_mode_refuses_instead_of_destroying_live_output) ... ok
test_clock_cache_close_is_repeatable_and_releases_view (test_rank_teardown.TeardownTests.test_clock_cache_close_is_repeatable_and_releases_view) ... ok
test_close_failure_preserves_pinned_owners (test_rank_teardown.TeardownTests.test_close_failure_preserves_pinned_owners) ... ok
test_cooperative_rpc_finishes_before_shutdown (test_rank_teardown.TeardownTests.test_cooperative_rpc_finishes_before_shutdown) ... ok
test_each_release_failure_never_reaches_later_phases (test_rank_teardown.TeardownTests.test_each_release_failure_never_reaches_later_phases) ... ok
test_expert_alias_and_owner_destruction_order (test_rank_teardown.TeardownTests.test_expert_alias_and_owner_destruction_order) ... ok
test_failed_diagnostics_still_park (test_rank_teardown.TeardownTests.test_failed_diagnostics_still_park) ... ok
test_failure_parks_without_retry (test_rank_teardown.TeardownTests.test_failure_parks_without_retry) ... ok
test_full_order_and_timestamp_receipt (test_rank_teardown.TeardownTests.test_full_order_and_timestamp_receipt) ... ok
test_generic_uva_data_detached_before_host (test_rank_teardown.TeardownTests.test_generic_uva_data_detached_before_host) ... ok
test_idempotent_release (test_rank_teardown.TeardownTests.test_idempotent_release) ... ok
test_parent_waits_after_warning_without_terminate (test_rank_teardown.TeardownTests.test_parent_waits_after_warning_without_terminate) ... ok
test_partial_no_worker_still_records_release (test_rank_teardown.TeardownTests.test_partial_no_worker_still_records_release) ... ok
test_ple_close_before_slab_and_partial_module (test_rank_teardown.TeardownTests.test_ple_close_before_slab_and_partial_module) ... ok
test_pre_device_init_cannot_claim_native_completion (test_rank_teardown.TeardownTests.test_pre_device_init_cannot_claim_native_completion) ... ok
test_broken_ready_pipe_does_not_skip_cleanup (test_rank_teardown.WorkerMainRehearsal.test_broken_ready_pipe_does_not_skip_cleanup) ... ok
test_four_rank_fixture_worker_main (test_rank_teardown.WorkerMainRehearsal.test_four_rank_fixture_worker_main) ... ok
test_idle_signal_observer_closes_queues (test_rank_teardown.WorkerMainRehearsal.test_idle_signal_observer_closes_queues) ... ok
test_partial_load_and_exception_scope_unwind (test_rank_teardown.WorkerMainRehearsal.test_partial_load_and_exception_scope_unwind) ... ok
test_absent_xpu_allocator_instance_is_safe (test_worker_shutdown_order.WorkerShutdownOrderTests.test_absent_xpu_allocator_instance_is_safe) ... ok
test_missing_optional_partial_initialization_attributes_are_safe (test_worker_shutdown_order.WorkerShutdownOrderTests.test_missing_optional_partial_initialization_attributes_are_safe) ... ok
test_no_runner_fallback_releases_globals_before_xpu_pools (test_worker_shutdown_order.WorkerShutdownOrderTests.test_no_runner_fallback_releases_globals_before_xpu_pools) ... ok
test_partial_global_release_failure_preserves_pools (test_worker_shutdown_order.WorkerShutdownOrderTests.test_partial_global_release_failure_preserves_pools) ... ok
test_post_runner_sync_failure_preserves_pools (test_worker_shutdown_order.WorkerShutdownOrderTests.test_post_runner_sync_failure_preserves_pools) ... ok
test_runner_failure_preserves_pools_and_cannot_complete (test_worker_shutdown_order.WorkerShutdownOrderTests.test_runner_failure_preserves_pools_and_cannot_complete) ... ok
test_service_failure_preserves_runner_and_pools (test_worker_shutdown_order.WorkerShutdownOrderTests.test_service_failure_preserves_runner_and_pools) ... ok
test_services_runner_then_sync_and_xpu_pools (test_worker_shutdown_order.WorkerShutdownOrderTests.test_services_runner_then_sync_and_xpu_pools) ... ok

----------------------------------------------------------------------
Ran 49 tests in 0.958s

OK
