[review 09-17 12:14:55] one-card 32K campaign start; git e24479d7f
[review 09-17 12:14:55] two-card service status: stopped
[review 09-17 12:14:55] GPUs free
[review 09-17 12:15:03] preflight-health: rc=0
[review 09-17 12:17:28] tp1-pkg-32k: ready 
[review 09-17 12:19:49] tp1-pkg-32k-strict: rc=0
[review 09-17 12:19:49] tp1-pkg-32k-strict-compare: rc=0
[review 09-17 12:22:09] tp1-pkg-32k-run2-strict: rc=0
[review 09-17 12:22:09] tp1-pkg-32k-run2-strict-compare: rc=0
[review 09-17 12:31:08] tp1-pkg-32k-ladder: rc=0
[review 09-17 12:31:08] tp1-pkg-32k-ladder-compare: rc=0
[review 09-17 12:33:31] tp1-pkg-32k-context: rc=0
[review 09-17 12:33:43] tp1-pkg-32k-quality: rc=0
[review 09-17 12:36:03] tp1-pkg-32k-history: rc=0
[review 09-17 12:36:04] tp1-pkg-32k: strict 12/12 54.287533214937824 / 53.90808377301862 tok/s, ladder exact, context True, quality True/True, history divergent=[]/[]
[review 09-17 12:36:10] tp1-pkg-32k: stop command rc=0 
[review 09-17 12:36:13] tp1-pkg-32k: final stopped error=None container_removed=True
[review 09-17 12:38:33] tp1-pkg-max-context: ready 
[review 09-17 12:40:53] tp1-pkg-max-context-strict: rc=0
[review 09-17 12:40:53] tp1-pkg-max-context-strict-compare: rc=0
[review 09-17 12:46:53] tp1-pkg-max-context-ladder: rc=0
[review 09-17 12:46:53] tp1-pkg-max-context-ladder-compare: rc=0
[review 09-17 12:49:16] tp1-pkg-max-context-context: rc=0
[review 09-17 12:49:16] tp1-pkg-max-context: strict 12/12 at 54.251366272461624 tok/s, ladder exact, context True
[review 09-17 12:49:23] tp1-pkg-max-context: stop command rc=0 
[review 09-17 12:49:25] tp1-pkg-max-context: final stopped error=None container_removed=True
[review 09-17 12:51:45] tp1-pkg-no-quantization: ready 
[review 09-17 12:54:13] tp1-pkg-no-quantization-strict: rc=0
[review 09-17 12:54:13] tp1-pkg-no-quantization-strict-compare: rc=0
[review 09-17 13:00:37] tp1-pkg-no-quantization-ladder: rc=0
[review 09-17 13:00:37] tp1-pkg-no-quantization-ladder-compare: rc=0
[review 09-17 13:03:01] tp1-pkg-no-quantization-context: rc=0
[review 09-17 13:03:01] tp1-pkg-no-quantization: strict 12/12 at 52.39263161184765 tok/s, ladder exact, context True
[review 09-17 13:03:08] tp1-pkg-no-quantization: stop command rc=0 
[review 09-17 13:03:09] tp1-pkg-no-quantization: final stopped error=None container_removed=True
[review 09-17 13:03:18] service-health: rc=0
