# estimate thinking=off: 20 calls, ~62K prompt tokens, ~8K written, ~2.0 min (written tokens with thinking are a guess)

== thinking=off max_tokens=4096
batch	changed	right	extra_wrong	all_acc	written	sec	finish
1	43	33	2	33/45	399	4	stop
2	37	21	1	52/69	354	4	stop
3	39	19	0	64/84	345	4	stop
4	42	22	0	82/102	364	4	stop
5	37	15	0	91/113	387	5	stop
6	40	23	0	105/122	376	4	stop
7	47	32	0	111/126	424	5	stop
8	41	17	1	106/131	370	5	stop
9	46	20	1	107/134	408	5	stop
10	43	17	1	112/139	367	5	stop
11	44	24	0	110/130	379	5	stop
12	45	23	0	112/134	399	5	stop
13	41	17	1	103/128	376	5	stop
14	42	18	0	104/128	387	5	stop
15	41	25	1	115/132	386	5	stop
16	36	21	1	119/135	302	4	stop
17	47	23	0	113/137	438	5	stop
18	51	30	0	112/133	439	5	stop
19	43	22	1	112/134	435	5	stop
20	44	27	1	121/139	410	5	stop
# thinking=off: changed counters right 449/849 (52.9%), wrong extra changes 11, all-counter accuracy 82.8%, written 7,745 tokens, 1.6 min, cut at max_tokens 0
