test_complete_receipt (test_probe.ProbeTests.test_complete_receipt) ... ok
test_default_command_byte_for_byte (test_probe.ProbeTests.test_default_command_byte_for_byte) ... ok
test_exit_flag_plumbing_both_parsers (test_probe.ProbeTests.test_exit_flag_plumbing_both_parsers) ... ok
test_exit_modes_recorded_on_refusal (test_probe.ProbeTests.test_exit_modes_recorded_on_refusal) ... ok
test_failed_boot_refused (test_probe.ProbeTests.test_failed_boot_refused) ... ok
test_guardian_clean_exit_runs_atexit_abrupt_does_not (test_probe.ProbeTests.test_guardian_clean_exit_runs_atexit_abrupt_does_not) ... ok
test_guardian_records_native_signal_without_runtime_imports (test_probe.ProbeTests.test_guardian_records_native_signal_without_runtime_imports) ... skipped 'owner hard rule: never kill processes; test sends fatal SIGALRM'
test_health_wrong_boot_missing_evidence_age_and_future (test_probe.ProbeTests.test_health_wrong_boot_missing_evidence_age_and_future) ... ok
test_idle_watcher_stop_prevents_exit_marker (test_probe.ProbeTests.test_idle_watcher_stop_prevents_exit_marker) ... ok
test_invalid_exit_modes_refused_before_receipt_or_import (test_probe.ProbeTests.test_invalid_exit_modes_refused_before_receipt_or_import) ... ok
test_kernel_contract_and_single_launch_sync (test_probe.ProbeTests.test_kernel_contract_and_single_launch_sync) ... ok
test_misaligned_pointer_refused (test_probe.ProbeTests.test_misaligned_pointer_refused) ... ok
test_missing_admission_and_conflicting_aliases (test_probe.ProbeTests.test_missing_admission_and_conflicting_aliases) ... ok
test_overlay_changed_hash_refuses (test_probe.ProbeTests.test_overlay_changed_hash_refuses) ... ok
test_overlay_closure_matches_remedy_a (test_probe.ProbeTests.test_overlay_closure_matches_remedy_a) ... ok
test_overlay_command_order_env_and_cli (test_probe.ProbeTests.test_overlay_command_order_env_and_cli) ... ok
test_overlay_missing_file_refuses (test_probe.ProbeTests.test_overlay_missing_file_refuses) ... ok
test_postflight_requires_a_new_sample (test_probe.ProbeTests.test_postflight_requires_a_new_sample) ... ok
test_queue_query_uses_launch_context_and_both_pointers (test_probe.ProbeTests.test_queue_query_uses_launch_context_and_both_pointers) ... ok
test_receipt_records_runtime_and_render_environment_on_refusal (test_probe.ProbeTests.test_receipt_records_runtime_and_render_environment_on_refusal) ... ok
test_refusal_subprocess_never_imports_torch (test_probe.ProbeTests.test_refusal_subprocess_never_imports_torch) ... ok
test_signed_offsets_positive_negative_and_wrap (test_probe.ProbeTests.test_signed_offsets_positive_negative_and_wrap) ... ok
test_watcher_health_hash_mismatch (test_probe.ProbeTests.test_watcher_health_hash_mismatch) ... ok
test_watcher_stale_failed_or_stopped_refuses (test_probe.ProbeTests.test_watcher_stale_failed_or_stopped_refuses) ... ok
test_wrapper_one_device_no_network_exact_image_env (test_probe.ProbeTests.test_wrapper_one_device_no_network_exact_image_env) ... ok
test_wrapper_only_prints (test_probe.ProbeTests.test_wrapper_only_prints) ... ok

----------------------------------------------------------------------
Ran 26 tests in 0.480s

OK (skipped=1)
