[review 09-17 00:16:28] night-3 campaign start; git e84f78568
[review 09-17 00:16:28] service state missing; assuming no service to stop
[review 09-17 00:16:37] preflight-health: rc=0
[review 09-17 00:18:57] tp1-pkg-max-context: ready 
[review 09-17 00:21:19] tp1-pkg-max-context-strict: rc=0
[review 09-17 00:21:20] tp1-pkg-max-context-strict-compare: rc=0
[review 09-17 00:27:25] tp1-pkg-max-context-ladder: rc=0
[review 09-17 00:27:25] tp1-pkg-max-context-ladder-compare: rc=0
[review 09-17 00:29:49] tp1-pkg-max-context-context: rc=0
[review 09-17 00:29:56] tp1-pkg-max-context: stop command rc=0 
[review 09-17 00:29:57] tp1-pkg-max-context: final stopped error=None container_removed=True
[review 09-17 00:32:17] tp1-pkg-no-quantization-20k: ready 
[review 09-17 00:34:47] tp1-pkg-no-quantization-20k-strict: rc=0
[review 09-17 00:34:47] tp1-pkg-no-quantization-20k-strict-compare: rc=0
[review 09-17 00:41:16] tp1-pkg-no-quantization-20k-ladder: rc=0
[review 09-17 00:41:16] tp1-pkg-no-quantization-20k-ladder-compare: rc=0
[review 09-17 00:43:40] tp1-pkg-no-quantization-20k-context: rc=0
[review 09-17 00:43:47] tp1-pkg-no-quantization-20k: stop command rc=0 
[review 09-17 00:43:50] tp1-pkg-no-quantization-20k: final stopped error=None container_removed=True
[review 09-17 00:46:15] tp1-32k-d4-m983: ready 
[review 09-17 00:48:39] tp1-32k-d4-m983-strict: rc=0
[review 09-17 00:48:39] tp1-32k-d4-m983-strict-compare: rc=0
[review 09-17 00:54:45] tp1-32k-d4-m983-ladder: rc=0
[review 09-17 00:54:45] tp1-32k-d4-m983-ladder-compare: rc=0
[review 09-17 00:57:11] tp1-32k-d4-m983-context: rc=0
[review 09-17 00:57:20] tp1-32k-d4-m983: final stopped stop_confirmed=True
[review 09-17 00:59:45] tp1-graph-24k: ready 
[review 09-17 01:02:04] tp1-graph-24k-strict: rc=0
[review 09-17 01:02:04] tp1-graph-24k-strict-compare: rc=0
[review 09-17 01:08:09] tp1-graph-24k-ladder: rc=0
[review 09-17 01:08:09] tp1-graph-24k-ladder-compare: rc=0
[review 09-17 01:08:14] tp1-graph-24k-context: rc=1
[review 09-17 01:08:23] tp1-graph-24k: final stopped stop_confirmed=True
[review 09-17 01:11:03] tp2-mtp5-shortlist-v3: ready 
[review 09-17 01:12:34] tp2-mtp5-shortlist-v3-strict: rc=0
[review 09-17 01:12:34] tp2-mtp5-shortlist-v3-strict-compare: rc=0
[review 09-17 01:16:22] tp2-mtp5-shortlist-v3-ladder: rc=0
[review 09-17 01:16:22] tp2-mtp5-shortlist-v3-ladder-compare: rc=0
[review 09-17 01:17:52] tp2-mtp5-shortlist-v3-context: rc=0
[review 09-17 01:18:02] tp2-mtp5-shortlist-v3: final stopped stop_confirmed=True
[review 09-17 01:20:42] tp2-mtp5-shortlist-old: ready 
[review 09-17 01:22:08] tp2-mtp5-shortlist-old-strict: rc=0
[review 09-17 01:22:08] tp2-mtp5-shortlist-old-strict-compare: rc=0
[review 09-17 01:22:18] tp2-mtp5-shortlist-old: final stopped stop_confirmed=True
[review 09-17 01:22:28] service-health: rc=0
[review 09-17 01:25:08] service-d: ready 
[review 09-17 01:26:34] service-d-strict: rc=0
[review 09-17 01:26:34] service-d-strict-compare: rc=0
[review 09-17 01:26:34] === night-3 campaign complete ===
