[review 10-04 20:46:41] multi-user campaign start; git 38e4cfefe
[review 10-04 20:46:50] preflight-health: rc=0
[review 10-04 20:49:59] tp2-mtp5-sync-k9-copy: ready 
[review 10-04 20:51:26] tp2-mtp5-sync-k9-copy-strict: rc=0
[review 10-04 20:51:26] tp2-mtp5-sync-k9-copy-strict-compare: rc=0
[review 10-04 20:51:26] tp2-mtp5-sync-k9-copy: strict 12/12 exact, 87.29532100070611 tok/s
[review 10-04 20:52:04] tp2-mtp5-sync-k9-copy-long: rc=0
[review 10-04 20:52:04] tp2-mtp5-sync-k9-copy: long suite vs the no-speculation answers of 2026-10-04: 8/8 identical
[review 10-04 20:52:04] tp2-mtp5-sync-k9-copy: long suite, 8 requests, decode after first token: median 98.6 tok/s, mean 105.8
[review 10-04 20:57:31] tp2-mtp5-sync-k9-copy-ladder: rc=0
[review 10-04 20:57:31] tp2-mtp5-sync-k9-copy-ladder-compare: rc=0
[review 10-04 20:57:31] tp2-mtp5-sync-k9-copy: pass 1: 64/64 equal to solo, 75.13 tok/s together
[review 10-04 20:57:31] tp2-mtp5-sync-k9-copy: pass 2: 64/64 equal to solo, 75.31 tok/s together
[review 10-04 20:57:31] tp2-mtp5-sync-k9-copy: vs the frozen single-user reference: exact {'sequential-oracle': '64/64', 'batch-c64-r1': '64/64', 'batch-c64-r2': '64/64'}
[review 10-04 20:57:38] tp2-mtp5-sync-k9-copy: final stopped stop_confirmed=True
[review 10-04 20:57:38] tp2-mtp5-sync-k9-copy: b70_copy_draft: active, sync scheduling, 5 draft tokens, match 6..8 tokens, long copy drafts 6..9 tokens (verify slots 9)
[review 10-04 20:57:38] tp2-mtp5-sync-k9-copy: b70_copy_draft: active, sync scheduling, 5 draft tokens, match 6..8 tokens, long copy drafts 6..9 tokens (verify slots 9)
[review 10-04 20:57:38] tp2-mtp5-sync-k9-copy: b70_copy_draft: first copy draft placed
[review 10-04 20:57:38] tp2-mtp5-sync-k9-copy: b70_copy_draft: first copy draft placed
[review 10-04 20:57:38] tp2-mtp5-sync-k9-copy: b70_copy_draft: first long copy draft placed (9 tokens)
[review 10-04 20:57:38] tp2-mtp5-sync-k9-copy: b70_copy_draft: first long copy draft placed (9 tokens)
[review 10-04 20:57:39] === multi-user campaign complete (cards left empty) ===
