submitted 5179d539-7546-4835-8b89-5829a5d09f6d
{
  "definition": "client-received node-start event intervals; approximate wall time, not synchronized kernel timings",
  "prompt_id": "5179d539-7546-4835-8b89-5829a5d09f6d",
  "seconds": 67.02343159499998,
  "nodes": [
    {
      "node": "420",
      "class_type": "LTXHostEmbeddingComponents",
      "start_seconds": 0.005617618000002267,
      "seconds": 22.540032679000007
    },
    {
      "node": "423",
      "class_type": "LTXVAEGraphGate",
      "start_seconds": 22.54565029700001,
      "seconds": 0.003842562999977872
    },
    {
      "node": "395",
      "class_type": "ManualSigmas",
      "start_seconds": 22.549492859999987,
      "seconds": 0.00023666100000241386
    },
    {
      "node": "341",
      "class_type": "KSamplerSelect",
      "start_seconds": 22.54972952099999,
      "seconds": 0.00012633500000447384
    },
    {
      "node": "338",
      "class_type": "RandomNoise",
      "start_seconds": 22.549855855999994,
      "seconds": 0.00013656500001957284
    },
    {
      "node": "429",
      "class_type": "LTXUpsamplerGraphGate",
      "start_seconds": 22.549992421000013,
      "seconds": 0.0019014349999793012
    },
    {
      "node": "404",
      "class_type": "ManualSigmas",
      "start_seconds": 22.551893855999992,
      "seconds": 0.00024709999999572574
    },
    {
      "node": "352",
      "class_type": "KSamplerSelect",
      "start_seconds": 22.552140955999988,
      "seconds": 0.00018755000002101951
    },
    {
      "node": "339",
      "class_type": "RandomNoise",
      "start_seconds": 22.55232850600001,
      "seconds": 0.00016784299998562346
    },
    {
      "node": "356",
      "class_type": "EmptyLTXVLatentVideo",
      "start_seconds": 22.552496348999995,
      "seconds": 0.0004538960000104453
    },
    {
      "node": "366",
      "class_type": "LTXVEmptyLatentAudio",
      "start_seconds": 22.552950245000005,
      "seconds": 0.00018897199998946235
    },
    {
      "node": "377",
      "class_type": "LTXVConcatAVLatent",
      "start_seconds": 22.553139216999995,
      "seconds": 0.000182800999994015
    },
    {
      "node": "425",
      "class_type": "LTXTextEncoderGraphGate",
      "start_seconds": 22.55332201799999,
      "seconds": 0.007196294999999964
    },
    {
      "node": "364",
      "class_type": "LTXPipelineTextEncode",
      "start_seconds": 22.56051831299999,
      "seconds": 20.98415256200002
    },
    {
      "node": "365",
      "class_type": "LTXVConditioning",
      "start_seconds": 43.54467087500001,
      "seconds": 0.00033509499999695436
    },
    {
      "node": "431",
      "class_type": "LTXResidentFastPath",
      "start_seconds": 43.545005970000005,
      "seconds": 0.0002709259999846836
    },
    {
      "node": "424",
      "class_type": "LTXFusionGate",
      "start_seconds": 43.54527689599999,
      "seconds": 0.00030042000000207736
    },
    {
      "node": "427",
      "class_type": "LTXConcurrentCFG",
      "start_seconds": 43.54557731599999,
      "seconds": 0.0002818260000196915
    },
    {
      "node": "422",
      "class_type": "LTXGraphCaptureGate",
      "start_seconds": 43.54585914200001,
      "seconds": 0.016947246999990284
    },
    {
      "node": "388",
      "class_type": "LTXVDualCFGGuider",
      "start_seconds": 43.562806389,
      "seconds": 0.00020570300000599673
    },
    {
      "node": "344",
      "class_type": "SamplerCustomAdvanced",
      "start_seconds": 43.56301209200001,
      "seconds": 16.073044191999998
    },
    {
      "node": "367",
      "class_type": "LTXVSeparateAVLatent",
      "start_seconds": 59.636056284000006,
      "seconds": 0.00041809100000023136
    },
    {
      "node": "348",
      "class_type": "LTXVLatentUpsampler",
      "start_seconds": 59.636474375000006,
      "seconds": 0.40653043599999705
    },
    {
      "node": "340",
      "class_type": "LTXVConcatAVLatent",
      "start_seconds": 60.043004811,
      "seconds": 0.0003064819999849533
    },
    {
      "node": "391",
      "class_type": "LTXVDualCFGGuider",
      "start_seconds": 60.04331129299999,
      "seconds": 0.00024313400001574337
    },
    {
      "node": "368",
      "class_type": "SamplerCustomAdvanced",
      "start_seconds": 60.043554427000004,
      "seconds": 4.479492880000009
    },
    {
      "node": "369",
      "class_type": "LTXVSeparateAVLatent",
      "start_seconds": 64.52304730700001,
      "seconds": 0.0002994589999616437
    },
    {
      "node": "426",
      "class_type": "LTXPipelineDecode",
      "start_seconds": 64.52334676599997,
      "seconds": 0.0071866090000298755
    },
    {
      "node": "414",
      "class_type": "LTXBaselineCapture",
      "start_seconds": 64.530533375,
      "seconds": 0.07228736299998673
    },
    {
      "node": "370",
      "class_type": "CreateVideo",
      "start_seconds": 64.60282073799999,
      "seconds": 0.005864690999999311
    },
    {
      "node": "75",
      "class_type": "SaveVideo",
      "start_seconds": 64.60868542899999,
      "seconds": 2.384842625000033
    }
  ],
  "preview_ready_seconds": 64.67152827799998,
  "tensor_archive_ready_seconds": 64.60189746399999
}

--- stderr ---
