

Loading model... 

▄▄ ▄▄
██ ██
██ ██  ▀▀█▄ ███▄███▄  ▀▀█▄    ▄████ ████▄ ████▄
██ ██ ▄█▀██ ██ ██ ██ ▄█▀██    ██    ██ ██ ██ ██
██ ██ ▀█▄██ ██ ██ ██ ▀█▄██ ██ ▀████ ████▀ ████▀
                                    ██    ██
                                    ▀▀    ▀▀

build      : b1-9fee29e
model      : /home/steve/.cache/b70-optimization-lab/models/ornith-1.5-35b-a3b-q4km/Ornith-1.5-35B-Q4_K_M.gguf
ftype      : Q4_K - Medium
modalities : text

available commands:
  /exit or Ctrl+C     stop or exit
  /regen              regenerate the last response
  /clear              clear the chat history
  /read <file>        add a text file
  /glob <pattern>     add text files using globbing pattern



> Explain why deterministic validation matters when optimizing a GPU inference kernel.

[Start thinking]

The user is asking

[ Prompt: 45.4 t/s | Generation: 5.1 t/s ]


Exiting...
