[ORNITH-SYCL-ACTUAL-BEGIN] n_nodes=3726
[ORNITH-SYCL-ACTUAL] op=MUL_MAT name=node_13 ne=8192x1x1x1
[ORNITH-SYCL-ACTUAL] op=L2_NORM name=q_conv_predelta-0 ne=128x16x1x1
[ORNITH-SYCL-ACTUAL] op=L2_NORM name=k_conv_predelta-0 ne=128x16x1x1
[ORNITH-SYCL-ACTUAL] op=MUL_MAT name=node_34 ne=32x1x1x1
[ORNITH-SYCL-ACTUAL] op=MUL_MAT name=node_40 ne=32x1x1x1
[ORNITH-SYCL-ACTUAL] op=UNARY name=beta_sigmoid-0 ne=1x32x1x1
[ORNITH-SYCL-ACTUAL] op=MUL_MAT name=z-0 ne=4096x1x1x1
[ORNITH-SYCL-ACTUAL] op=MUL_MAT name=linear_attn_out-0 ne=2048x1x1x1
[ORNITH-SYCL-ACTUAL] op=MUL_MAT name=ffn_moe_logits-0 ne=256x1x1x1
[ORNITH-SYCL-ACTUAL] op=MUL_MAT_ID name=ffn_moe_down-0 ne=2048x8x1x1
[ORNITH-SYCL-ACTUAL] op=MUL name=ffn_moe_weighted-0 ne=2048x8x1x1
[ORNITH-SYCL-ACTUAL] op=MUL_MAT name=ffn_shexp-0 ne=2048x1x1x1
[ORNITH-SYCL-ACTUAL] op=MUL_MAT name=shared_expert_gate-0 ne=1x1x1x1
[ORNITH-SYCL-ACTUAL] op=MUL_MAT name=node_112 ne=8192x1x1x1
[ORNITH-SYCL-ACTUAL] op=L2_NORM name=q_conv_predelta-1 ne=128x16x1x1
[ORNITH-SYCL-ACTUAL] op=L2_NORM name=k_conv_predelta-1 ne=128x16x1x1
[ORNITH-SYCL-ACTUAL] op=MUL_MAT name=node_133 ne=32x1x1x1
[ORNITH-SYCL-ACTUAL] op=MUL_MAT name=node_139 ne=32x1x1x1
[ORNITH-SYCL-ACTUAL] op=UNARY name=beta_sigmoid-1 ne=1x32x1x1
[ORNITH-SYCL-ACTUAL] op=MUL_MAT name=z-1 ne=4096x1x1x1
[ORNITH-SYCL-ACTUAL] op=MUL_MAT name=linear_attn_out-1 ne=2048x1x1x1
[ORNITH-SYCL-ACTUAL] op=MUL_MAT name=ffn_moe_logits-1 ne=256x1x1x1
[ORNITH-SYCL-ACTUAL] op=MUL_MAT_ID name=ffn_moe_down-1 ne=2048x8x1x1
[ORNITH-SYCL-ACTUAL] op=MUL name=ffn_moe_weighted-1 ne=2048x8x1x1
[ORNITH-SYCL-ACTUAL] op=MUL_MAT name=ffn_shexp-1 ne=2048x1x1x1
[ORNITH-SYCL-ACTUAL] op=MUL_MAT name=shared_expert_gate-1 ne=1x1x1x1
[ORNITH-SYCL-ACTUAL] op=MUL_MAT name=node_211 ne=8192x1x1x1
[ORNITH-SYCL-ACTUAL] op=L2_NORM name=q_conv_predelta-2 ne=128x16x1x1
[ORNITH-SYCL-ACTUAL] op=L2_NORM name=k_conv_predelta-2 ne=128x16x1x1
[ORNITH-SYCL-ACTUAL] op=MUL_MAT name=node_232 ne=32x1x1x1
[ORNITH-SYCL-ACTUAL] op=MUL_MAT name=node_238 ne=32x1x1x1
[ORNITH-SYCL-ACTUAL] op=UNARY name=beta_sigmoid-2 ne=1x32x1x1
[ORNITH-SYCL-ACTUAL] op=MUL_MAT name=z-2 ne=4096x1x1x1
[ORNITH-SYCL-ACTUAL] op=MUL_MAT name=linear_attn_out-2 ne=2048x1x1x1
[ORNITH-SYCL-ACTUAL] op=MUL_MAT name=ffn_moe_logits-2 ne=256x1x1x1
[ORNITH-SYCL-ACTUAL] op=MUL_MAT_ID name=ffn_moe_down-2 ne=2048x8x1x1
[ORNITH-SYCL-ACTUAL] op=MUL name=ffn_moe_weighted-2 ne=2048x8x1x1
[ORNITH-SYCL-ACTUAL] op=MUL_MAT name=ffn_shexp-2 ne=2048x1x1x1
[ORNITH-SYCL-ACTUAL] op=MUL_MAT name=shared_expert_gate-2 ne=1x1x1x1
[ORNITH-SYCL-ACTUAL] op=MUL_MAT name=Qcur_full-3 ne=8192x1x1x1
[ORNITH-SYCL-ACTUAL] op=MUL_MAT name=Vcur-3 ne=512x1x1x1
[ORNITH-SYCL-ACTUAL] op=MUL_MAT name=Kcur-3 ne=512x1x1x1
[ORNITH-SYCL-ACTUAL] op=SET_ROWS name=cache_v_l3 (view) ne=512x2048x1x1
[ORNITH-SYCL-ACTUAL] op=FLASH_ATTN_EXT name=node_324 ne=256x16x1x1
[ORNITH-SYCL-ACTUAL] op=CONT name=gate_reshaped-3 ne=4096x1x1x1
[ORNITH-SYCL-ACTUAL] op=MUL_MAT name=attn_output-3 ne=2048x1x1x1
[ORNITH-SYCL-ACTUAL] op=MUL_MAT name=ffn_moe_logits-3 ne=256x1x1x1
[ORNITH-SYCL-ACTUAL] op=MUL_MAT_ID name=ffn_moe_down-3 ne=2048x8x1x1
[ORNITH-SYCL-ACTUAL] op=MUL name=ffn_moe_weighted-3 ne=2048x8x1x1
[ORNITH-SYCL-ACTUAL] op=MUL_MAT name=ffn_shexp-3 ne=2048x1x1x1
[ORNITH-SYCL-ACTUAL] op=MUL_MAT name=shared_expert_gate-3 ne=1x1x1x1
[ORNITH-SYCL-ACTUAL] op=MUL_MAT name=node_385 ne=8192x1x1x1
[ORNITH-SYCL-ACTUAL] op=L2_NORM name=q_conv_predelta-4 ne=128x16x1x1
[ORNITH-SYCL-ACTUAL] op=L2_NORM name=k_conv_predelta-4 ne=128x16x1x1
[ORNITH-SYCL-ACTUAL] op=MUL_MAT name=node_406 ne=32x1x1x1
[ORNITH-SYCL-ACTUAL] op=MUL_MAT name=node_412 ne=32x1x1x1
[ORNITH-SYCL-ACTUAL] op=UNARY name=beta_sigmoid-4 ne=1x32x1x1
[ORNITH-SYCL-ACTUAL] op=MUL_MAT name=z-4 ne=4096x1x1x1
[ORNITH-SYCL-ACTUAL] op=MUL_MAT name=linear_attn_out-4 ne=2048x1x1x1
[ORNITH-SYCL-ACTUAL] op=MUL_MAT name=ffn_moe_logits-4 ne=256x1x1x1
[ORNITH-SYCL-ACTUAL] op=MUL_MAT_ID name=ffn_moe_down-4 ne=2048x8x1x1
[ORNITH-SYCL-ACTUAL] op=MUL name=ffn_moe_weighted-4 ne=2048x8x1x1
[ORNITH-SYCL-ACTUAL] op=MUL_MAT name=ffn_shexp-4 ne=2048x1x1x1
[ORNITH-SYCL-ACTUAL] op=MUL_MAT name=shared_expert_gate-4 ne=1x1x1x1
[ORNITH-SYCL-ACTUAL] op=MUL_MAT name=node_484 ne=8192x1x1x1
[ORNITH-SYCL-ACTUAL] op=L2_NORM name=q_conv_predelta-5 ne=128x16x1x1
[ORNITH-SYCL-ACTUAL] op=L2_NORM name=k_conv_predelta-5 ne=128x16x1x1
[ORNITH-SYCL-ACTUAL] op=MUL_MAT name=node_505 ne=32x1x1x1
[ORNITH-SYCL-ACTUAL] op=MUL_MAT name=node_511 ne=32x1x1x1
[ORNITH-SYCL-ACTUAL] op=UNARY name=beta_sigmoid-5 ne=1x32x1x1
[ORNITH-SYCL-ACTUAL] op=MUL_MAT name=z-5 ne=4096x1x1x1
[ORNITH-SYCL-ACTUAL] op=MUL_MAT name=linear_attn_out-5 ne=2048x1x1x1
[ORNITH-SYCL-ACTUAL] op=MUL_MAT name=ffn_moe_logits-5 ne=256x1x1x1
[ORNITH-SYCL-ACTUAL] op=MUL_MAT_ID name=ffn_moe_down-5 ne=2048x8x1x1
[ORNITH-SYCL-ACTUAL] op=MUL name=ffn_moe_weighted-5 ne=2048x8x1x1
[ORNITH-SYCL-ACTUAL] op=MUL_MAT name=ffn_shexp-5 ne=2048x1x1x1
[ORNITH-SYCL-ACTUAL] op=MUL_MAT name=shared_expert_gate-5 ne=1x1x1x1
[ORNITH-SYCL-ACTUAL] op=MUL_MAT name=node_583 ne=8192x1x1x1
[ORNITH-SYCL-ACTUAL] op=L2_NORM name=q_conv_predelta-6 ne=128x16x1x1
[ORNITH-SYCL-ACTUAL] op=L2_NORM name=k_conv_predelta-6 ne=128x16x1x1
[ORNITH-SYCL-ACTUAL] op=MUL_MAT name=node_604 ne=32x1x1x1
[ORNITH-SYCL-ACTUAL] op=MUL_MAT name=node_610 ne=32x1x1x1
[ORNITH-SYCL-ACTUAL] op=UNARY name=beta_sigmoid-6 ne=1x32x1x1
[ORNITH-SYCL-ACTUAL] op=MUL_MAT name=z-6 ne=4096x1x1x1
[ORNITH-SYCL-ACTUAL] op=MUL_MAT name=linear_attn_out-6 ne=2048x1x1x1
[ORNITH-SYCL-ACTUAL] op=MUL_MAT name=ffn_moe_logits-6 ne=256x1x1x1
[ORNITH-SYCL-ACTUAL] op=MUL_MAT_ID name=ffn_moe_down-6 ne=2048x8x1x1
[ORNITH-SYCL-ACTUAL] op=MUL name=ffn_moe_weighted-6 ne=2048x8x1x1
[ORNITH-SYCL-ACTUAL] op=MUL_MAT name=ffn_shexp-6 ne=2048x1x1x1
[ORNITH-SYCL-ACTUAL] op=MUL_MAT name=shared_expert_gate-6 ne=1x1x1x1
[ORNITH-SYCL-ACTUAL] op=MUL_MAT name=Qcur_full-7 ne=8192x1x1x1
[ORNITH-SYCL-ACTUAL] op=MUL_MAT name=Vcur-7 ne=512x1x1x1
[ORNITH-SYCL-ACTUAL] op=MUL_MAT name=Kcur-7 ne=512x1x1x1
[ORNITH-SYCL-ACTUAL] op=SET_ROWS name=cache_v_l7 (view) ne=512x2048x1x1
[ORNITH-SYCL-ACTUAL] op=FLASH_ATTN_EXT name=node_696 ne=256x16x1x1
[ORNITH-SYCL-ACTUAL] op=CONT name=gate_reshaped-7 ne=4096x1x1x1
[ORNITH-SYCL-ACTUAL] op=MUL_MAT name=attn_output-7 ne=2048x1x1x1
[ORNITH-SYCL-ACTUAL] op=MUL_MAT name=ffn_moe_logits-7 ne=256x1x1x1
[ORNITH-SYCL-ACTUAL] op=MUL_MAT_ID name=ffn_moe_down-7 ne=2048x8x1x1
[ORNITH-SYCL-ACTUAL] op=MUL name=ffn_moe_weighted-7 ne=2048x8x1x1
[ORNITH-SYCL-ACTUAL] op=MUL_MAT name=ffn_shexp-7 ne=2048x1x1x1
[ORNITH-SYCL-ACTUAL] op=MUL_MAT name=shared_expert_gate-7 ne=1x1x1x1
[ORNITH-SYCL-ACTUAL] op=MUL_MAT name=node_757 ne=8192x1x1x1
[ORNITH-SYCL-ACTUAL] op=L2_NORM name=q_conv_predelta-8 ne=128x16x1x1
[ORNITH-SYCL-ACTUAL] op=L2_NORM name=k_conv_predelta-8 ne=128x16x1x1
[ORNITH-SYCL-ACTUAL] op=MUL_MAT name=node_778 ne=32x1x1x1
[ORNITH-SYCL-ACTUAL] op=MUL_MAT name=node_784 ne=32x1x1x1
[ORNITH-SYCL-ACTUAL] op=UNARY name=beta_sigmoid-8 ne=1x32x1x1
[ORNITH-SYCL-ACTUAL] op=MUL_MAT name=z-8 ne=4096x1x1x1
[ORNITH-SYCL-ACTUAL] op=MUL_MAT name=linear_attn_out-8 ne=2048x1x1x1
[ORNITH-SYCL-ACTUAL] op=MUL_MAT name=ffn_moe_logits-8 ne=256x1x1x1
[ORNITH-SYCL-ACTUAL] op=MUL_MAT_ID name=ffn_moe_down-8 ne=2048x8x1x1
[ORNITH-SYCL-ACTUAL] op=MUL name=ffn_moe_weighted-8 ne=2048x8x1x1
[ORNITH-SYCL-ACTUAL] op=MUL_MAT name=ffn_shexp-8 ne=2048x1x1x1
[ORNITH-SYCL-ACTUAL] op=MUL_MAT name=shared_expert_gate-8 ne=1x1x1x1
[ORNITH-SYCL-ACTUAL] op=MUL_MAT name=node_856 ne=8192x1x1x1
[ORNITH-SYCL-ACTUAL] op=L2_NORM name=q_conv_predelta-9 ne=128x16x1x1
[ORNITH-SYCL-ACTUAL] op=L2_NORM name=k_conv_predelta-9 ne=128x16x1x1
[ORNITH-SYCL-ACTUAL] op=MUL_MAT name=node_877 ne=32x1x1x1
[ORNITH-SYCL-ACTUAL] op=MUL_MAT name=node_883 ne=32x1x1x1
[ORNITH-SYCL-ACTUAL] op=UNARY name=beta_sigmoid-9 ne=1x32x1x1
[ORNITH-SYCL-ACTUAL] op=MUL_MAT name=z-9 ne=4096x1x1x1
[ORNITH-SYCL-ACTUAL] op=MUL_MAT name=linear_attn_out-9 ne=2048x1x1x1
[ORNITH-SYCL-ACTUAL] op=MUL_MAT name=ffn_moe_logits-9 ne=256x1x1x1
[ORNITH-SYCL-ACTUAL] op=MUL_MAT_ID name=ffn_moe_down-9 ne=2048x8x1x1
[ORNITH-SYCL-ACTUAL] op=MUL name=ffn_moe_weighted-9 ne=2048x8x1x1
[ORNITH-SYCL-ACTUAL] op=MUL_MAT name=ffn_shexp-9 ne=2048x1x1x1
[ORNITH-SYCL-ACTUAL] op=MUL_MAT name=shared_expert_gate-9 ne=1x1x1x1
[ORNITH-SYCL-ACTUAL] op=MUL_MAT name=node_955 ne=8192x1x1x1
[ORNITH-SYCL-ACTUAL] op=L2_NORM name=q_conv_predelta-10 ne=128x16x1x1
[ORNITH-SYCL-ACTUAL] op=L2_NORM name=k_conv_predelta-10 ne=128x16x1x1
[ORNITH-SYCL-ACTUAL] op=MUL_MAT name=node_976 ne=32x1x1x1
[ORNITH-SYCL-ACTUAL] op=MUL_MAT name=node_982 ne=32x1x1x1
[ORNITH-SYCL-ACTUAL] op=UNARY name=beta_sigmoid-10 ne=1x32x1x1
[ORNITH-SYCL-ACTUAL] op=MUL_MAT name=z-10 ne=4096x1x1x1
[ORNITH-SYCL-ACTUAL] op=MUL_MAT name=linear_attn_out-10 ne=2048x1x1x1
[ORNITH-SYCL-ACTUAL] op=MUL_MAT name=ffn_moe_logits-10 ne=256x1x1x1
[ORNITH-SYCL-ACTUAL] op=MUL_MAT_ID name=ffn_moe_down-10 ne=2048x8x1x1
[ORNITH-SYCL-ACTUAL] op=MUL name=ffn_moe_weighted-10 ne=2048x8x1x1
[ORNITH-SYCL-ACTUAL] op=MUL_MAT name=ffn_shexp-10 ne=2048x1x1x1
[ORNITH-SYCL-ACTUAL] op=MUL_MAT name=shared_expert_gate-10 ne=1x1x1x1
[ORNITH-SYCL-ACTUAL] op=MUL_MAT name=Qcur_full-11 ne=8192x1x1x1
[ORNITH-SYCL-ACTUAL] op=MUL_MAT name=Vcur-11 ne=512x1x1x1
[ORNITH-SYCL-ACTUAL] op=MUL_MAT name=Kcur-11 ne=512x1x1x1
[ORNITH-SYCL-ACTUAL] op=SET_ROWS name=cache_v_l11 (view) ne=512x2048x1x1
[ORNITH-SYCL-ACTUAL] op=FLASH_ATTN_EXT name=node_1068 ne=256x16x1x1
[ORNITH-SYCL-ACTUAL] op=CONT name=gate_reshaped-11 ne=4096x1x1x1
[ORNITH-SYCL-ACTUAL] op=MUL_MAT name=attn_output-11 ne=2048x1x1x1
[ORNITH-SYCL-ACTUAL] op=MUL_MAT name=ffn_moe_logits-11 ne=256x1x1x1
[ORNITH-SYCL-ACTUAL] op=MUL_MAT_ID name=ffn_moe_down-11 ne=2048x8x1x1
[ORNITH-SYCL-ACTUAL] op=MUL name=ffn_moe_weighted-11 ne=2048x8x1x1
[ORNITH-SYCL-ACTUAL] op=MUL_MAT name=ffn_shexp-11 ne=2048x1x1x1
[ORNITH-SYCL-ACTUAL] op=MUL_MAT name=shared_expert_gate-11 ne=1x1x1x1
[ORNITH-SYCL-ACTUAL] op=MUL_MAT name=node_1129 ne=8192x1x1x1
[ORNITH-SYCL-ACTUAL] op=L2_NORM name=q_conv_predelta-12 ne=128x16x1x1
[ORNITH-SYCL-ACTUAL] op=L2_NORM name=k_conv_predelta-12 ne=128x16x1x1
[ORNITH-SYCL-ACTUAL] op=MUL_MAT name=node_1150 ne=32x1x1x1
[ORNITH-SYCL-ACTUAL] op=MUL_MAT name=node_1156 ne=32x1x1x1
[ORNITH-SYCL-ACTUAL] op=UNARY name=beta_sigmoid-12 ne=1x32x1x1
[ORNITH-SYCL-ACTUAL] op=MUL_MAT name=z-12 ne=4096x1x1x1
[ORNITH-SYCL-ACTUAL] op=MUL_MAT name=linear_attn_out-12 ne=2048x1x1x1
[ORNITH-SYCL-ACTUAL] op=MUL_MAT name=ffn_moe_logits-12 ne=256x1x1x1
[ORNITH-SYCL-ACTUAL] op=MUL_MAT_ID name=ffn_moe_down-12 ne=2048x8x1x1
[ORNITH-SYCL-ACTUAL] op=MUL name=ffn_moe_weighted-12 ne=2048x8x1x1
[ORNITH-SYCL-ACTUAL] op=MUL_MAT name=ffn_shexp-12 ne=2048x1x1x1
[ORNITH-SYCL-ACTUAL] op=MUL_MAT name=shared_expert_gate-12 ne=1x1x1x1
[ORNITH-SYCL-ACTUAL] op=MUL_MAT name=node_1228 ne=8192x1x1x1
[ORNITH-SYCL-ACTUAL] op=L2_NORM name=q_conv_predelta-13 ne=128x16x1x1
[ORNITH-SYCL-ACTUAL] op=L2_NORM name=k_conv_predelta-13 ne=128x16x1x1
[ORNITH-SYCL-ACTUAL] op=MUL_MAT name=node_1249 ne=32x1x1x1
[ORNITH-SYCL-ACTUAL] op=MUL_MAT name=node_1255 ne=32x1x1x1
[ORNITH-SYCL-ACTUAL] op=UNARY name=beta_sigmoid-13 ne=1x32x1x1
[ORNITH-SYCL-ACTUAL] op=MUL_MAT name=z-13 ne=4096x1x1x1
[ORNITH-SYCL-ACTUAL] op=MUL_MAT name=linear_attn_out-13 ne=2048x1x1x1
[ORNITH-SYCL-ACTUAL] op=MUL_MAT name=ffn_moe_logits-13 ne=256x1x1x1
[ORNITH-SYCL-ACTUAL] op=MUL_MAT_ID name=ffn_moe_down-13 ne=2048x8x1x1
[ORNITH-SYCL-ACTUAL] op=MUL name=ffn_moe_weighted-13 ne=2048x8x1x1
[ORNITH-SYCL-ACTUAL] op=MUL_MAT name=ffn_shexp-13 ne=2048x1x1x1
[ORNITH-SYCL-ACTUAL] op=MUL_MAT name=shared_expert_gate-13 ne=1x1x1x1
[ORNITH-SYCL-ACTUAL] op=MUL_MAT name=node_1327 ne=8192x1x1x1
[ORNITH-SYCL-ACTUAL] op=L2_NORM name=q_conv_predelta-14 ne=128x16x1x1
[ORNITH-SYCL-ACTUAL] op=L2_NORM name=k_conv_predelta-14 ne=128x16x1x1
[ORNITH-SYCL-ACTUAL] op=MUL_MAT name=node_1348 ne=32x1x1x1
[ORNITH-SYCL-ACTUAL] op=MUL_MAT name=node_1354 ne=32x1x1x1
[ORNITH-SYCL-ACTUAL] op=UNARY name=beta_sigmoid-14 ne=1x32x1x1
[ORNITH-SYCL-ACTUAL] op=MUL_MAT name=z-14 ne=4096x1x1x1
[ORNITH-SYCL-ACTUAL] op=MUL_MAT name=linear_attn_out-14 ne=2048x1x1x1
[ORNITH-SYCL-ACTUAL] op=MUL_MAT name=ffn_moe_logits-14 ne=256x1x1x1
[ORNITH-SYCL-ACTUAL] op=MUL_MAT_ID name=ffn_moe_down-14 ne=2048x8x1x1
[ORNITH-SYCL-ACTUAL] op=MUL name=ffn_moe_weighted-14 ne=2048x8x1x1
[ORNITH-SYCL-ACTUAL] op=MUL_MAT name=ffn_shexp-14 ne=2048x1x1x1
[ORNITH-SYCL-ACTUAL] op=MUL_MAT name=shared_expert_gate-14 ne=1x1x1x1
[ORNITH-SYCL-ACTUAL] op=MUL_MAT name=Qcur_full-15 ne=8192x1x1x1
[ORNITH-SYCL-ACTUAL] op=MUL_MAT name=Vcur-15 ne=512x1x1x1
[ORNITH-SYCL-ACTUAL] op=MUL_MAT name=Kcur-15 ne=512x1x1x1
[ORNITH-SYCL-ACTUAL] op=SET_ROWS name=cache_v_l15 (view) ne=512x2048x1x1
[ORNITH-SYCL-ACTUAL] op=FLASH_ATTN_EXT name=node_1440 ne=256x16x1x1
[ORNITH-SYCL-ACTUAL] op=CONT name=gate_reshaped-15 ne=4096x1x1x1
[ORNITH-SYCL-ACTUAL] op=MUL_MAT name=attn_output-15 ne=2048x1x1x1
[ORNITH-SYCL-ACTUAL] op=MUL_MAT name=ffn_moe_logits-15 ne=256x1x1x1
[ORNITH-SYCL-ACTUAL] op=MUL_MAT_ID name=ffn_moe_down-15 ne=2048x8x1x1
[ORNITH-SYCL-ACTUAL] op=MUL name=ffn_moe_weighted-15 ne=2048x8x1x1
[ORNITH-SYCL-ACTUAL] op=MUL_MAT name=ffn_shexp-15 ne=2048x1x1x1
[ORNITH-SYCL-ACTUAL] op=MUL_MAT name=shared_expert_gate-15 ne=1x1x1x1
[ORNITH-SYCL-ACTUAL] op=MUL_MAT name=node_1501 ne=8192x1x1x1
[ORNITH-SYCL-ACTUAL] op=L2_NORM name=q_conv_predelta-16 ne=128x16x1x1
[ORNITH-SYCL-ACTUAL] op=L2_NORM name=k_conv_predelta-16 ne=128x16x1x1
[ORNITH-SYCL-ACTUAL] op=MUL_MAT name=node_1522 ne=32x1x1x1
[ORNITH-SYCL-ACTUAL] op=MUL_MAT name=node_1528 ne=32x1x1x1
[ORNITH-SYCL-ACTUAL] op=UNARY name=beta_sigmoid-16 ne=1x32x1x1
[ORNITH-SYCL-ACTUAL] op=MUL_MAT name=z-16 ne=4096x1x1x1
[ORNITH-SYCL-ACTUAL] op=MUL_MAT name=linear_attn_out-16 ne=2048x1x1x1
[ORNITH-SYCL-ACTUAL] op=MUL_MAT name=ffn_moe_logits-16 ne=256x1x1x1
[ORNITH-SYCL-ACTUAL] op=MUL_MAT_ID name=ffn_moe_down-16 ne=2048x8x1x1
[ORNITH-SYCL-ACTUAL] op=MUL name=ffn_moe_weighted-16 ne=2048x8x1x1
[ORNITH-SYCL-ACTUAL] op=MUL_MAT name=ffn_shexp-16 ne=2048x1x1x1
[ORNITH-SYCL-ACTUAL] op=MUL_MAT name=shared_expert_gate-16 ne=1x1x1x1
[ORNITH-SYCL-ACTUAL] op=MUL_MAT name=node_1600 ne=8192x1x1x1
[ORNITH-SYCL-ACTUAL] op=L2_NORM name=q_conv_predelta-17 ne=128x16x1x1
[ORNITH-SYCL-ACTUAL] op=L2_NORM name=k_conv_predelta-17 ne=128x16x1x1
[ORNITH-SYCL-ACTUAL] op=MUL_MAT name=node_1621 ne=32x1x1x1
[ORNITH-SYCL-ACTUAL] op=MUL_MAT name=node_1627 ne=32x1x1x1
[ORNITH-SYCL-ACTUAL] op=UNARY name=beta_sigmoid-17 ne=1x32x1x1
[ORNITH-SYCL-ACTUAL] op=MUL_MAT name=z-17 ne=4096x1x1x1
[ORNITH-SYCL-ACTUAL] op=MUL_MAT name=linear_attn_out-17 ne=2048x1x1x1
[ORNITH-SYCL-ACTUAL] op=MUL_MAT name=ffn_moe_logits-17 ne=256x1x1x1
[ORNITH-SYCL-ACTUAL] op=MUL_MAT_ID name=ffn_moe_down-17 ne=2048x8x1x1
[ORNITH-SYCL-ACTUAL] op=MUL name=ffn_moe_weighted-17 ne=2048x8x1x1
[ORNITH-SYCL-ACTUAL] op=MUL_MAT name=ffn_shexp-17 ne=2048x1x1x1
[ORNITH-SYCL-ACTUAL] op=MUL_MAT name=shared_expert_gate-17 ne=1x1x1x1
[ORNITH-SYCL-ACTUAL] op=MUL_MAT name=node_1699 ne=8192x1x1x1
[ORNITH-SYCL-ACTUAL] op=L2_NORM name=q_conv_predelta-18 ne=128x16x1x1
[ORNITH-SYCL-ACTUAL] op=L2_NORM name=k_conv_predelta-18 ne=128x16x1x1
[ORNITH-SYCL-ACTUAL] op=MUL_MAT name=node_1720 ne=32x1x1x1
[ORNITH-SYCL-ACTUAL] op=MUL_MAT name=node_1726 ne=32x1x1x1
[ORNITH-SYCL-ACTUAL] op=UNARY name=beta_sigmoid-18 ne=1x32x1x1
[ORNITH-SYCL-ACTUAL] op=MUL_MAT name=z-18 ne=4096x1x1x1
[ORNITH-SYCL-ACTUAL] op=MUL_MAT name=linear_attn_out-18 ne=2048x1x1x1
[ORNITH-SYCL-ACTUAL] op=MUL_MAT name=ffn_moe_logits-18 ne=256x1x1x1
[ORNITH-SYCL-ACTUAL] op=MUL_MAT_ID name=ffn_moe_down-18 ne=2048x8x1x1
[ORNITH-SYCL-ACTUAL] op=MUL name=ffn_moe_weighted-18 ne=2048x8x1x1
[ORNITH-SYCL-ACTUAL] op=MUL_MAT name=ffn_shexp-18 ne=2048x1x1x1
[ORNITH-SYCL-ACTUAL] op=MUL_MAT name=shared_expert_gate-18 ne=1x1x1x1
[ORNITH-SYCL-ACTUAL] op=MUL_MAT name=Qcur_full-19 ne=8192x1x1x1
[ORNITH-SYCL-ACTUAL] op=MUL_MAT name=Vcur-19 ne=512x1x1x1
[ORNITH-SYCL-ACTUAL] op=MUL_MAT name=Kcur-19 ne=512x1x1x1
[ORNITH-SYCL-ACTUAL] op=SET_ROWS name=cache_v_l19 (view) ne=512x2048x1x1
[ORNITH-SYCL-ACTUAL] op=FLASH_ATTN_EXT name=node_1812 ne=256x16x1x1
[ORNITH-SYCL-ACTUAL] op=CONT name=gate_reshaped-19 ne=4096x1x1x1
[ORNITH-SYCL-ACTUAL] op=MUL_MAT name=attn_output-19 ne=2048x1x1x1
[ORNITH-SYCL-ACTUAL] op=MUL_MAT name=ffn_moe_logits-19 ne=256x1x1x1
[ORNITH-SYCL-ACTUAL] op=MUL_MAT_ID name=ffn_moe_down-19 ne=2048x8x1x1
[ORNITH-SYCL-ACTUAL] op=MUL name=ffn_moe_weighted-19 ne=2048x8x1x1
[ORNITH-SYCL-ACTUAL] op=MUL_MAT name=ffn_shexp-19 ne=2048x1x1x1
[ORNITH-SYCL-ACTUAL] op=MUL_MAT name=shared_expert_gate-19 ne=1x1x1x1
[ORNITH-SYCL-ACTUAL] op=MUL_MAT name=node_1873 ne=8192x1x1x1
[ORNITH-SYCL-ACTUAL] op=L2_NORM name=q_conv_predelta-20 ne=128x16x1x1
[ORNITH-SYCL-ACTUAL] op=L2_NORM name=k_conv_predelta-20 ne=128x16x1x1
[ORNITH-SYCL-ACTUAL] op=MUL_MAT name=node_1894 ne=32x1x1x1
[ORNITH-SYCL-ACTUAL] op=MUL_MAT name=node_1900 ne=32x1x1x1
[ORNITH-SYCL-ACTUAL] op=UNARY name=beta_sigmoid-20 ne=1x32x1x1
[ORNITH-SYCL-ACTUAL] op=MUL_MAT name=z-20 ne=4096x1x1x1
[ORNITH-SYCL-ACTUAL] op=MUL_MAT name=linear_attn_out-20 ne=2048x1x1x1
[ORNITH-SYCL-ACTUAL] op=MUL_MAT name=ffn_moe_logits-20 ne=256x1x1x1
[ORNITH-SYCL-ACTUAL] op=MUL_MAT_ID name=ffn_moe_down-20 ne=2048x8x1x1
[ORNITH-SYCL-ACTUAL] op=MUL name=ffn_moe_weighted-20 ne=2048x8x1x1
[ORNITH-SYCL-ACTUAL] op=MUL_MAT name=ffn_shexp-20 ne=2048x1x1x1
[ORNITH-SYCL-ACTUAL] op=MUL_MAT name=shared_expert_gate-20 ne=1x1x1x1
[ORNITH-SYCL-ACTUAL] op=MUL_MAT name=node_1972 ne=8192x1x1x1
[ORNITH-SYCL-ACTUAL] op=L2_NORM name=q_conv_predelta-21 ne=128x16x1x1
[ORNITH-SYCL-ACTUAL] op=L2_NORM name=k_conv_predelta-21 ne=128x16x1x1
[ORNITH-SYCL-ACTUAL] op=MUL_MAT name=node_1993 ne=32x1x1x1
[ORNITH-SYCL-ACTUAL] op=MUL_MAT name=node_1999 ne=32x1x1x1
[ORNITH-SYCL-ACTUAL] op=UNARY name=beta_sigmoid-21 ne=1x32x1x1
[ORNITH-SYCL-ACTUAL] op=MUL_MAT name=z-21 ne=4096x1x1x1
[ORNITH-SYCL-ACTUAL] op=MUL_MAT name=linear_attn_out-21 ne=2048x1x1x1
[ORNITH-SYCL-ACTUAL] op=MUL_MAT name=ffn_moe_logits-21 ne=256x1x1x1
[ORNITH-SYCL-ACTUAL] op=MUL_MAT_ID name=ffn_moe_down-21 ne=2048x8x1x1
[ORNITH-SYCL-ACTUAL] op=MUL name=ffn_moe_weighted-21 ne=2048x8x1x1
[ORNITH-SYCL-ACTUAL] op=MUL_MAT name=ffn_shexp-21 ne=2048x1x1x1
[ORNITH-SYCL-ACTUAL] op=MUL_MAT name=shared_expert_gate-21 ne=1x1x1x1
[ORNITH-SYCL-ACTUAL] op=MUL_MAT name=node_2071 ne=8192x1x1x1
[ORNITH-SYCL-ACTUAL] op=L2_NORM name=q_conv_predelta-22 ne=128x16x1x1
[ORNITH-SYCL-ACTUAL] op=L2_NORM name=k_conv_predelta-22 ne=128x16x1x1
[ORNITH-SYCL-ACTUAL] op=MUL_MAT name=node_2092 ne=32x1x1x1
[ORNITH-SYCL-ACTUAL] op=MUL_MAT name=node_2098 ne=32x1x1x1
[ORNITH-SYCL-ACTUAL] op=UNARY name=beta_sigmoid-22 ne=1x32x1x1
[ORNITH-SYCL-ACTUAL] op=MUL_MAT name=z-22 ne=4096x1x1x1
[ORNITH-SYCL-ACTUAL] op=MUL_MAT name=linear_attn_out-22 ne=2048x1x1x1
[ORNITH-SYCL-ACTUAL] op=MUL_MAT name=ffn_moe_logits-22 ne=256x1x1x1
[ORNITH-SYCL-ACTUAL] op=MUL_MAT_ID name=ffn_moe_down-22 ne=2048x8x1x1
[ORNITH-SYCL-ACTUAL] op=MUL name=ffn_moe_weighted-22 ne=2048x8x1x1
[ORNITH-SYCL-ACTUAL] op=MUL_MAT name=ffn_shexp-22 ne=2048x1x1x1
[ORNITH-SYCL-ACTUAL] op=MUL_MAT name=shared_expert_gate-22 ne=1x1x1x1
[ORNITH-SYCL-ACTUAL] op=MUL_MAT name=Qcur_full-23 ne=8192x1x1x1
[ORNITH-SYCL-ACTUAL] op=MUL_MAT name=Vcur-23 ne=512x1x1x1
[ORNITH-SYCL-ACTUAL] op=MUL_MAT name=Kcur-23 ne=512x1x1x1
[ORNITH-SYCL-ACTUAL] op=SET_ROWS name=cache_v_l23 (view) ne=512x2048x1x1
[ORNITH-SYCL-ACTUAL] op=FLASH_ATTN_EXT name=node_2184 ne=256x16x1x1
[ORNITH-SYCL-ACTUAL] op=CONT name=gate_reshaped-23 ne=4096x1x1x1
[ORNITH-SYCL-ACTUAL] op=MUL_MAT name=attn_output-23 ne=2048x1x1x1
[ORNITH-SYCL-ACTUAL] op=MUL_MAT name=ffn_moe_logits-23 ne=256x1x1x1
[ORNITH-SYCL-ACTUAL] op=MUL_MAT_ID name=ffn_moe_down-23 ne=2048x8x1x1
[ORNITH-SYCL-ACTUAL] op=MUL name=ffn_moe_weighted-23 ne=2048x8x1x1
[ORNITH-SYCL-ACTUAL] op=MUL_MAT name=ffn_shexp-23 ne=2048x1x1x1
[ORNITH-SYCL-ACTUAL] op=MUL_MAT name=shared_expert_gate-23 ne=1x1x1x1
[ORNITH-SYCL-ACTUAL] op=MUL_MAT name=node_2245 ne=8192x1x1x1
[ORNITH-SYCL-ACTUAL] op=L2_NORM name=q_conv_predelta-24 ne=128x16x1x1
[ORNITH-SYCL-ACTUAL] op=L2_NORM name=k_conv_predelta-24 ne=128x16x1x1
[ORNITH-SYCL-ACTUAL] op=MUL_MAT name=node_2266 ne=32x1x1x1
[ORNITH-SYCL-ACTUAL] op=MUL_MAT name=node_2272 ne=32x1x1x1
[ORNITH-SYCL-ACTUAL] op=UNARY name=beta_sigmoid-24 ne=1x32x1x1
[ORNITH-SYCL-ACTUAL] op=MUL_MAT name=z-24 ne=4096x1x1x1
[ORNITH-SYCL-ACTUAL] op=MUL_MAT name=linear_attn_out-24 ne=2048x1x1x1
[ORNITH-SYCL-ACTUAL] op=MUL_MAT name=ffn_moe_logits-24 ne=256x1x1x1
[ORNITH-SYCL-ACTUAL] op=MUL_MAT_ID name=ffn_moe_down-24 ne=2048x8x1x1
[ORNITH-SYCL-ACTUAL] op=MUL name=ffn_moe_weighted-24 ne=2048x8x1x1
[ORNITH-SYCL-ACTUAL] op=MUL_MAT name=ffn_shexp-24 ne=2048x1x1x1
[ORNITH-SYCL-ACTUAL] op=MUL_MAT name=shared_expert_gate-24 ne=1x1x1x1
[ORNITH-SYCL-ACTUAL] op=MUL_MAT name=node_2344 ne=8192x1x1x1
[ORNITH-SYCL-ACTUAL] op=L2_NORM name=q_conv_predelta-25 ne=128x16x1x1
[ORNITH-SYCL-ACTUAL] op=L2_NORM name=k_conv_predelta-25 ne=128x16x1x1
[ORNITH-SYCL-ACTUAL] op=MUL_MAT name=node_2365 ne=32x1x1x1
[ORNITH-SYCL-ACTUAL] op=MUL_MAT name=node_2371 ne=32x1x1x1
[ORNITH-SYCL-ACTUAL] op=UNARY name=beta_sigmoid-25 ne=1x32x1x1
[ORNITH-SYCL-ACTUAL] op=MUL_MAT name=z-25 ne=4096x1x1x1
[ORNITH-SYCL-ACTUAL] op=MUL_MAT name=linear_attn_out-25 ne=2048x1x1x1
[ORNITH-SYCL-ACTUAL] op=MUL_MAT name=ffn_moe_logits-25 ne=256x1x1x1
[ORNITH-SYCL-ACTUAL] op=MUL_MAT_ID name=ffn_moe_down-25 ne=2048x8x1x1
[ORNITH-SYCL-ACTUAL] op=MUL name=ffn_moe_weighted-25 ne=2048x8x1x1
[ORNITH-SYCL-ACTUAL] op=MUL_MAT name=ffn_shexp-25 ne=2048x1x1x1
[ORNITH-SYCL-ACTUAL] op=MUL_MAT name=shared_expert_gate-25 ne=1x1x1x1
[ORNITH-SYCL-ACTUAL] op=MUL_MAT name=node_2443 ne=8192x1x1x1
[ORNITH-SYCL-ACTUAL] op=L2_NORM name=q_conv_predelta-26 ne=128x16x1x1
[ORNITH-SYCL-ACTUAL] op=L2_NORM name=k_conv_predelta-26 ne=128x16x1x1
[ORNITH-SYCL-ACTUAL] op=MUL_MAT name=node_2464 ne=32x1x1x1
[ORNITH-SYCL-ACTUAL] op=MUL_MAT name=node_2470 ne=32x1x1x1
[ORNITH-SYCL-ACTUAL] op=UNARY name=beta_sigmoid-26 ne=1x32x1x1
[ORNITH-SYCL-ACTUAL] op=MUL_MAT name=z-26 ne=4096x1x1x1
[ORNITH-SYCL-ACTUAL] op=MUL_MAT name=linear_attn_out-26 ne=2048x1x1x1
[ORNITH-SYCL-ACTUAL] op=MUL_MAT name=ffn_moe_logits-26 ne=256x1x1x1
[ORNITH-SYCL-ACTUAL] op=MUL_MAT_ID name=ffn_moe_down-26 ne=2048x8x1x1
[ORNITH-SYCL-ACTUAL] op=MUL name=ffn_moe_weighted-26 ne=2048x8x1x1
[ORNITH-SYCL-ACTUAL] op=MUL_MAT name=ffn_shexp-26 ne=2048x1x1x1
[ORNITH-SYCL-ACTUAL] op=MUL_MAT name=shared_expert_gate-26 ne=1x1x1x1
[ORNITH-SYCL-ACTUAL] op=MUL_MAT name=Qcur_full-27 ne=8192x1x1x1
[ORNITH-SYCL-ACTUAL] op=MUL_MAT name=Vcur-27 ne=512x1x1x1
[ORNITH-SYCL-ACTUAL] op=MUL_MAT name=Kcur-27 ne=512x1x1x1
[ORNITH-SYCL-ACTUAL] op=SET_ROWS name=cache_v_l27 (view) ne=512x2048x1x1
[ORNITH-SYCL-ACTUAL] op=FLASH_ATTN_EXT name=node_2556 ne=256x16x1x1
[ORNITH-SYCL-ACTUAL] op=CONT name=gate_reshaped-27 ne=4096x1x1x1
[ORNITH-SYCL-ACTUAL] op=MUL_MAT name=attn_output-27 ne=2048x1x1x1
[ORNITH-SYCL-ACTUAL] op=MUL_MAT name=ffn_moe_logits-27 ne=256x1x1x1
[ORNITH-SYCL-ACTUAL] op=MUL_MAT_ID name=ffn_moe_down-27 ne=2048x8x1x1
[ORNITH-SYCL-ACTUAL] op=MUL name=ffn_moe_weighted-27 ne=2048x8x1x1
[ORNITH-SYCL-ACTUAL] op=MUL_MAT name=ffn_shexp-27 ne=2048x1x1x1
[ORNITH-SYCL-ACTUAL] op=MUL_MAT name=shared_expert_gate-27 ne=1x1x1x1
[ORNITH-SYCL-ACTUAL] op=MUL_MAT name=node_2617 ne=8192x1x1x1
[ORNITH-SYCL-ACTUAL] op=L2_NORM name=q_conv_predelta-28 ne=128x16x1x1
[ORNITH-SYCL-ACTUAL] op=L2_NORM name=k_conv_predelta-28 ne=128x16x1x1
[ORNITH-SYCL-ACTUAL] op=MUL_MAT name=node_2638 ne=32x1x1x1
[ORNITH-SYCL-ACTUAL] op=MUL_MAT name=node_2644 ne=32x1x1x1
[ORNITH-SYCL-ACTUAL] op=UNARY name=beta_sigmoid-28 ne=1x32x1x1
[ORNITH-SYCL-ACTUAL] op=MUL_MAT name=z-28 ne=4096x1x1x1
[ORNITH-SYCL-ACTUAL] op=MUL_MAT name=linear_attn_out-28 ne=2048x1x1x1
[ORNITH-SYCL-ACTUAL] op=MUL_MAT name=ffn_moe_logits-28 ne=256x1x1x1
[ORNITH-SYCL-ACTUAL] op=MUL_MAT_ID name=ffn_moe_down-28 ne=2048x8x1x1
[ORNITH-SYCL-ACTUAL] op=MUL name=ffn_moe_weighted-28 ne=2048x8x1x1
[ORNITH-SYCL-ACTUAL] op=MUL_MAT name=ffn_shexp-28 ne=2048x1x1x1
[ORNITH-SYCL-ACTUAL] op=MUL_MAT name=shared_expert_gate-28 ne=1x1x1x1
[ORNITH-SYCL-ACTUAL] op=MUL_MAT name=node_2716 ne=8192x1x1x1
[ORNITH-SYCL-ACTUAL] op=L2_NORM name=q_conv_predelta-29 ne=128x16x1x1
[ORNITH-SYCL-ACTUAL] op=L2_NORM name=k_conv_predelta-29 ne=128x16x1x1
[ORNITH-SYCL-ACTUAL] op=MUL_MAT name=node_2737 ne=32x1x1x1
[ORNITH-SYCL-ACTUAL] op=MUL_MAT name=node_2743 ne=32x1x1x1
[ORNITH-SYCL-ACTUAL] op=UNARY name=beta_sigmoid-29 ne=1x32x1x1
[ORNITH-SYCL-ACTUAL] op=MUL_MAT name=z-29 ne=4096x1x1x1
[ORNITH-SYCL-ACTUAL] op=MUL_MAT name=linear_attn_out-29 ne=2048x1x1x1
[ORNITH-SYCL-ACTUAL] op=MUL_MAT name=ffn_moe_logits-29 ne=256x1x1x1
[ORNITH-SYCL-ACTUAL] op=MUL_MAT_ID name=ffn_moe_down-29 ne=2048x8x1x1
[ORNITH-SYCL-ACTUAL] op=MUL name=ffn_moe_weighted-29 ne=2048x8x1x1
[ORNITH-SYCL-ACTUAL] op=MUL_MAT name=ffn_shexp-29 ne=2048x1x1x1
[ORNITH-SYCL-ACTUAL] op=MUL_MAT name=shared_expert_gate-29 ne=1x1x1x1
[ORNITH-SYCL-ACTUAL] op=MUL_MAT name=node_2815 ne=8192x1x1x1
[ORNITH-SYCL-ACTUAL] op=L2_NORM name=q_conv_predelta-30 ne=128x16x1x1
[ORNITH-SYCL-ACTUAL] op=L2_NORM name=k_conv_predelta-30 ne=128x16x1x1
[ORNITH-SYCL-ACTUAL] op=MUL_MAT name=node_2836 ne=32x1x1x1
[ORNITH-SYCL-ACTUAL] op=MUL_MAT name=node_2842 ne=32x1x1x1
[ORNITH-SYCL-ACTUAL] op=UNARY name=beta_sigmoid-30 ne=1x32x1x1
[ORNITH-SYCL-ACTUAL] op=MUL_MAT name=z-30 ne=4096x1x1x1
[ORNITH-SYCL-ACTUAL] op=MUL_MAT name=linear_attn_out-30 ne=2048x1x1x1
[ORNITH-SYCL-ACTUAL] op=MUL_MAT name=ffn_moe_logits-30 ne=256x1x1x1
[ORNITH-SYCL-ACTUAL] op=MUL_MAT_ID name=ffn_moe_down-30 ne=2048x8x1x1
[ORNITH-SYCL-ACTUAL] op=MUL name=ffn_moe_weighted-30 ne=2048x8x1x1
[ORNITH-SYCL-ACTUAL] op=MUL_MAT name=ffn_shexp-30 ne=2048x1x1x1
[ORNITH-SYCL-ACTUAL] op=MUL_MAT name=shared_expert_gate-30 ne=1x1x1x1
[ORNITH-SYCL-ACTUAL] op=MUL_MAT name=Qcur_full-31 ne=8192x1x1x1
[ORNITH-SYCL-ACTUAL] op=MUL_MAT name=Vcur-31 ne=512x1x1x1
[ORNITH-SYCL-ACTUAL] op=MUL_MAT name=Kcur-31 ne=512x1x1x1
[ORNITH-SYCL-ACTUAL] op=SET_ROWS name=cache_v_l31 (view) ne=512x2048x1x1
[ORNITH-SYCL-ACTUAL] op=FLASH_ATTN_EXT name=node_2928 ne=256x16x1x1
[ORNITH-SYCL-ACTUAL] op=CONT name=gate_reshaped-31 ne=4096x1x1x1
[ORNITH-SYCL-ACTUAL] op=MUL_MAT name=attn_output-31 ne=2048x1x1x1
[ORNITH-SYCL-ACTUAL] op=MUL_MAT name=ffn_moe_logits-31 ne=256x1x1x1
[ORNITH-SYCL-ACTUAL] op=MUL_MAT_ID name=ffn_moe_down-31 ne=2048x8x1x1
[ORNITH-SYCL-ACTUAL] op=MUL name=ffn_moe_weighted-31 ne=2048x8x1x1
[ORNITH-SYCL-ACTUAL] op=MUL_MAT name=ffn_shexp-31 ne=2048x1x1x1
[ORNITH-SYCL-ACTUAL] op=MUL_MAT name=shared_expert_gate-31 ne=1x1x1x1
[ORNITH-SYCL-ACTUAL] op=MUL_MAT name=node_2989 ne=8192x1x1x1
[ORNITH-SYCL-ACTUAL] op=L2_NORM name=q_conv_predelta-32 ne=128x16x1x1
[ORNITH-SYCL-ACTUAL] op=L2_NORM name=k_conv_predelta-32 ne=128x16x1x1
[ORNITH-SYCL-ACTUAL] op=MUL_MAT name=node_3010 ne=32x1x1x1
[ORNITH-SYCL-ACTUAL] op=MUL_MAT name=node_3016 ne=32x1x1x1
[ORNITH-SYCL-ACTUAL] op=UNARY name=beta_sigmoid-32 ne=1x32x1x1
[ORNITH-SYCL-ACTUAL] op=MUL_MAT name=z-32 ne=4096x1x1x1
[ORNITH-SYCL-ACTUAL] op=MUL_MAT name=linear_attn_out-32 ne=2048x1x1x1
[ORNITH-SYCL-ACTUAL] op=MUL_MAT name=ffn_moe_logits-32 ne=256x1x1x1
[ORNITH-SYCL-ACTUAL] op=MUL_MAT_ID name=ffn_moe_down-32 ne=2048x8x1x1
[ORNITH-SYCL-ACTUAL] op=MUL name=ffn_moe_weighted-32 ne=2048x8x1x1
[ORNITH-SYCL-ACTUAL] op=MUL_MAT name=ffn_shexp-32 ne=2048x1x1x1
[ORNITH-SYCL-ACTUAL] op=MUL_MAT name=shared_expert_gate-32 ne=1x1x1x1
[ORNITH-SYCL-ACTUAL] op=MUL_MAT name=node_3088 ne=8192x1x1x1
[ORNITH-SYCL-ACTUAL] op=L2_NORM name=q_conv_predelta-33 ne=128x16x1x1
[ORNITH-SYCL-ACTUAL] op=L2_NORM name=k_conv_predelta-33 ne=128x16x1x1
[ORNITH-SYCL-ACTUAL] op=MUL_MAT name=node_3109 ne=32x1x1x1
[ORNITH-SYCL-ACTUAL] op=MUL_MAT name=node_3115 ne=32x1x1x1
[ORNITH-SYCL-ACTUAL] op=UNARY name=beta_sigmoid-33 ne=1x32x1x1
[ORNITH-SYCL-ACTUAL] op=MUL_MAT name=z-33 ne=4096x1x1x1
[ORNITH-SYCL-ACTUAL] op=MUL_MAT name=linear_attn_out-33 ne=2048x1x1x1
[ORNITH-SYCL-ACTUAL] op=MUL_MAT name=ffn_moe_logits-33 ne=256x1x1x1
[ORNITH-SYCL-ACTUAL] op=MUL_MAT_ID name=ffn_moe_down-33 ne=2048x8x1x1
[ORNITH-SYCL-ACTUAL] op=MUL name=ffn_moe_weighted-33 ne=2048x8x1x1
[ORNITH-SYCL-ACTUAL] op=MUL_MAT name=ffn_shexp-33 ne=2048x1x1x1
[ORNITH-SYCL-ACTUAL] op=MUL_MAT name=shared_expert_gate-33 ne=1x1x1x1
[ORNITH-SYCL-ACTUAL] op=MUL_MAT name=node_3187 ne=8192x1x1x1
[ORNITH-SYCL-ACTUAL] op=L2_NORM name=q_conv_predelta-34 ne=128x16x1x1
[ORNITH-SYCL-ACTUAL] op=L2_NORM name=k_conv_predelta-34 ne=128x16x1x1
[ORNITH-SYCL-ACTUAL] op=MUL_MAT name=node_3208 ne=32x1x1x1
[ORNITH-SYCL-ACTUAL] op=MUL_MAT name=node_3214 ne=32x1x1x1
[ORNITH-SYCL-ACTUAL] op=UNARY name=beta_sigmoid-34 ne=1x32x1x1
[ORNITH-SYCL-ACTUAL] op=MUL_MAT name=z-34 ne=4096x1x1x1
[ORNITH-SYCL-ACTUAL] op=MUL_MAT name=linear_attn_out-34 ne=2048x1x1x1
[ORNITH-SYCL-ACTUAL] op=MUL_MAT name=ffn_moe_logits-34 ne=256x1x1x1
[ORNITH-SYCL-ACTUAL] op=MUL_MAT_ID name=ffn_moe_down-34 ne=2048x8x1x1
[ORNITH-SYCL-ACTUAL] op=MUL name=ffn_moe_weighted-34 ne=2048x8x1x1
[ORNITH-SYCL-ACTUAL] op=MUL_MAT name=ffn_shexp-34 ne=2048x1x1x1
[ORNITH-SYCL-ACTUAL] op=MUL_MAT name=shared_expert_gate-34 ne=1x1x1x1
[ORNITH-SYCL-ACTUAL] op=MUL_MAT name=Qcur_full-35 ne=8192x1x1x1
[ORNITH-SYCL-ACTUAL] op=MUL_MAT name=Vcur-35 ne=512x1x1x1
[ORNITH-SYCL-ACTUAL] op=MUL_MAT name=Kcur-35 ne=512x1x1x1
[ORNITH-SYCL-ACTUAL] op=SET_ROWS name=cache_v_l35 (view) ne=512x2048x1x1
[ORNITH-SYCL-ACTUAL] op=FLASH_ATTN_EXT name=node_3300 ne=256x16x1x1
[ORNITH-SYCL-ACTUAL] op=CONT name=gate_reshaped-35 ne=4096x1x1x1
[ORNITH-SYCL-ACTUAL] op=MUL_MAT name=attn_output-35 ne=2048x1x1x1
[ORNITH-SYCL-ACTUAL] op=MUL_MAT name=ffn_moe_logits-35 ne=256x1x1x1
[ORNITH-SYCL-ACTUAL] op=MUL_MAT_ID name=ffn_moe_down-35 ne=2048x8x1x1
[ORNITH-SYCL-ACTUAL] op=MUL name=ffn_moe_weighted-35 ne=2048x8x1x1
[ORNITH-SYCL-ACTUAL] op=MUL_MAT name=ffn_shexp-35 ne=2048x1x1x1
[ORNITH-SYCL-ACTUAL] op=MUL_MAT name=shared_expert_gate-35 ne=1x1x1x1
[ORNITH-SYCL-ACTUAL] op=MUL_MAT name=node_3361 ne=8192x1x1x1
[ORNITH-SYCL-ACTUAL] op=L2_NORM name=q_conv_predelta-36 ne=128x16x1x1
[ORNITH-SYCL-ACTUAL] op=L2_NORM name=k_conv_predelta-36 ne=128x16x1x1
[ORNITH-SYCL-ACTUAL] op=MUL_MAT name=node_3382 ne=32x1x1x1
[ORNITH-SYCL-ACTUAL] op=MUL_MAT name=node_3388 ne=32x1x1x1
[ORNITH-SYCL-ACTUAL] op=UNARY name=beta_sigmoid-36 ne=1x32x1x1
[ORNITH-SYCL-ACTUAL] op=MUL_MAT name=z-36 ne=4096x1x1x1
[ORNITH-SYCL-ACTUAL] op=MUL_MAT name=linear_attn_out-36 ne=2048x1x1x1
[ORNITH-SYCL-ACTUAL] op=MUL_MAT name=ffn_moe_logits-36 ne=256x1x1x1
[ORNITH-SYCL-ACTUAL] op=MUL_MAT_ID name=ffn_moe_down-36 ne=2048x8x1x1
[ORNITH-SYCL-ACTUAL] op=MUL name=ffn_moe_weighted-36 ne=2048x8x1x1
[ORNITH-SYCL-ACTUAL] op=MUL_MAT name=ffn_shexp-36 ne=2048x1x1x1
[ORNITH-SYCL-ACTUAL] op=MUL_MAT name=shared_expert_gate-36 ne=1x1x1x1
[ORNITH-SYCL-ACTUAL] op=MUL_MAT name=node_3460 ne=8192x1x1x1
[ORNITH-SYCL-ACTUAL] op=L2_NORM name=q_conv_predelta-37 ne=128x16x1x1
[ORNITH-SYCL-ACTUAL] op=L2_NORM name=k_conv_predelta-37 ne=128x16x1x1
[ORNITH-SYCL-ACTUAL] op=MUL_MAT name=node_3481 ne=32x1x1x1
[ORNITH-SYCL-ACTUAL] op=MUL_MAT name=node_3487 ne=32x1x1x1
[ORNITH-SYCL-ACTUAL] op=UNARY name=beta_sigmoid-37 ne=1x32x1x1
[ORNITH-SYCL-ACTUAL] op=MUL_MAT name=z-37 ne=4096x1x1x1
[ORNITH-SYCL-ACTUAL] op=MUL_MAT name=linear_attn_out-37 ne=2048x1x1x1
[ORNITH-SYCL-ACTUAL] op=MUL_MAT name=ffn_moe_logits-37 ne=256x1x1x1
[ORNITH-SYCL-ACTUAL] op=MUL_MAT_ID name=ffn_moe_down-37 ne=2048x8x1x1
[ORNITH-SYCL-ACTUAL] op=MUL name=ffn_moe_weighted-37 ne=2048x8x1x1
[ORNITH-SYCL-ACTUAL] op=MUL_MAT name=ffn_shexp-37 ne=2048x1x1x1
[ORNITH-SYCL-ACTUAL] op=MUL_MAT name=shared_expert_gate-37 ne=1x1x1x1
[ORNITH-SYCL-ACTUAL] op=MUL_MAT name=node_3559 ne=8192x1x1x1
[ORNITH-SYCL-ACTUAL] op=L2_NORM name=q_conv_predelta-38 ne=128x16x1x1
[ORNITH-SYCL-ACTUAL] op=L2_NORM name=k_conv_predelta-38 ne=128x16x1x1
[ORNITH-SYCL-ACTUAL] op=MUL_MAT name=node_3580 ne=32x1x1x1
[ORNITH-SYCL-ACTUAL] op=MUL_MAT name=node_3586 ne=32x1x1x1
[ORNITH-SYCL-ACTUAL] op=UNARY name=beta_sigmoid-38 ne=1x32x1x1
[ORNITH-SYCL-ACTUAL] op=MUL_MAT name=z-38 ne=4096x1x1x1
[ORNITH-SYCL-ACTUAL] op=MUL_MAT name=linear_attn_out-38 ne=2048x1x1x1
[ORNITH-SYCL-ACTUAL] op=MUL_MAT name=ffn_moe_logits-38 ne=256x1x1x1
[ORNITH-SYCL-ACTUAL] op=MUL_MAT_ID name=ffn_moe_down-38 ne=2048x8x1x1
[ORNITH-SYCL-ACTUAL] op=MUL name=ffn_moe_weighted-38 ne=2048x8x1x1
[ORNITH-SYCL-ACTUAL] op=MUL_MAT name=ffn_shexp-38 ne=2048x1x1x1
[ORNITH-SYCL-ACTUAL] op=MUL_MAT name=shared_expert_gate-38 ne=1x1x1x1
[ORNITH-SYCL-ACTUAL] op=MUL_MAT name=Qcur_full-39 ne=8192x1x1x1
[ORNITH-SYCL-ACTUAL] op=MUL_MAT name=Vcur-39 ne=512x1x1x1
[ORNITH-SYCL-ACTUAL] op=MUL_MAT name=Kcur-39 ne=512x1x1x1
[ORNITH-SYCL-ACTUAL] op=SET_ROWS name=cache_v_l39 (view) ne=512x2048x1x1
[ORNITH-SYCL-ACTUAL] op=FLASH_ATTN_EXT name=node_3672 ne=256x16x1x1
[ORNITH-SYCL-ACTUAL] op=CONT name=gate_reshaped-39 ne=4096x1x1x1
[ORNITH-SYCL-ACTUAL] op=MUL_MAT name=attn_output-39 ne=2048x1x1x1
[ORNITH-SYCL-ACTUAL] op=MUL_MAT name=ffn_moe_logits-39 ne=256x1x1x1
[ORNITH-SYCL-ACTUAL] op=MUL_MAT_ID name=ffn_moe_down-39 ne=2048x8x1x1
[ORNITH-SYCL-ACTUAL] op=MUL name=ffn_moe_weighted-39 ne=2048x8x1x1
[ORNITH-SYCL-ACTUAL] op=MUL_MAT name=ffn_shexp-39 ne=2048x1x1x1
[ORNITH-SYCL-ACTUAL] op=MUL_MAT name=shared_expert_gate-39 ne=1x1x1x1
[ORNITH-SYCL-ACTUAL] op=GET_ROWS name=result_norm ne=2048x1x1x1
[ORNITH-SYCL-ACTUAL] op=MUL_MAT name=result_output ne=248320x1x1x1
[ORNITH-SYCL-ACTUAL-END]
ggml_sycl_ornith_moe_gate_up: fused_hits=120
ggml_sycl_ornith_alpha_gate: fused_hits=90
ggml_sycl_ornith_moe_shared_residual_rms: fused_hits=0
ggml_sycl_residual_rms_norm: fused_hits=120
ggml_sycl_ornith_moe_gate_residual_rms: fused_hits=120
ggml_sycl_ornith_conv_silu: fused_hits=90
ggml_sycl_ornith_concat_state_direct: fused_hits=90
ggml_sycl_ornith_concat_state: fused_hits=0
ggml_sycl_ornith_gdn_state_io: fused_hits=90
ggml_sycl_ornith_gdn_rms_gate: fused_hits=90
ggml_sycl_ornith_qk_norm_rope: fused_hits=30
