[review 09-16 21:36:48] follow-up campaign start; git 59df9b8ad
[review 09-16 21:36:48] two-card service status: ready
[review 09-16 21:36:55] service stop rc=0 
[review 09-16 21:36:58] GPUs free
[review 09-16 21:37:07] preflight-health: rc=0
[review 09-16 21:39:17] tp1-mtp0-long: ready 
[review 09-16 21:43:10] tp1-mtp0-long-context: rc=0
[review 09-16 21:43:20] tp1-mtp0-long: final stopped stop_confirmed=True
[review 09-16 21:45:45] tp1-pkg-no-quantization: ready 
[review 09-16 21:52:15] tp1-pkg-no-quantization-ladder: rc=0
[review 09-16 21:52:15] tp1-pkg-no-quantization-ladder-compare: rc=0
[review 09-16 21:54:44] tp1-pkg-no-quantization-strict: rc=0
[review 09-16 21:54:44] tp1-pkg-no-quantization-strict-compare: rc=0
[review 09-16 21:54:51] tp1-pkg-no-quantization: stop command rc=0 
[review 09-16 21:54:54] tp1-pkg-no-quantization: final stopped error=None container_removed=True
[review 09-16 21:57:19] tp1-ctx-24k-b4096: failed RuntimeError: Server exited 1
[review 09-16 21:57:19] tp1-ctx-24k-b4096: final failed stop_confirmed=True
[review 09-16 21:59:44] tp1-ctx-24k-b2048: ready 
[review 09-16 22:02:07] tp1-ctx-24k-b2048-strict: rc=0
[review 09-16 22:02:07] tp1-ctx-24k-b2048-strict-compare: rc=0
[review 09-16 22:08:12] tp1-ctx-24k-b2048-ladder: rc=0
[review 09-16 22:08:12] tp1-ctx-24k-b2048-ladder-compare: rc=0
[review 09-16 22:10:36] tp1-ctx-24k-b2048-context: rc=0
[review 09-16 22:10:46] tp1-ctx-24k-b2048: final stopped stop_confirmed=True
[review 09-16 22:13:11] tp1-ctx-32k-b2048: failed RuntimeError: Server exited 1
[review 09-16 22:13:11] tp1-ctx-32k-b2048: final failed stop_confirmed=True
[review 09-16 22:15:52] tp2-mtp6: ready 
[review 09-16 22:17:18] tp2-mtp6-strict: rc=0
[review 09-16 22:17:18] tp2-mtp6-strict-compare: rc=0
[review 09-16 22:22:51] tp2-mtp6-ladder: rc=0
[review 09-16 22:22:51] tp2-mtp6-ladder-compare: rc=0
[review 09-16 22:24:18] tp2-mtp6-context: rc=0
[review 09-16 22:24:27] tp2-mtp6-quality: rc=0
[review 09-16 22:24:38] tp2-mtp6: final stopped stop_confirmed=True
[review 09-16 22:24:38] acceptance session at commit 5b494649f91a54e77df6dc0d3f01ff45bb1987c1
[review 09-16 22:31:02] acceptance: rc=0
[review 09-16 22:31:10] service-health: rc=0
[review 09-16 22:36:10] service: ready 
[review 09-16 22:37:36] service-strict: rc=0
[review 09-16 22:37:36] service-strict-compare: rc=0
[review 09-16 22:37:36] === follow-up campaign complete ===
