CACHE prompt=prose2k variant=a cached_tokens=0 equal_tokens=True equal_logprobs=True ttft_cold=0.55 ttft_hit=0.55
CACHE prompt=prose2k variant=b cached_tokens=0 equal_tokens=True equal_logprobs=True ttft_cold=0.55 ttft_hit=0.55 expected_cached=832
CACHE prompt=prose2k variant=c cached_tokens=0 equal_tokens=True equal_logprobs=True ttft_cold=0.55 ttft_hit=0.55 expected_cached=832
CACHE prompt=prose2k variant=d cached_tokens=0 equal_tokens=True equal_logprobs=True ttft_cold=0.56 ttft_hit=0.56 expected_cached=832
CACHE prompt=prose2k variant=e cached_tokens=0 equal_tokens=True equal_logprobs=True ttft_cold=0.48 ttft_hit=0.50
CACHE prompt=prose2k variant=e2 cached_tokens=0 equal_tokens=True equal_logprobs=True ttft_cold=0.48 ttft_hit=0.47 expected_cached=832
CACHE prompt=prose2k variant=f0 cached_tokens=0 equal_tokens=True equal_logprobs=True ttft_cold=0.29 ttft_hit=0.29
CACHE prompt=prose2k variant=f cached_tokens=0 equal_tokens=True equal_logprobs=True ttft_cold=0.35 ttft_hit=0.36 expected_cached=832
CACHE prompt=prose2k variant=g cached_tokens=0 equal_tokens=True equal_logprobs=True ttft_cold=0.35 ttft_hit=0.35 expected_cached=832
CACHE prompt=code2k variant=a cached_tokens=0 equal_tokens=True equal_logprobs=True ttft_cold=0.79 ttft_hit=0.98
CACHE prompt=code2k variant=b cached_tokens=832 equal_tokens=True equal_logprobs=True ttft_cold=0.79 ttft_hit=0.53 expected_cached=1664
CACHE prompt=code2k variant=c cached_tokens=832 equal_tokens=True equal_logprobs=True ttft_cold=0.79 ttft_hit=0.53 expected_cached=1664
CACHE prompt=code2k variant=d cached_tokens=832 equal_tokens=True equal_logprobs=True ttft_cold=0.81 ttft_hit=0.56 expected_cached=1664
CACHE prompt=code2k variant=e cached_tokens=0 equal_tokens=True equal_logprobs=True ttft_cold=0.73 ttft_hit=0.74 expected_cached=832
CACHE prompt=code2k variant=e2 cached_tokens=832 equal_tokens=True equal_logprobs=True ttft_cold=0.73 ttft_hit=0.47 expected_cached=1664
CACHE prompt=code2k variant=f0 cached_tokens=0 equal_tokens=True equal_logprobs=True ttft_cold=0.55 ttft_hit=0.55 expected_cached=832
CACHE prompt=code2k variant=f cached_tokens=832 equal_tokens=True equal_logprobs=True ttft_cold=0.62 ttft_hit=0.36 expected_cached=1664
CACHE prompt=code2k variant=g cached_tokens=832 equal_tokens=True equal_logprobs=True ttft_cold=0.65 ttft_hit=0.39 expected_cached=1664
CACHE prompt=docs4k variant=a cached_tokens=0 equal_tokens=True equal_logprobs=True ttft_cold=1.42 ttft_hit=1.43
CACHE prompt=docs4k variant=b cached_tokens=3328 equal_tokens=True equal_logprobs=True ttft_cold=1.42 ttft_hit=0.36 expected_cached=4160
CACHE prompt=docs4k variant=c cached_tokens=0 equal_tokens=True equal_logprobs=True ttft_cold=1.42 ttft_hit=1.42 expected_cached=3328
CACHE prompt=docs4k variant=d cached_tokens=3328 equal_tokens=True equal_logprobs=True ttft_cold=1.43 ttft_hit=0.37 expected_cached=4160
CACHE prompt=docs4k variant=e cached_tokens=0 equal_tokens=True equal_logprobs=True ttft_cold=1.25 ttft_hit=1.26 expected_cached=1664
CACHE prompt=docs4k variant=e2 cached_tokens=2496 equal_tokens=True equal_logprobs=True ttft_cold=1.25 ttft_hit=0.50 expected_cached=3328
CACHE prompt=docs4k variant=f0 cached_tokens=2496 equal_tokens=True equal_logprobs=True ttft_cold=1.36 ttft_hit=0.57 expected_cached=3328
CACHE prompt=docs4k variant=f cached_tokens=2496 equal_tokens=True equal_logprobs=True ttft_cold=1.43 ttft_hit=0.64 expected_cached=4160
CACHE prompt=docs4k variant=g cached_tokens=3328 equal_tokens=True equal_logprobs=True ttft_cold=1.46 ttft_hit=0.40 expected_cached=4160
CACHE prompt=prose4k variant=a cached_tokens=0 equal_tokens=True equal_logprobs=True ttft_cold=1.03 ttft_hit=1.04
CACHE prompt=prose4k variant=b cached_tokens=1664 equal_tokens=True equal_logprobs=True ttft_cold=1.03 ttft_hit=0.50 expected_cached=2496
CACHE prompt=prose4k variant=c cached_tokens=1664 equal_tokens=True equal_logprobs=True ttft_cold=1.04 ttft_hit=0.51 expected_cached=2496
CACHE prompt=prose4k variant=d cached_tokens=1664 equal_tokens=True equal_logprobs=True ttft_cold=1.02 ttft_hit=0.49 expected_cached=2496
CACHE prompt=prose4k variant=e cached_tokens=0 equal_tokens=True equal_logprobs=True ttft_cold=0.98 ttft_hit=0.98 expected_cached=832
CACHE prompt=prose4k variant=e2 cached_tokens=1664 equal_tokens=True equal_logprobs=True ttft_cold=0.98 ttft_hit=0.44 expected_cached=2496
CACHE prompt=prose4k variant=f0 cached_tokens=0 equal_tokens=True equal_logprobs=True ttft_cold=0.82 ttft_hit=0.82 expected_cached=1664
CACHE prompt=prose4k variant=f cached_tokens=832 equal_tokens=True equal_logprobs=True ttft_cold=0.89 ttft_hit=0.63 expected_cached=2496
CACHE prompt=prose4k variant=g cached_tokens=1664 equal_tokens=True equal_logprobs=True ttft_cold=0.92 ttft_hit=0.38 expected_cached=2496
CACHE prompt=code6k variant=a cached_tokens=0 equal_tokens=True equal_logprobs=True ttft_cold=2.13 ttft_hit=2.14
CACHE prompt=code6k variant=b cached_tokens=4992 equal_tokens=True equal_logprobs=True ttft_cold=2.13 ttft_hit=0.55 expected_cached=5824
CACHE prompt=code6k variant=c cached_tokens=4992 equal_tokens=True equal_logprobs=True ttft_cold=2.17 ttft_hit=0.55 expected_cached=5824
CACHE prompt=code6k variant=d cached_tokens=4992 equal_tokens=True equal_logprobs=True ttft_cold=2.17 ttft_hit=0.55 expected_cached=5824
CACHE prompt=code6k variant=e cached_tokens=0 equal_tokens=True equal_logprobs=True ttft_cold=2.11 ttft_hit=2.12 expected_cached=2496
CACHE prompt=code6k variant=e2 cached_tokens=4992 equal_tokens=True equal_logprobs=True ttft_cold=2.11 ttft_hit=0.49 expected_cached=5824
CACHE prompt=code6k variant=f0 cached_tokens=1664 equal_tokens=True equal_logprobs=True ttft_cold=1.93 ttft_hit=1.39 expected_cached=4992
CACHE prompt=code6k variant=f cached_tokens=4160 equal_tokens=True equal_logprobs=True ttft_cold=2.00 ttft_hit=0.66 expected_cached=5824
CACHE prompt=code6k variant=g cached_tokens=4992 equal_tokens=True equal_logprobs=True ttft_cold=2.03 ttft_hit=0.41 expected_cached=5824
CACHE prompt=docs6k variant=a cached_tokens=0 equal_tokens=True equal_logprobs=True ttft_cold=1.86 ttft_hit=1.86
CACHE prompt=docs6k variant=b cached_tokens=4160 equal_tokens=True equal_logprobs=True ttft_cold=1.86 ttft_hit=0.56 expected_cached=4992
CACHE prompt=docs6k variant=c cached_tokens=4160 equal_tokens=True equal_logprobs=True ttft_cold=1.89 ttft_hit=0.55 expected_cached=4992
CACHE prompt=docs6k variant=d cached_tokens=4160 equal_tokens=True equal_logprobs=True ttft_cold=1.92 ttft_hit=0.58 expected_cached=4992
CACHE prompt=docs6k variant=e cached_tokens=0 equal_tokens=True equal_logprobs=True ttft_cold=1.84 ttft_hit=1.85 expected_cached=2496
CACHE prompt=docs6k variant=e2 cached_tokens=4160 equal_tokens=True equal_logprobs=True ttft_cold=1.84 ttft_hit=0.49 expected_cached=4992
CACHE prompt=docs6k variant=f0 cached_tokens=1664 equal_tokens=True equal_logprobs=True ttft_cold=1.65 ttft_hit=1.12 expected_cached=4160
CACHE prompt=docs6k variant=f cached_tokens=3328 equal_tokens=True equal_logprobs=True ttft_cold=1.72 ttft_hit=0.66 expected_cached=4992
CACHE prompt=docs6k variant=g cached_tokens=4160 equal_tokens=True equal_logprobs=True ttft_cold=1.75 ttft_hit=0.41 expected_cached=4992
CACHE prompt=prose8k variant=a cached_tokens=0 equal_tokens=True equal_logprobs=True ttft_cold=2.90 ttft_hit=2.91
CACHE prompt=prose8k variant=b cached_tokens=7488 equal_tokens=True equal_logprobs=True ttft_cold=2.90 ttft_hit=0.44 expected_cached=8320
CACHE prompt=prose8k variant=c cached_tokens=6656 equal_tokens=True equal_logprobs=True ttft_cold=2.91 ttft_hit=0.72 expected_cached=7488
CACHE prompt=prose8k variant=d cached_tokens=7488 equal_tokens=True equal_logprobs=True ttft_cold=2.91 ttft_hit=0.44 expected_cached=8320
CACHE prompt=prose8k variant=e cached_tokens=0 equal_tokens=True equal_logprobs=True ttft_cold=2.76 ttft_hit=2.77 expected_cached=4160
CACHE prompt=prose8k variant=e2 cached_tokens=6656 equal_tokens=True equal_logprobs=True ttft_cold=2.76 ttft_hit=0.57 expected_cached=7488
CACHE prompt=prose8k variant=f0 cached_tokens=6656 equal_tokens=True equal_logprobs=True ttft_cold=2.80 ttft_hit=0.61 expected_cached=7488
CACHE prompt=prose8k variant=f cached_tokens=6656 equal_tokens=True equal_logprobs=True ttft_cold=2.88 ttft_hit=0.69 expected_cached=8320
CACHE prompt=prose8k variant=g cached_tokens=7488 equal_tokens=True equal_logprobs=True ttft_cold=2.91 ttft_hit=0.43 expected_cached=8320
CACHE prompt=docs8k variant=a cached_tokens=0 equal_tokens=True equal_logprobs=True ttft_cold=2.80 ttft_hit=2.84
CACHE prompt=docs8k variant=b cached_tokens=7488 equal_tokens=True equal_logprobs=True ttft_cold=2.80 ttft_hit=0.37 expected_cached=8320
CACHE prompt=docs8k variant=c cached_tokens=6656 equal_tokens=True equal_logprobs=True ttft_cold=2.84 ttft_hit=0.65 expected_cached=7488
CACHE prompt=docs8k variant=d cached_tokens=7488 equal_tokens=True equal_logprobs=True ttft_cold=2.88 ttft_hit=0.40 expected_cached=8320
CACHE prompt=docs8k variant=e cached_tokens=0 equal_tokens=True equal_logprobs=True ttft_cold=2.73 ttft_hit=2.73 expected_cached=4160
CACHE prompt=docs8k variant=e2 cached_tokens=6656 equal_tokens=True equal_logprobs=True ttft_cold=2.73 ttft_hit=0.54 expected_cached=7488
CACHE prompt=docs8k variant=f0 cached_tokens=6656 equal_tokens=True equal_logprobs=True ttft_cold=2.79 ttft_hit=0.60 expected_cached=7488
CACHE prompt=docs8k variant=f cached_tokens=6656 equal_tokens=True equal_logprobs=True ttft_cold=2.84 ttft_hit=0.66 expected_cached=8320
CACHE prompt=docs8k variant=g cached_tokens=7488 equal_tokens=True equal_logprobs=True ttft_cold=2.91 ttft_hit=0.43 expected_cached=8320
CACHE prompt=ledger3k variant=a cached_tokens=0 equal_tokens=True equal_logprobs=True ttft_cold=0.97 ttft_hit=0.98
CACHE prompt=ledger3k variant=b cached_tokens=1664 equal_tokens=True equal_logprobs=True ttft_cold=0.97 ttft_hit=0.48 expected_cached=2496
CACHE prompt=ledger3k variant=c cached_tokens=1664 equal_tokens=True equal_logprobs=True ttft_cold=1.01 ttft_hit=0.48 expected_cached=2496
CACHE prompt=ledger3k variant=d cached_tokens=1664 equal_tokens=True equal_logprobs=True ttft_cold=1.03 ttft_hit=0.50 expected_cached=2496
CACHE prompt=ledger3k variant=e cached_tokens=0 equal_tokens=True equal_logprobs=True ttft_cold=0.89 ttft_hit=0.89 expected_cached=832
CACHE prompt=ledger3k variant=e2 cached_tokens=1664 equal_tokens=True equal_logprobs=True ttft_cold=0.89 ttft_hit=0.40 expected_cached=2496
CACHE prompt=ledger3k variant=f0 cached_tokens=0 equal_tokens=True equal_logprobs=True ttft_cold=0.82 ttft_hit=0.82 expected_cached=1664
CACHE prompt=ledger3k variant=f cached_tokens=832 equal_tokens=True equal_logprobs=True ttft_cold=0.89 ttft_hit=0.63 expected_cached=2496
CACHE prompt=ledger3k variant=g cached_tokens=1664 equal_tokens=True equal_logprobs=True ttft_cold=0.92 ttft_hit=0.39 expected_cached=2496
CACHE prompt=ledger10k variant=a cached_tokens=0 equal_tokens=True equal_logprobs=True ttft_cold=3.38 ttft_hit=3.39
CACHE prompt=ledger10k variant=b cached_tokens=8320 equal_tokens=True equal_logprobs=True ttft_cold=3.38 ttft_hit=0.62 expected_cached=9152
CACHE prompt=ledger10k variant=c cached_tokens=8320 equal_tokens=True equal_logprobs=True ttft_cold=3.39 ttft_hit=0.62 expected_cached=9152
CACHE prompt=ledger10k variant=d cached_tokens=8320 equal_tokens=True equal_logprobs=True ttft_cold=3.43 ttft_hit=0.66 expected_cached=9152
CACHE prompt=ledger10k variant=e cached_tokens=0 equal_tokens=True equal_logprobs=True ttft_cold=3.32 ttft_hit=3.32 expected_cached=4160
CACHE prompt=ledger10k variant=e2 cached_tokens=8320 equal_tokens=True equal_logprobs=True ttft_cold=3.32 ttft_hit=0.55 expected_cached=9152
CACHE prompt=ledger10k variant=f0 cached_tokens=6656 equal_tokens=True equal_logprobs=True ttft_cold=3.10 ttft_hit=0.90 expected_cached=8320
CACHE prompt=ledger10k variant=f cached_tokens=7488 equal_tokens=True equal_logprobs=True ttft_cold=3.14 ttft_hit=0.66 expected_cached=9152
CACHE prompt=ledger10k variant=g cached_tokens=8320 equal_tokens=True equal_logprobs=True ttft_cold=3.17 ttft_hit=0.40 expected_cached=9152
CACHE prompt=ledger30k variant=a cached_tokens=0 equal_tokens=True equal_logprobs=True ttft_cold=11.40 ttft_hit=11.44
CACHE prompt=ledger30k variant=b cached_tokens=28288 equal_tokens=True equal_logprobs=True ttft_cold=11.40 ttft_hit=0.79 expected_cached=29120
CACHE prompt=ledger30k variant=c cached_tokens=28288 equal_tokens=True equal_logprobs=True ttft_cold=11.42 ttft_hit=0.79 expected_cached=29120
CACHE prompt=ledger30k variant=d cached_tokens=28288 equal_tokens=True equal_logprobs=True ttft_cold=11.48 ttft_hit=0.85 expected_cached=29120
CACHE prompt=ledger30k variant=e cached_tokens=13312 equal_tokens=True equal_logprobs=True ttft_cold=11.29 ttft_hit=6.72 expected_cached=14144
CACHE prompt=ledger30k variant=e2 cached_tokens=28288 equal_tokens=True equal_logprobs=True ttft_cold=11.29 ttft_hit=0.66 expected_cached=29120
CACHE prompt=ledger30k variant=f0 cached_tokens=26624 equal_tokens=True equal_logprobs=True ttft_cold=11.05 ttft_hit=1.14 expected_cached=28288
CACHE prompt=ledger30k variant=f cached_tokens=27456 equal_tokens=True equal_logprobs=True ttft_cold=11.16 ttft_hit=0.89 expected_cached=29120
CACHE prompt=ledger30k variant=g cached_tokens=28288 equal_tokens=True equal_logprobs=True ttft_cold=11.17 ttft_hit=0.54 expected_cached=29120
SUMMARY all_equal=True comparisons=99 differences=0 cold_source=saved-control cold_clean=True block_from_hits=832 unused_cache=21 report=/mnt/fast-ai/bench-results/context-pcexact-mtp-20261005/cache.json
