[v0.29.0 15:45:55] compiled-async-on launched
[v0.29.0 15:49:56] compiled-async-on healthy
[v0.29.0 15:53:28] compiled-async-on harness exit 3
first-token outliers: none | rows 64
[v0.29.0 15:53:42] compiled-async-off launched
[v0.29.0 15:57:43] compiled-async-off healthy
[v0.29.0 16:01:15] compiled-async-off harness exit 3
first-token outliers: none | rows 64
[v0.29.0 16:01:29] eager-async-on-1 launched
[v0.29.0 16:46:34] eager-async-on-1 did NOT become healthy
[v0.29.0 16:48:40] eager-async-on-2 launched
[v0.29.0 19:37:00] eager-async-on-1 launched
[v0.29.0 19:39:15] eager-async-on-1 healthy
[v0.29.0 19:43:42] eager-async-on-1 harness exit 3
first-token outliers: none | rows 64
[v0.29.0 19:43:55] eager-async-on-2 launched
[v0.29.0 19:46:26] eager-async-on-2 healthy
[v0.29.0 19:50:53] eager-async-on-2 harness exit 3
first-token outliers: none | rows 64
[v0.29.0 19:51:06] === done ===
