{
  "schema_version": 1,
  "classification": "deepseek_v4_mxfp4_m2_route_direct_implementation_gate",
  "device": "Intel(R) Arc(TM) Pro B70 Graphics",
  "logical_device": "xpu:0",
  "ep_rank": 1,
  "generic_policy": "N64",
  "compact_route_lanes": 12,
  "gemm1_compact_route_lanes": 12,
  "gemm2_compact_route_lanes": 12,
  "route_direct_gather": "generic",
  "route_direct_activation": "generic",
  "activation_route_lanes": null,
  "shape": {
    "m": 2,
    "gemm1": {
      "n": 4096,
      "k": 4096
    },
    "gemm2": {
      "n": 4096,
      "k": 2048
    },
    "local_experts": 40,
    "global_experts": 160,
    "topk": 6
  },
  "timing": {
    "selection_rule": "minimum savings across every declared route pattern",
    "rows": [
      {
        "route": "same_typical",
        "baseline": "generic_route_staging_two_gemm_and_gather",
        "candidate": "fixed_remap_compact_two_gemm_generic_gather",
        "baseline_median_us": 129.5606,
        "candidate_median_us": 115.47535999999998,
        "speedup": 1.1219761514491058,
        "saved_us_per_layer": 14.085240000000013,
        "projected_saved_ms_per_43_layers": 0.6056653200000005,
        "baseline_samples_us": [
          129.5788,
          129.62092,
          129.26368,
          129.45608000000001,
          129.80916,
          129.43475999999998,
          129.5606,
          129.83308,
          129.37756
        ],
        "candidate_samples_us": [
          116.25171999999999,
          115.31415999999999,
          115.24811999999999,
          116.60531999999999,
          115.60588,
          115.33547999999999,
          115.47535999999998,
          115.14204,
          115.67348
        ]
      },
      {
        "route": "disjoint_typical",
        "baseline": "generic_route_staging_two_gemm_and_gather",
        "candidate": "fixed_remap_compact_two_gemm_generic_gather",
        "baseline_median_us": 216.47859999999997,
        "candidate_median_us": 199.21095999999997,
        "speedup": 1.086680170609087,
        "saved_us_per_layer": 17.26764,
        "projected_saved_ms_per_43_layers": 0.74250852,
        "baseline_samples_us": [
          215.09696,
          217.1416,
          215.10683999999998,
          216.7516,
          215.59771999999998,
          217.02044,
          215.5218,
          216.47859999999997,
          216.65019999999996
        ],
        "candidate_samples_us": [
          199.09864,
          199.68624,
          199.36955999999998,
          199.40336,
          199.21095999999997,
          198.98059999999998,
          199.20576,
          200.50524,
          199.13711999999998
        ]
      },
      {
        "route": "cross_row_overlap",
        "baseline": "generic_route_staging_two_gemm_and_gather",
        "candidate": "fixed_remap_compact_two_gemm_generic_gather",
        "baseline_median_us": 154.16595999999998,
        "candidate_median_us": 135.81047999999998,
        "speedup": 1.1351551073230872,
        "saved_us_per_layer": 18.35548,
        "projected_saved_ms_per_43_layers": 0.78928564,
        "baseline_samples_us": [
          156.26103999999998,
          154.19664,
          153.37036,
          154.5102,
          153.70368,
          154.36408,
          153.31264,
          154.10667999999998,
          154.16595999999998
        ],
        "candidate_samples_us": [
          135.48392,
          136.03043999999997,
          135.32116,
          136.5754,
          135.64356,
          136.39236,
          137.52232,
          135.81047999999998,
          135.68671999999998
        ]
      },
      {
        "route": "within_row_duplicate",
        "baseline": "generic_route_staging_two_gemm_and_gather",
        "candidate": "fixed_remap_compact_two_gemm_generic_gather",
        "baseline_median_us": 153.78635999999997,
        "candidate_median_us": 133.5698,
        "speedup": 1.1513557705409456,
        "saved_us_per_layer": 20.216559999999987,
        "projected_saved_ms_per_43_layers": 0.8693120799999995,
        "baseline_samples_us": [
          153.96991999999997,
          153.78635999999997,
          153.41404,
          154.62823999999998,
          153.19876,
          154.67659999999998,
          153.26792,
          153.98864,
          153.14312
        ],
        "candidate_samples_us": [
          133.5698,
          136.78288,
          133.02068,
          133.37895999999998,
          134.19379999999998,
          135.26656,
          132.92864,
          135.27071999999998,
          132.52148
        ]
      },
      {
        "route": "all_duplicate",
        "baseline": "generic_route_staging_two_gemm_and_gather",
        "candidate": "fixed_remap_compact_two_gemm_generic_gather",
        "baseline_median_us": 102.99328,
        "candidate_median_us": 89.26683999999999,
        "speedup": 1.1537686334589643,
        "saved_us_per_layer": 13.72644000000001,
        "projected_saved_ms_per_43_layers": 0.5902369200000005,
        "baseline_samples_us": [
          102.96155999999999,
          102.94492,
          103.05932000000001,
          102.88511999999999,
          102.99328,
          122.64356,
          103.22052,
          102.98235999999999,
          103.259
        ],
        "candidate_samples_us": [
          89.13528000000001,
          89.06299999999999,
          89.27984000000001,
          89.48419999999999,
          89.26683999999999,
          89.3958,
          89.36252,
          89.11084,
          89.24655999999999
        ]
      },
      {
        "route": "six_local",
        "baseline": "generic_route_staging_two_gemm_and_gather",
        "candidate": "fixed_remap_compact_two_gemm_generic_gather",
        "baseline_median_us": 372.2461599999999,
        "candidate_median_us": 361.30899999999997,
        "speedup": 1.0302709315295218,
        "saved_us_per_layer": 10.937159999999949,
        "projected_saved_ms_per_43_layers": 0.4702978799999978,
        "baseline_samples_us": [
          367.58852,
          370.57748,
          370.8795999999999,
          372.14164,
          372.2461599999999,
          372.64448000000004,
          374.50296000000003,
          373.49884,
          373.0453999999999
        ],
        "candidate_samples_us": [
          358.2789599999999,
          359.16868,
          360.64392,
          361.09528,
          361.30899999999997,
          362.8461199999999,
          361.44784,
          362.3074,
          362.20495999999997
        ]
      },
      {
        "route": "all_remote",
        "baseline": "generic_route_staging_two_gemm_and_gather",
        "candidate": "fixed_remap_compact_two_gemm_generic_gather",
        "baseline_median_us": 30.47096,
        "candidate_median_us": 21.23212,
        "speedup": 1.4351350689427154,
        "saved_us_per_layer": 9.238840000000003,
        "projected_saved_ms_per_43_layers": 0.3972701200000001,
        "baseline_samples_us": [
          30.47096,
          33.18172,
          31.425679999999996,
          31.01176,
          30.77204,
          30.35136,
          29.85788,
          30.15116,
          29.80536
        ],
        "candidate_samples_us": [
          21.284639999999996,
          21.350159999999995,
          21.76096,
          22.033959999999997,
          21.23212,
          21.11304,
          20.480199999999996,
          20.310159999999996,
          20.485919999999997
        ]
      }
    ],
    "selected_gate": "route-direct",
    "selected_minimum_saved_ms_per_43_layers": 0.3972701200000001,
    "required_ms": 0.5,
    "clears_integration_gate": false
  },
  "passed": false
}
