{
  "schema_version": 1,
  "classification": "deepseek_v4_mxfp4_m2_route_direct_implementation_gate",
  "device": "Intel(R) Arc(TM) Pro B70 Graphics",
  "logical_device": "xpu:0",
  "ep_rank": 0,
  "generic_policy": "N64",
  "compact_route_lanes": 12,
  "gemm1_compact_route_lanes": 12,
  "gemm2_compact_route_lanes": 12,
  "route_direct_gather": "generic",
  "route_direct_activation": "generic",
  "production_wrapper_checked": true,
  "activation_route_lanes": null,
  "shape": {
    "m": 2,
    "gemm1": {
      "n": 4096,
      "k": 4096
    },
    "gemm2": {
      "n": 4096,
      "k": 2048
    },
    "local_experts": 40,
    "global_experts": 160,
    "topk": 6
  },
  "timing": {
    "selection_rule": "minimum savings across every declared route pattern",
    "rows": [
      {
        "route": "same_typical",
        "baseline": "generic_route_staging_two_gemm_and_gather",
        "candidate": "fixed_remap_compact_two_gemm_generic_gather",
        "baseline_median_us": 130.11284,
        "candidate_median_us": 115.58195999999998,
        "speedup": 1.1257192731460863,
        "saved_us_per_layer": 14.530880000000025,
        "projected_saved_ms_per_43_layers": 0.624827840000001,
        "baseline_samples_us": [
          130.15807999999998,
          129.37444,
          130.14352,
          129.82164,
          129.57308,
          130.11284,
          130.42536,
          129.94904,
          130.16328
        ],
        "candidate_samples_us": [
          116.35467999999999,
          115.58195999999998,
          115.68180000000001,
          115.68959999999998,
          115.2892,
          115.46600000000001,
          115.5232,
          115.77852000000001,
          115.24187999999998
        ]
      },
      {
        "route": "disjoint_typical",
        "baseline": "generic_route_staging_two_gemm_and_gather",
        "candidate": "fixed_remap_compact_two_gemm_generic_gather",
        "baseline_median_us": 215.12867999999997,
        "candidate_median_us": 198.52767999999998,
        "speedup": 1.0836205812710853,
        "saved_us_per_layer": 16.601,
        "projected_saved_ms_per_43_layers": 0.713843,
        "baseline_samples_us": [
          215.18535999999997,
          215.45731999999995,
          214.69915999999998,
          214.96540000000002,
          215.00076,
          215.27635999999998,
          215.12867999999997,
          214.87596000000002,
          215.69132000000002
        ],
        "candidate_samples_us": [
          199.37216,
          198.82772,
          199.4772,
          198.24220000000003,
          198.26767999999996,
          198.29003999999998,
          198.59112000000002,
          198.43200000000002,
          198.52767999999998
        ]
      },
      {
        "route": "cross_row_overlap",
        "baseline": "generic_route_staging_two_gemm_and_gather",
        "candidate": "fixed_remap_compact_two_gemm_generic_gather",
        "baseline_median_us": 153.25752,
        "candidate_median_us": 135.98416,
        "speedup": 1.1270247946525536,
        "saved_us_per_layer": 17.273359999999997,
        "projected_saved_ms_per_43_layers": 0.7427544799999999,
        "baseline_samples_us": [
          153.25752,
          153.39428,
          153.0412,
          153.71148,
          153.76296,
          153.05524,
          153.40467999999998,
          153.0802,
          153.20084
        ],
        "candidate_samples_us": [
          135.98416,
          135.7512,
          136.38091999999997,
          136.54211999999998,
          135.67424,
          136.36375999999998,
          135.6836,
          135.3872,
          136.28679999999997
        ]
      },
      {
        "route": "within_row_duplicate",
        "baseline": "generic_route_staging_two_gemm_and_gather",
        "candidate": "fixed_remap_compact_two_gemm_generic_gather",
        "baseline_median_us": 153.28611999999998,
        "candidate_median_us": 133.83136,
        "speedup": 1.1453677224829815,
        "saved_us_per_layer": 19.454759999999993,
        "projected_saved_ms_per_43_layers": 0.8365546799999998,
        "baseline_samples_us": [
          153.41664,
          152.85036,
          153.60696,
          153.28611999999998,
          153.68547999999998,
          153.68547999999998,
          153.13844,
          152.80615999999998,
          152.97776
        ],
        "candidate_samples_us": [
          134.46524,
          133.83136,
          133.63011999999998,
          134.46212,
          134.17144,
          133.70968,
          133.77728,
          133.56096,
          133.8922
        ]
      },
      {
        "route": "all_duplicate",
        "baseline": "generic_route_staging_two_gemm_and_gather",
        "candidate": "fixed_remap_compact_two_gemm_generic_gather",
        "baseline_median_us": 103.28187999999999,
        "candidate_median_us": 90.09884,
        "speedup": 1.1463175330559194,
        "saved_us_per_layer": 13.183039999999991,
        "projected_saved_ms_per_43_layers": 0.5668707199999997,
        "baseline_samples_us": [
          103.15187999999998,
          103.16331999999998,
          103.38068,
          103.29279999999999,
          103.46439999999998,
          103.21636000000001,
          103.37808,
          103.28187999999999,
          103.16696
        ],
        "candidate_samples_us": [
          89.78684,
          89.95168,
          90.02967999999998,
          91.39728,
          90.09884,
          91.00052,
          90.415,
          90.77328,
          90.08427999999999
        ]
      },
      {
        "route": "six_local",
        "baseline": "generic_route_staging_two_gemm_and_gather",
        "candidate": "fixed_remap_compact_two_gemm_generic_gather",
        "baseline_median_us": 366.68267999999995,
        "candidate_median_us": 355.95715999999993,
        "speedup": 1.0301314911041544,
        "saved_us_per_layer": 10.725520000000017,
        "projected_saved_ms_per_43_layers": 0.4611973600000007,
        "baseline_samples_us": [
          364.81275999999997,
          366.32388,
          365.26931999999994,
          366.68267999999995,
          366.52459999999996,
          368.2853199999999,
          367.03316,
          367.49492,
          367.6556
        ],
        "candidate_samples_us": [
          366.60364000000004,
          355.22655999999995,
          355.01336,
          355.99564,
          355.07523999999995,
          355.1002,
          355.96496,
          355.95715999999993,
          357.06683999999996
        ]
      },
      {
        "route": "all_remote",
        "baseline": "generic_route_staging_two_gemm_and_gather",
        "candidate": "fixed_remap_compact_two_gemm_generic_gather",
        "baseline_median_us": 30.373199999999997,
        "candidate_median_us": 20.386599999999998,
        "speedup": 1.4898609871189898,
        "saved_us_per_layer": 9.9866,
        "projected_saved_ms_per_43_layers": 0.42942379999999997,
        "baseline_samples_us": [
          30.690920000000002,
          30.373199999999997,
          29.8922,
          30.583799999999997,
          29.358159999999998,
          30.41584,
          29.507399999999997,
          31.0492,
          29.688360000000003
        ],
        "candidate_samples_us": [
          20.7194,
          20.47188,
          20.1734,
          20.386599999999998,
          20.266479999999998,
          20.257640000000002,
          20.433399999999995,
          20.40844,
          20.338759999999997
        ]
      }
    ],
    "selected_gate": "route-direct",
    "selected_minimum_saved_ms_per_43_layers": 0.42942379999999997,
    "required_ms": 0.5,
    "clears_integration_gate": false
  },
  "passed": false
}
