[review 10-04 22:50:07] multi-user campaign start; git 4b885cbe8
[review 10-04 22:50:16] preflight-health: rc=0
[review 10-04 22:52:46] tp2-mtp5-sync-k15-control: ready 
[review 10-04 22:54:12] tp2-mtp5-sync-k15-control-strict: rc=0
[review 10-04 22:54:12] tp2-mtp5-sync-k15-control-strict-compare: rc=0
[review 10-04 22:54:12] tp2-mtp5-sync-k15-control: strict 12/12 exact, 87.83376410370907 tok/s
[review 10-04 22:54:53] tp2-mtp5-sync-k15-control-long: rc=0
[review 10-04 22:54:53] tp2-mtp5-sync-k15-control: long suite vs the no-speculation answers of 2026-10-04: 8/8 identical
[review 10-04 22:54:53] tp2-mtp5-sync-k15-control: long suite, 8 requests, decode after first token: median 86.9 tok/s, mean 88.2
[review 10-04 23:00:18] tp2-mtp5-sync-k15-control-ladder: rc=0
[review 10-04 23:00:18] tp2-mtp5-sync-k15-control-ladder-compare: rc=0
[review 10-04 23:00:18] tp2-mtp5-sync-k15-control: pass 1: 64/64 equal to solo, 75.74 tok/s together
[review 10-04 23:00:18] tp2-mtp5-sync-k15-control: pass 2: 64/64 equal to solo, 75.76 tok/s together
[review 10-04 23:00:18] tp2-mtp5-sync-k15-control: vs the frozen single-user reference: exact {'sequential-oracle': '64/64', 'batch-c64-r1': '64/64', 'batch-c64-r2': '64/64'}
[review 10-04 23:00:26] tp2-mtp5-sync-k15-control: final stopped stop_confirmed=True
[review 10-04 23:03:53] tp2-mtp5-sync-k15-copy: ready 
[review 10-04 23:05:19] tp2-mtp5-sync-k15-copy-strict: rc=0
[review 10-04 23:05:20] tp2-mtp5-sync-k15-copy-strict-compare: rc=0
[review 10-04 23:05:20] tp2-mtp5-sync-k15-copy: strict 12/12 exact, 87.20021490021294 tok/s
[review 10-04 23:05:58] tp2-mtp5-sync-k15-copy-long: rc=0
[review 10-04 23:05:58] tp2-mtp5-sync-k15-copy: long suite vs the no-speculation answers of 2026-10-04: 8/8 identical
[review 10-04 23:05:58] tp2-mtp5-sync-k15-copy: long suite, 8 requests, decode after first token: median 102.6 tok/s, mean 117.3
[review 10-04 23:11:25] tp2-mtp5-sync-k15-copy-ladder: rc=0
[review 10-04 23:11:25] tp2-mtp5-sync-k15-copy-ladder-compare: rc=0
[review 10-04 23:11:25] tp2-mtp5-sync-k15-copy: pass 1: 64/64 equal to solo, 75.12 tok/s together
[review 10-04 23:11:25] tp2-mtp5-sync-k15-copy: pass 2: 64/64 equal to solo, 75.18 tok/s together
[review 10-04 23:11:25] tp2-mtp5-sync-k15-copy: vs the frozen single-user reference: exact {'sequential-oracle': '64/64', 'batch-c64-r1': '64/64', 'batch-c64-r2': '64/64'}
[review 10-04 23:11:32] tp2-mtp5-sync-k15-copy: final stopped stop_confirmed=True
[review 10-04 23:11:32] tp2-mtp5-sync-k15-copy: b70_copy_draft: active, sync scheduling, 5 draft tokens, match 6..8 tokens, long copy drafts 6..15 tokens (verify slots 15)
[review 10-04 23:11:32] tp2-mtp5-sync-k15-copy: b70_copy_draft: active, sync scheduling, 5 draft tokens, match 6..8 tokens, long copy drafts 6..15 tokens (verify slots 15)
[review 10-04 23:11:32] tp2-mtp5-sync-k15-copy: b70_copy_draft: first copy draft placed
[review 10-04 23:11:32] tp2-mtp5-sync-k15-copy: b70_copy_draft: first copy draft placed
[review 10-04 23:11:32] tp2-mtp5-sync-k15-copy: b70_copy_draft: first long copy draft placed (15 tokens)
[review 10-04 23:11:32] tp2-mtp5-sync-k15-copy: b70_copy_draft: first long copy draft placed (15 tokens)
[review 10-04 23:11:32] long suite answers identical between the arms: True; decode median 86.9 -> 102.6 tok/s (+18.0%)
[review 10-04 23:11:32] === multi-user campaign complete (cards left empty) ===
