submitted 770edc47-6497-4c9c-878d-7bd5ee154b12
{
  "definition": "client-received node-start event intervals; approximate wall time, not synchronized kernel timings",
  "prompt_id": "770edc47-6497-4c9c-878d-7bd5ee154b12",
  "seconds": 76.19555581700001,
  "nodes": [
    {
      "node": "420",
      "class_type": "LTXHostEmbeddingComponents",
      "start_seconds": 0.006005401000038546,
      "seconds": 22.48343892999992
    },
    {
      "node": "423",
      "class_type": "LTXVAEGraphGate",
      "start_seconds": 22.48944433099996,
      "seconds": 0.003545425000083924
    },
    {
      "node": "395",
      "class_type": "ManualSigmas",
      "start_seconds": 22.492989756000043,
      "seconds": 0.0001806919999580714
    },
    {
      "node": "341",
      "class_type": "KSamplerSelect",
      "start_seconds": 22.493170448,
      "seconds": 0.00014501300006486417
    },
    {
      "node": "338",
      "class_type": "RandomNoise",
      "start_seconds": 22.493315461000066,
      "seconds": 0.0001437419998637779
    },
    {
      "node": "429",
      "class_type": "LTXUpsamplerGraphGate",
      "start_seconds": 22.49345920299993,
      "seconds": 0.0016939790000378707
    },
    {
      "node": "404",
      "class_type": "ManualSigmas",
      "start_seconds": 22.495153181999967,
      "seconds": 0.00024116500003401597
    },
    {
      "node": "352",
      "class_type": "KSamplerSelect",
      "start_seconds": 22.495394347,
      "seconds": 0.0001829559998896002
    },
    {
      "node": "339",
      "class_type": "RandomNoise",
      "start_seconds": 22.49557730299989,
      "seconds": 0.0002468459999818151
    },
    {
      "node": "356",
      "class_type": "EmptyLTXVLatentVideo",
      "start_seconds": 22.495824148999873,
      "seconds": 0.0003931319999992411
    },
    {
      "node": "366",
      "class_type": "LTXVEmptyLatentAudio",
      "start_seconds": 22.496217280999872,
      "seconds": 0.0001948480000919517
    },
    {
      "node": "377",
      "class_type": "LTXVConcatAVLatent",
      "start_seconds": 22.496412128999964,
      "seconds": 0.00019264399998064619
    },
    {
      "node": "425",
      "class_type": "LTXTextEncoderGraphGate",
      "start_seconds": 22.496604772999945,
      "seconds": 0.006737402999988262
    },
    {
      "node": "364",
      "class_type": "LTXPipelineTextEncode",
      "start_seconds": 22.503342175999933,
      "seconds": 20.72892509799999
    },
    {
      "node": "365",
      "class_type": "LTXVConditioning",
      "start_seconds": 43.23226727399992,
      "seconds": 0.00025793800000428746
    },
    {
      "node": "431",
      "class_type": "LTXResidentFastPath",
      "start_seconds": 43.23252521199993,
      "seconds": 0.0005640970000513335
    },
    {
      "node": "424",
      "class_type": "LTXFusionGate",
      "start_seconds": 43.23308930899998,
      "seconds": 0.0016651379999075289
    },
    {
      "node": "427",
      "class_type": "LTXConcurrentCFG",
      "start_seconds": 43.23475444699989,
      "seconds": 0.0007351910001034412
    },
    {
      "node": "422",
      "class_type": "LTXGraphCaptureGate",
      "start_seconds": 43.23548963799999,
      "seconds": 0.020940248999977484
    },
    {
      "node": "388",
      "class_type": "LTXVDualCFGGuider",
      "start_seconds": 43.25642988699997,
      "seconds": 0.00033230799999728333
    },
    {
      "node": "344",
      "class_type": "SamplerCustomAdvanced",
      "start_seconds": 43.256762194999965,
      "seconds": 14.964408362000086
    },
    {
      "node": "367",
      "class_type": "LTXVSeparateAVLatent",
      "start_seconds": 58.22117055700005,
      "seconds": 0.0003052879999358993
    },
    {
      "node": "348",
      "class_type": "LTXVLatentUpsampler",
      "start_seconds": 58.221475844999986,
      "seconds": 0.3609311660000003
    },
    {
      "node": "340",
      "class_type": "LTXVConcatAVLatent",
      "start_seconds": 58.58240701099999,
      "seconds": 0.00023431299996445887
    },
    {
      "node": "391",
      "class_type": "LTXVDualCFGGuider",
      "start_seconds": 58.58264132399995,
      "seconds": 0.0002944979999028874
    },
    {
      "node": "368",
      "class_type": "SamplerCustomAdvanced",
      "start_seconds": 58.582935821999854,
      "seconds": 4.365158420000171
    },
    {
      "node": "369",
      "class_type": "LTXVSeparateAVLatent",
      "start_seconds": 62.948094242000025,
      "seconds": 0.0003353649999553454
    },
    {
      "node": "426",
      "class_type": "LTXPipelineDecode",
      "start_seconds": 62.94842960699998,
      "seconds": 10.712005724999926
    },
    {
      "node": "414",
      "class_type": "LTXBaselineCapture",
      "start_seconds": 73.6604353319999,
      "seconds": 0.05834314200001245
    },
    {
      "node": "370",
      "class_type": "CreateVideo",
      "start_seconds": 73.71877847399992,
      "seconds": 0.000522360000104527
    },
    {
      "node": "75",
      "class_type": "SaveVideo",
      "start_seconds": 73.71930083400002,
      "seconds": 2.440707893999843
    }
  ],
  "preview_ready_seconds": 73.88982106599997,
  "tensor_archive_ready_seconds": 73.71350156599988
}

--- stderr ---
