[review 09-17 10:32:20] ckpt-2 campaign start; git ce74a6bd6; image sha256:3f7ad1b38cef41ca88f5e2dccbeeb7ea8e069de9a17cb9e56dd178f9bcd5334c
[review 09-17 10:32:20] two-card service status: ready
[review 09-17 10:32:27] service stop rc=0 
[review 09-17 10:32:30] GPUs free
[review 09-17 10:32:38] preflight-health: rc=0
[review 09-17 10:34:43] tp1-mtp0-b896: ready 
[review 09-17 10:40:23] tp1-mtp0-b896-strict: rc=0
[review 09-17 10:40:23] tp1-mtp0-b896-strict-compare: rc=0
[review 09-17 10:40:23] tp1-mtp0-b896: strict vs the 832 reference 12/12 at 19.430277029877402 tok/s
[review 09-17 11:01:36] tp1-mtp0-b896-ladder: rc=0
[review 09-17 11:05:28] tp1-mtp0-b896-context: rc=0
[review 09-17 11:05:42] tp1-mtp0-b896-quality: rc=0
[review 09-17 11:05:50] tp1-mtp0-b896: final stopped stop_confirmed=True
[review 09-17 11:08:10] tp1-stock-b896: ready 
[review 09-17 11:10:32] tp1-stock-b896-strict: rc=0
[review 09-17 11:10:33] tp1-stock-b896-strict-compare: rc=0
[review 09-17 11:10:33] tp1-stock-b896-strict-compare-896: rc=0
[review 09-17 11:10:33] tp1-stock-b896: strict vs 832 12/12, vs 896 12/12, 53.56376929847441 tok/s
[review 09-17 11:10:43] tp1-stock-b896: final stopped stop_confirmed=True
[review 09-17 11:13:03] tp1-ckpt-mtp5: ready 
[review 09-17 11:15:27] tp1-ckpt-mtp5-strict: rc=0
[review 09-17 11:15:27] tp1-ckpt-mtp5-strict-compare: rc=0
[review 09-17 11:15:27] tp1-ckpt-mtp5: strict vs 896 reference 10/12 at 52.79801979834211 tok/s
[review 09-17 11:15:36] tp1-ckpt-mtp5: final stopped stop_confirmed=True
[review 09-17 11:15:36] checkpoint gates not exact; skipping the 32K stage
[review 09-17 11:15:45] service-health: rc=0
[review 09-17 11:18:25] service: ready 
[review 09-17 11:19:51] service-strict: rc=0
[review 09-17 11:19:52] service-strict-compare: rc=0
[review 09-17 11:19:52] === ckpt-2 campaign complete ===
