submitted 92cf352d-511e-4a37-95ed-0acb91779896
{
  "definition": "client-received node-start event intervals; approximate wall time, not synchronized kernel timings",
  "prompt_id": "92cf352d-511e-4a37-95ed-0acb91779896",
  "seconds": 123.70513774999995,
  "nodes": [
    {
      "node": "420",
      "class_type": "LTXHostEmbeddingComponents",
      "start_seconds": 0.00592228100003922,
      "seconds": 25.820754393000016
    },
    {
      "node": "423",
      "class_type": "LTXVAEGraphGate",
      "start_seconds": 25.826676674000055,
      "seconds": 0.013391517999934877
    },
    {
      "node": "395",
      "class_type": "ManualSigmas",
      "start_seconds": 25.84006819199999,
      "seconds": 0.00036951900005988136
    },
    {
      "node": "341",
      "class_type": "KSamplerSelect",
      "start_seconds": 25.84043771100005,
      "seconds": 0.0002948270000615594
    },
    {
      "node": "338",
      "class_type": "RandomNoise",
      "start_seconds": 25.84073253800011,
      "seconds": 0.000307811999846308
    },
    {
      "node": "429",
      "class_type": "LTXUpsamplerGraphGate",
      "start_seconds": 25.841040349999957,
      "seconds": 0.0050314869999965595
    },
    {
      "node": "404",
      "class_type": "ManualSigmas",
      "start_seconds": 25.846071836999954,
      "seconds": 0.00038866500017320504
    },
    {
      "node": "352",
      "class_type": "KSamplerSelect",
      "start_seconds": 25.846460502000127,
      "seconds": 0.00029573899996648834
    },
    {
      "node": "339",
      "class_type": "RandomNoise",
      "start_seconds": 25.846756241000094,
      "seconds": 0.007835118999992119
    },
    {
      "node": "356",
      "class_type": "EmptyLTXVLatentVideo",
      "start_seconds": 25.854591360000086,
      "seconds": 0.0005714710000574996
    },
    {
      "node": "366",
      "class_type": "LTXVEmptyLatentAudio",
      "start_seconds": 25.855162831000143,
      "seconds": 0.00023715899988019373
    },
    {
      "node": "377",
      "class_type": "LTXVConcatAVLatent",
      "start_seconds": 25.855399990000024,
      "seconds": 0.00020499700008258515
    },
    {
      "node": "425",
      "class_type": "LTXTextEncoderGraphGate",
      "start_seconds": 25.855604987000106,
      "seconds": 0.0042253219999111025
    },
    {
      "node": "364",
      "class_type": "LTXPipelineTextEncode",
      "start_seconds": 25.859830309000017,
      "seconds": 20.66688481799997
    },
    {
      "node": "365",
      "class_type": "LTXVConditioning",
      "start_seconds": 46.52671512699999,
      "seconds": 0.00028708300010293897
    },
    {
      "node": "431",
      "class_type": "LTXResidentFastPath",
      "start_seconds": 46.52700221000009,
      "seconds": 0.0008276849998765101
    },
    {
      "node": "424",
      "class_type": "LTXFusionGate",
      "start_seconds": 46.52782989499997,
      "seconds": 0.002195192000044699
    },
    {
      "node": "427",
      "class_type": "LTXConcurrentCFG",
      "start_seconds": 46.53002508700001,
      "seconds": 0.0014754409999113705
    },
    {
      "node": "422",
      "class_type": "LTXGraphCaptureGate",
      "start_seconds": 46.531500527999924,
      "seconds": 0.02752122300012161
    },
    {
      "node": "388",
      "class_type": "LTXVDualCFGGuider",
      "start_seconds": 46.559021751000046,
      "seconds": 0.0003485489999093261
    },
    {
      "node": "344",
      "class_type": "SamplerCustomAdvanced",
      "start_seconds": 46.559370299999955,
      "seconds": 51.64015295100012
    },
    {
      "node": "367",
      "class_type": "LTXVSeparateAVLatent",
      "start_seconds": 98.19952325100007,
      "seconds": 0.0006539569999404193
    },
    {
      "node": "348",
      "class_type": "LTXVLatentUpsampler",
      "start_seconds": 98.20017720800001,
      "seconds": 0.40691618500000004
    },
    {
      "node": "340",
      "class_type": "LTXVConcatAVLatent",
      "start_seconds": 98.60709339300001,
      "seconds": 0.0003342219999922236
    },
    {
      "node": "391",
      "class_type": "LTXVDualCFGGuider",
      "start_seconds": 98.607427615,
      "seconds": 0.0001946180000231834
    },
    {
      "node": "368",
      "class_type": "SamplerCustomAdvanced",
      "start_seconds": 98.60762223300003,
      "seconds": 4.813539877000039
    },
    {
      "node": "369",
      "class_type": "LTXVSeparateAVLatent",
      "start_seconds": 103.42116211000007,
      "seconds": 0.0013087549998545
    },
    {
      "node": "426",
      "class_type": "LTXPipelineDecode",
      "start_seconds": 103.42247086499992,
      "seconds": 17.174882877000073
    },
    {
      "node": "414",
      "class_type": "LTXBaselineCapture",
      "start_seconds": 120.597353742,
      "seconds": 0.08072358699996585
    },
    {
      "node": "370",
      "class_type": "CreateVideo",
      "start_seconds": 120.67807732899996,
      "seconds": 0.007171785000082309
    },
    {
      "node": "75",
      "class_type": "SaveVideo",
      "start_seconds": 120.68524911400004,
      "seconds": 2.9548239650000596
    }
  ],
  "preview_ready_seconds": 120.87342458100011,
  "tensor_archive_ready_seconds": 120.66808004099994
}

--- stderr ---
