[review 09-16 19:38:05] campaign start; git a72747676
[review 09-16 19:38:05] two-card service status: stopped
[review 09-16 19:38:05] GPUs free
[review 09-16 19:38:13] preflight-health: rc=0
[review 09-16 19:40:18] tp1-mtp0: ready 
[review 09-16 19:44:55] tp1-mtp0-context: rc=0
[review 09-16 19:45:08] tp1-mtp0-quality: rc=0
[review 09-16 19:45:17] tp1-mtp0: final stopped stop_confirmed=True
[review 09-16 19:47:42] tp1-pkg-recommended: ready 
[review 09-16 19:56:49] tp1-pkg-recommended-ladder: rc=0
[review 09-16 19:56:49] tp1-pkg-recommended-ladder-compare: rc=0
[review 09-16 19:59:12] tp1-pkg-recommended-strict: rc=0
[review 09-16 19:59:12] tp1-pkg-recommended-strict-compare: rc=0
[review 09-16 20:01:47] tp1-pkg-recommended-context: rc=0
[review 09-16 20:01:59] tp1-pkg-recommended-quality: rc=0
[review 09-16 20:04:20] tp1-pkg-recommended-history: rc=0
[review 09-16 20:04:27] tp1-pkg-recommended: stop command rc=0 
[review 09-16 20:04:28] tp1-pkg-recommended: final stopped error=None container_removed=True
[review 09-16 20:04:33] tp1-pkg-no-quantization: failed exited
[review 09-16 20:04:33] tp1-pkg-no-quantization: stop command rc=1 ERROR: [Errno 2] No such file or directory: '/mnt/fast-ai/bench-results/fp8-review-20260916/tp1-pkg-no-quantization/state.json'
[review 09-16 20:09:28] campaign start; git a72747676
[review 09-16 20:09:28] two-card service status: stopped
[review 09-16 20:09:28] GPUs free
[review 09-16 20:09:36] preflight-health: rc=0
[review 09-16 20:09:36] resuming at the two-card stages; one-card results kept from the earlier run
[review 09-16 20:11:56] tp2-mtp0: ready 
[review 09-16 20:15:16] tp2-mtp0-strict: rc=0
[review 09-16 20:15:16] tp2-mtp0-strict-compare: rc=0
[review 09-16 20:23:35] tp2-mtp0-ladder: rc=0
[review 09-16 20:25:54] tp2-mtp0-context: rc=0
[review 09-16 20:26:04] tp2-mtp0-quality: rc=0
[review 09-16 20:26:13] tp2-mtp0: final stopped stop_confirmed=True
[review 09-16 20:28:54] tp2-mtp5: ready 
[review 09-16 20:30:20] tp2-mtp5-strict: rc=0
[review 09-16 20:30:20] tp2-mtp5-strict-compare: rc=0
[review 09-16 20:35:48] tp2-mtp5-ladder: rc=0
[review 09-16 20:35:48] tp2-mtp5-ladder-compare: rc=0
[review 09-16 20:37:16] tp2-mtp5-context: rc=0
[review 09-16 20:37:25] tp2-mtp5-quality: rc=0
[review 09-16 20:37:34] tp2-mtp5: final stopped stop_confirmed=True
[review 09-16 20:40:14] tp2-mtp4: ready 
[review 09-16 20:41:41] tp2-mtp4-strict: rc=0
[review 09-16 20:41:41] tp2-mtp4-strict-compare: rc=0
[review 09-16 20:47:11] tp2-mtp4-ladder: rc=0
[review 09-16 20:47:11] tp2-mtp4-ladder-compare: rc=0
[review 09-16 20:48:40] tp2-mtp4-context: rc=0
[review 09-16 20:48:49] tp2-mtp4-quality: rc=0
[review 09-16 20:48:58] tp2-mtp4: final stopped stop_confirmed=True
[review 09-16 20:51:38] tp2-mtp3: ready 
[review 09-16 20:53:08] tp2-mtp3-strict: rc=0
[review 09-16 20:53:08] tp2-mtp3-strict-compare: rc=0
[review 09-16 20:58:53] tp2-mtp3-ladder: rc=0
[review 09-16 20:58:54] tp2-mtp3-ladder-compare: rc=0
[review 09-16 21:00:25] tp2-mtp3-context: rc=0
[review 09-16 21:00:34] tp2-mtp3-quality: rc=0
[review 09-16 21:00:43] tp2-mtp3: final stopped stop_confirmed=True
[review 09-16 21:03:23] tp2-mtp1-shortlist: ready 
[review 09-16 21:05:26] tp2-mtp1-shortlist-strict: rc=0
[review 09-16 21:05:26] tp2-mtp1-shortlist-strict-compare: rc=0
[review 09-16 21:13:09] tp2-mtp1-shortlist-ladder: rc=0
[review 09-16 21:13:09] tp2-mtp1-shortlist-ladder-compare: rc=0
[review 09-16 21:14:56] tp2-mtp1-shortlist-context: rc=0
[review 09-16 21:15:05] tp2-mtp1-shortlist-quality: rc=0
[review 09-16 21:15:13] tp2-mtp1-shortlist: final stopped stop_confirmed=True
[review 09-16 21:17:54] tp2-mtp1-control: ready 
[review 09-16 21:19:57] tp2-mtp1-control-strict: rc=0
[review 09-16 21:19:57] tp2-mtp1-control-strict-compare: rc=0
[review 09-16 21:27:44] tp2-mtp1-control-ladder: rc=0
[review 09-16 21:27:44] tp2-mtp1-control-ladder-compare: rc=0
[review 09-16 21:29:31] tp2-mtp1-control-context: rc=0
[review 09-16 21:29:41] tp2-mtp1-control-quality: rc=0
[review 09-16 21:29:50] tp2-mtp1-control: final stopped stop_confirmed=True
[review 09-16 21:29:59] restore-health: rc=0
[review 09-16 21:33:19] restore: ready 
[review 09-16 21:35:22] service-restored-6-strict: rc=0
[review 09-16 21:35:22] service-restored-6-strict-compare: rc=0
[review 09-16 21:35:22] === campaign complete ===
