loaded in 7 s on xpu:0; 40 sliding layers; model Gemma4Transformer
fixture-0 56 {'512': (False, 0.0046539306640625), '256': (False, 0.0030670166015625), '128': (False, 0.0054931640625), '64': (False, 0.008575439453125)}
fixture-1 31 {'512': (False, 0.001220703125), '256': (False, 0.00146484375), '128': (False, 0.001953125), '64': (False, 0.00244140625)}
fixture-2 31 {'512': (False, 0.001220703125), '256': (False, 0.001220703125), '128': (False, 0.00130462646484375), '64': (False, 0.00244140625)}
fixture-3 30 {'512': (False, 0.001953125), '256': (False, 0.001708984375), '128': (False, 0.001708984375), '64': (False, 0.00341796875)}
fixture-4 34 {'512': (False, 0.0026092529296875), '256': (False, 0.00250244140625), '128': (False, 0.002349853515625), '64': (False, 0.0029296875)}
fixture-5 36 {'512': (False, 0.00146484375), '256': (False, 0.00146484375), '128': (False, 0.001708984375), '64': (False, 0.00341796875)}
fixture-6 32 {'512': (False, 0.0009765625), '256': (False, 0.001220703125), '128': (False, 0.0009765625), '64': (False, 0.00341796875)}
fixture-7 34 {'512': (False, 0.0009765625), '256': (False, 0.00244140625), '128': (False, 0.00439453125), '64': (False, 0.00244140625)}
fixture-8 31 {'512': (False, 0.00146484375), '256': (False, 0.001953125), '128': (False, 0.001922607421875), '64': (False, 0.0029296875)}
fixture-9 32 {'512': (False, 0.001708984375), '256': (False, 0.001708984375), '128': (False, 0.00146484375), '64': (False, 0.003662109375)}
synthetic-1w 3 {'512': (False, 0.00048828125), '256': (False, 0.000732421875), '128': (False, 0.00048828125), '64': (False, 0.002197265625)}
synthetic-3w 5 {'512': (False, 0.003082275390625), '256': (False, 0.001251220703125), '128': (False, 0.0018768310546875), '64': (False, 0.002410888671875)}
synthetic-6w 8 {'512': (False, 0.004150390625), '256': (False, 0.004638671875), '128': (False, 0.005828857421875), '64': (False, 0.002197265625)}
synthetic-12w 15 {'512': (False, 0.00390625), '256': (False, 0.00469970703125), '128': (False, 0.001708984375), '64': (False, 0.0087890625)}
synthetic-20w 23 {'512': (False, 0.012115478515625), '256': (False, 0.0087127685546875), '128': (False, 0.0133209228515625), '64': (False, 0.0029296875)}
synthetic-28w 31 {'512': (False, 0.0040130615234375), '256': (False, 0.00396728515625), '128': (False, 0.004425048828125), '64': (False, 0.0052490234375)}
synthetic-40w 44 {'512': (False, 0.006439208984375), '256': (False, 0.00469970703125), '128': (False, 0.003936767578125), '64': (False, 0.010406494140625)}
synthetic-52w 57 {'512': (False, 0.00567626953125), '256': (False, 0.00311279296875), '128': (False, 0.008087158203125), '64': (False, 0.0029296875)}
synthetic-58w 63 {'512': (False, 0.00341796875), '256': (False, 0.0077362060546875), '128': (False, 0.0067138671875), '64': (False, 0.008819580078125)}
synthetic-61w 66 {'512': (False, 0.00885009765625), '256': (False, 0.008453369140625), '128': (False, 0.0021209716796875)}
synthetic-63w 68 {'512': (False, 0.00848388671875), '256': (False, 0.00872802734375), '128': (False, 0.006103515625)}
synthetic-66w 71 {'512': (False, 0.003997802734375), '256': (False, 0.002685546875), '128': (False, 0.0096893310546875)}
synthetic-80w 86 {'512': (False, 0.009613037109375), '256': (False, 0.009521484375), '128': (False, 0.0048828125)}
synthetic-100w 107 {'512': (False, 0.0064544677734375), '256': (False, 0.00390625), '128': (False, 0.006103515625)}
synthetic-118w 126 {'512': (False, 0.009033203125), '256': (False, 0.005889892578125), '128': (False, 0.01171875)}
synthetic-122w 131 {'512': (False, 0.01025390625), '256': (False, 0.005126953125)}
synthetic-126w 135 {'512': (False, 0.0085601806640625), '256': (False, 0.0078582763671875)}
synthetic-130w 139 {'512': (False, 0.009246826171875), '256': (False, 0.0048828125)}
synthetic-160w 171 {'512': (False, 0.005859375), '256': (False, 0.00390625)}
synthetic-200w 213 {'512': (False, 0.0087890625), '256': (False, 0.0053253173828125)}
synthetic-240w 255 {'512': (False, 0.00390625), '256': (False, 0.0038909912109375)}
synthetic-250w 265 {'512': (False, 0.00732421875)}
synthetic-256w 272 {'512': (False, 0.008544921875)}
synthetic-262w 278 {'512': (False, 0.0143280029296875)}
synthetic-300w 318 {'512': (False, 0.00830078125)}
synthetic-380w 402 {'512': (False, 0.00390625)}
synthetic-440w 466 {'512': (False, 0.015716552734375)}
synthetic-500w 529 {}
synthetic-508w 537 {}
synthetic-514w 544 {}
{
 "median_seconds_1024": 1.5037,
 "summary": {
  "512": {
   "tested": 37,
   "exact": 0,
   "first_mismatch": {
    "prompt": "fixture-0",
    "real_tokens": 56,
    "max_abs_diff": 0.0046539306640625
   },
   "median_seconds": 0.8541
  },
  "256": {
   "tested": 31,
   "exact": 0,
   "first_mismatch": {
    "prompt": "fixture-0",
    "real_tokens": 56,
    "max_abs_diff": 0.0030670166015625
   },
   "median_seconds": 0.5144
  },
  "128": {
   "tested": 25,
   "exact": 0,
   "first_mismatch": {
    "prompt": "fixture-0",
    "real_tokens": 56,
    "max_abs_diff": 0.0054931640625
   },
   "median_seconds": 0.3623
  },
  "64": {
   "tested": 19,
   "exact": 0,
   "first_mismatch": {
    "prompt": "fixture-0",
    "real_tokens": 56,
    "max_abs_diff": 0.008575439453125
   },
   "median_seconds": 0.3006
  }
 }
}
