[review 10-04 19:04:02] multi-user campaign start; git ba278d729
[review 10-04 19:04:11] preflight-health: rc=0
[review 10-04 19:07:08] tp2-mtp5-sync-k9-control: ready 
[review 10-04 19:08:34] tp2-mtp5-sync-k9-control-strict: rc=0
[review 10-04 19:08:34] tp2-mtp5-sync-k9-control-strict-compare: rc=0
[review 10-04 19:08:34] tp2-mtp5-sync-k9-control: strict 12/12 exact, 88.24847874139441 tok/s
[review 10-04 19:09:14] tp2-mtp5-sync-k9-control-long: rc=0
[review 10-04 19:09:14] tp2-mtp5-sync-k9-control: long suite vs the no-speculation answers of 2026-10-04: 8/8 identical
[review 10-04 19:09:14] tp2-mtp5-sync-k9-control: long suite, 8 requests, decode after first token: median 87.5 tok/s, mean 88.5
[review 10-04 19:14:38] tp2-mtp5-sync-k9-control-ladder: rc=0
[review 10-04 19:14:38] tp2-mtp5-sync-k9-control-ladder-compare: rc=0
[review 10-04 19:14:38] tp2-mtp5-sync-k9-control: pass 1: 64/64 equal to solo, 75.91 tok/s together
[review 10-04 19:14:38] tp2-mtp5-sync-k9-control: pass 2: 64/64 equal to solo, 75.88 tok/s together
[review 10-04 19:14:38] tp2-mtp5-sync-k9-control: vs the frozen single-user reference: exact {'sequential-oracle': '64/64', 'batch-c64-r1': '64/64', 'batch-c64-r2': '64/64'}
[review 10-04 19:14:45] tp2-mtp5-sync-k9-control: final stopped stop_confirmed=True
[review 10-04 19:18:12] tp2-mtp5-sync-k9-copy: ready 
[review 10-04 19:19:38] tp2-mtp5-sync-k9-copy-strict: rc=0
[review 10-04 19:19:38] tp2-mtp5-sync-k9-copy-strict-compare: rc=0
[review 10-04 19:19:38] tp2-mtp5-sync-k9-copy: strict 11/12 exact, 87.78755513926615 tok/s
[review 10-04 19:20:16] tp2-mtp5-sync-k9-copy-long: rc=0
[review 10-04 19:20:16] tp2-mtp5-sync-k9-copy: long suite vs the no-speculation answers of 2026-10-04: 5/8 identical
[review 10-04 19:20:16] tp2-mtp5-sync-k9-copy: long suite, 8 requests, decode after first token: median 110.0 tok/s, mean 110.4
[review 10-04 19:25:40] tp2-mtp5-sync-k9-copy-ladder: rc=0
[review 10-04 19:25:40] tp2-mtp5-sync-k9-copy-ladder-compare: rc=1
[review 10-04 19:25:40] tp2-mtp5-sync-k9-copy: pass 1: 64/64 equal to solo, 75.91 tok/s together
[review 10-04 19:25:40] tp2-mtp5-sync-k9-copy: pass 2: 64/64 equal to solo, 75.89 tok/s together
[review 10-04 19:25:40] tp2-mtp5-sync-k9-copy: vs the frozen single-user reference: NOT exact {'sequential-oracle': '55/64', 'batch-c64-r1': '55/64', 'batch-c64-r2': '55/64'}
[review 10-04 19:25:48] tp2-mtp5-sync-k9-copy: final stopped stop_confirmed=True
[review 10-04 19:25:48] tp2-mtp5-sync-k9-copy: b70_copy_draft: active, sync scheduling, 5 draft tokens, match 6..8 tokens, long copy drafts 6..9 tokens (verify slots 9)
[review 10-04 19:25:48] tp2-mtp5-sync-k9-copy: b70_copy_draft: active, sync scheduling, 5 draft tokens, match 6..8 tokens, long copy drafts 6..9 tokens (verify slots 9)
[review 10-04 19:25:48] tp2-mtp5-sync-k9-copy: b70_copy_draft: first copy draft placed
[review 10-04 19:25:48] tp2-mtp5-sync-k9-copy: b70_copy_draft: first copy draft placed
[review 10-04 19:25:48] tp2-mtp5-sync-k9-copy: b70_copy_draft: first long copy draft placed (9 tokens)
[review 10-04 19:25:48] tp2-mtp5-sync-k9-copy: b70_copy_draft: first long copy draft placed (9 tokens)
[review 10-04 19:25:48] long suite answers identical between the arms: False; decode median 87.5 -> 110.0 tok/s (+25.8%)
[review 10-04 19:25:48] === multi-user campaign complete (cards left empty) ===
