INFO:root:got prompt
[32m[INFO][0m got prompt
INFO:root:LTX resident component reuse: split; no prompt/output reuse
[32m[INFO][0m LTX resident component reuse: split; no prompt/output reuse
INFO:root:loaded partially; 23001.19 MB usable, 22911.19 MB loaded, 2087.81 MB offloaded, 90.00 MB buffer reserved, lowvram patches: 0
[32m[INFO][0m loaded partially; 23001.19 MB usable, 22911.19 MB loaded, 2087.81 MB offloaded, 90.00 MB buffer reserved, lowvram patches: 0

  0%|          | 0/8 [00:00<?, ?it/s]
 12%|█▎        | 1/8 [00:00<00:02,  3.08it/s]
 25%|██▌       | 2/8 [00:00<00:01,  3.20it/s]
 38%|███▊      | 3/8 [00:00<00:01,  3.26it/s]
 50%|█████     | 4/8 [00:01<00:01,  3.29it/s]
 62%|██████▎   | 5/8 [00:01<00:00,  3.30it/s]
 75%|███████▌  | 6/8 [00:01<00:00,  3.31it/s]
 88%|████████▊ | 7/8 [00:02<00:00,  3.32it/s]
100%|██████████| 8/8 [00:02<00:00,  3.31it/s]
100%|██████████| 8/8 [00:02<00:00,  3.29it/s]

  0%|          | 0/3 [00:00<?, ?it/s]
 33%|███▎      | 1/3 [00:00<00:00,  3.31it/s]
 67%|██████▋   | 2/3 [00:00<00:00,  3.32it/s]
100%|██████████| 3/3 [00:00<00:00,  3.32it/s]
100%|██████████| 3/3 [00:00<00:00,  3.32it/s]INFO:root:Prompt executed in 6.50 seconds

[32m[INFO][0m [32mPrompt executed in 6.50 seconds[0m
