INFO:root:got prompt
[32m[INFO][0m got prompt
INFO:root:LTX resident component reuse: split; no prompt/output reuse
[32m[INFO][0m LTX resident component reuse: split; no prompt/output reuse
INFO:root:0 models unloaded.
[32m[INFO][0m 0 models unloaded.
INFO:root:Unloaded partially: 0.98 MB freed, 23721.18 MB remains loaded, 90.00 MB buffer reserved, lowvram patches: 0
[32m[INFO][0m Unloaded partially: 0.98 MB freed, 23721.18 MB remains loaded, 90.00 MB buffer reserved, lowvram patches: 0

  0%|          | 0/8 [00:00<?, ?it/s]
 12%|█▎        | 1/8 [00:00<00:02,  2.82it/s]
 25%|██▌       | 2/8 [00:00<00:01,  3.01it/s]
 38%|███▊      | 3/8 [00:00<00:01,  3.08it/s]
 50%|█████     | 4/8 [00:01<00:01,  3.15it/s]
 62%|██████▎   | 5/8 [00:01<00:00,  3.20it/s]
 75%|███████▌  | 6/8 [00:01<00:00,  3.18it/s]
 88%|████████▊ | 7/8 [00:02<00:00,  3.16it/s]
100%|██████████| 8/8 [00:02<00:00,  3.15it/s]
100%|██████████| 8/8 [00:02<00:00,  3.13it/s]

  0%|          | 0/3 [00:00<?, ?it/s]
 33%|███▎      | 1/3 [00:00<00:00,  3.25it/s]
 67%|██████▋   | 2/3 [00:00<00:00,  3.20it/s]
100%|██████████| 3/3 [00:00<00:00,  3.24it/s]
100%|██████████| 3/3 [00:00<00:00,  3.21it/s]INFO:root:Prompt executed in 6.68 seconds

[32m[INFO][0m [32mPrompt executed in 6.68 seconds[0m
