INFO:root:got prompt
[32m[INFO][0m got prompt
INFO:root:LTX resident component reuse: split; no prompt/output reuse
[32m[INFO][0m LTX resident component reuse: split; no prompt/output reuse
INFO:root:loaded partially; 24354.00 MB usable, 24309.00 MB loaded, 690.00 MB offloaded, 45.00 MB buffer reserved, lowvram patches: 0
[32m[INFO][0m loaded partially; 24354.00 MB usable, 24309.00 MB loaded, 690.00 MB offloaded, 45.00 MB buffer reserved, lowvram patches: 0

  0%|          | 0/8 [00:00<?, ?it/s]
 12%|█▎        | 1/8 [00:00<00:02,  3.02it/s]
 25%|██▌       | 2/8 [00:00<00:01,  3.10it/s]
 38%|███▊      | 3/8 [00:00<00:01,  3.14it/s]
 50%|█████     | 4/8 [00:01<00:01,  3.19it/s]
 62%|██████▎   | 5/8 [00:01<00:00,  3.22it/s]
 75%|███████▌  | 6/8 [00:01<00:00,  3.25it/s]
 88%|████████▊ | 7/8 [00:02<00:00,  3.22it/s]
100%|██████████| 8/8 [00:02<00:00,  3.24it/s]
100%|██████████| 8/8 [00:02<00:00,  3.21it/s]

  0%|          | 0/3 [00:00<?, ?it/s]
 33%|███▎      | 1/3 [00:00<00:00,  3.23it/s]
 67%|██████▋   | 2/3 [00:00<00:00,  3.24it/s]
100%|██████████| 3/3 [00:00<00:00,  3.26it/s]
100%|██████████| 3/3 [00:00<00:00,  3.25it/s]INFO:root:Prompt executed in 6.53 seconds

[32m[INFO][0m [32mPrompt executed in 6.53 seconds[0m
