[review 10-04 01:29:21] multi-user campaign start; git 9e2f9fd6a
[review 10-04 01:29:30] preflight-health: rc=0
[review 10-04 01:31:50] tp2-mtp0-s8-sat: ready 
[review 10-04 01:37:03] tp2-mtp0-s8-sat-ladder: rc=0
[review 10-04 01:37:03] tp2-mtp0-s8-sat-ladder-compare: rc=0
[review 10-04 01:37:03] tp2-mtp0-s8-sat: pass 1: 64/64 equal to solo, 236.95 tok/s together
[review 10-04 01:37:03] tp2-mtp0-s8-sat: pass 2: 64/64 equal to solo, 237.08 tok/s together
[review 10-04 01:37:03] tp2-mtp0-s8-sat: vs the frozen single-user reference: exact {'sequential-oracle': '64/64', 'batch-c64-r1': '64/64', 'batch-c64-r2': '64/64'}
[review 10-04 01:37:11] tp2-mtp0-s8-sat: final stopped stop_confirmed=True
[review 10-04 01:39:41] tp2-mtp5-s2-sat: ready 
[review 10-04 01:43:28] tp2-mtp5-s2-sat-ladder: rc=0
[review 10-04 01:43:28] tp2-mtp5-s2-sat-ladder-compare: rc=1
[review 10-04 01:43:28] tp2-mtp5-s2-sat: pass 1: 60/64 equal to solo, 135.5 tok/s together
[review 10-04 01:43:28] tp2-mtp5-s2-sat: pass 2: 61/64 equal to solo, 139.64 tok/s together
[review 10-04 01:43:28] tp2-mtp5-s2-sat: vs the frozen single-user reference: NOT exact {'sequential-oracle': '64/64', 'batch-c64-r1': '60/64', 'batch-c64-r2': '61/64'}
[review 10-04 01:43:36] tp2-mtp5-s2-sat: final stopped stop_confirmed=True
[review 10-04 01:46:06] tp2-mtp5-s4-sat: ready 
[review 10-04 01:49:04] tp2-mtp5-s4-sat-ladder: rc=0
[review 10-04 01:49:04] tp2-mtp5-s4-sat-ladder-compare: rc=1
[review 10-04 01:49:04] tp2-mtp5-s4-sat: pass 1: 61/64 equal to solo, 226.86 tok/s together
[review 10-04 01:49:04] tp2-mtp5-s4-sat: pass 2: 61/64 equal to solo, 238.51 tok/s together
[review 10-04 01:49:04] tp2-mtp5-s4-sat: vs the frozen single-user reference: NOT exact {'sequential-oracle': '64/64', 'batch-c64-r1': '61/64', 'batch-c64-r2': '61/64'}
[review 10-04 01:49:12] tp2-mtp5-s4-sat: final stopped stop_confirmed=True
[review 10-04 01:51:52] tp2-mtp5-s8-sat: ready 
[review 10-04 01:54:26] tp2-mtp5-s8-sat-ladder: rc=0
[review 10-04 01:54:27] tp2-mtp5-s8-sat-ladder-compare: rc=1
[review 10-04 01:54:27] tp2-mtp5-s8-sat: pass 1: 57/64 equal to solo, 335.34 tok/s together
[review 10-04 01:54:27] tp2-mtp5-s8-sat: pass 2: 61/64 equal to solo, 363.47 tok/s together
[review 10-04 01:54:27] tp2-mtp5-s8-sat: vs the frozen single-user reference: NOT exact {'sequential-oracle': '64/64', 'batch-c64-r1': '57/64', 'batch-c64-r2': '61/64'}
[review 10-04 01:54:33] tp2-mtp5-s8-sat: final stopped stop_confirmed=True
[review 10-04 01:54:34] === multi-user campaign complete (cards left empty) ===
