chain21 14:35:38: chain20 finished
chain21 14:36:08: hot-filler bench start
--- filler=0 GiB (hot) hits=3
FRESH routing, 3 local hits per call, rotating weights: {'moe_gemm_N1280_K2560_ev': 0.2241, 'moe_gemm_N2560_K640_ev': 0.1556} ms per launch
--- filler=0 GiB (hot) hits=10
FRESH routing, 10 local hits per call, rotating weights: {'moe_gemm_N1280_K2560_ev': 0.366, 'moe_gemm_N2560_K640_ev': 0.1729} ms per launch
--- filler=20 GiB (hot) hits=3
FILLER 20.0 GiB allocated; free now 2.20 GiB of 31.89 GiB
FRESH routing, 3 local hits per call, rotating weights: {'moe_gemm_N1280_K2560_ev': 0.1531, 'moe_gemm_N2560_K640_ev': 0.0512} ms per launch
--- filler=20 GiB (hot) hits=10
FILLER 20.0 GiB allocated; free now 2.20 GiB of 31.89 GiB
FRESH routing, 10 local hits per call, rotating weights: {'moe_gemm_N1280_K2560_ev': 0.2885, 'moe_gemm_N2560_K640_ev': 0.1453} ms per launch
--- filler=24 GiB (hot) hits=3
FILLER 24.0 GiB allocated; free now 0.01 GiB of 31.89 GiB
FRESH routing, 3 local hits per call, rotating weights: {'moe_gemm_N1280_K2560_ev': 0.1532, 'moe_gemm_N2560_K640_ev': 0.0514} ms per launch
--- filler=24 GiB (hot) hits=10
FILLER 24.0 GiB allocated; free now 0.01 GiB of 31.89 GiB
FRESH routing, 10 local hits per call, rotating weights: {'moe_gemm_N1280_K2560_ev': 0.2886, 'moe_gemm_N2560_K640_ev': 0.145} ms per launch
--- filler=26 GiB (hot) hits=3
FILLER 26.0 GiB allocated; free now 1.16 GiB of 31.89 GiB
FRESH routing, 3 local hits per call, rotating weights: {'moe_gemm_N1280_K2560_ev': 0.1535, 'moe_gemm_N2560_K640_ev': 0.0514} ms per launch
--- filler=26 GiB (hot) hits=10
FILLER 26.0 GiB allocated; free now 1.16 GiB of 31.89 GiB
FRESH routing, 10 local hits per call, rotating weights: {'moe_gemm_N1280_K2560_ev': 0.288, 'moe_gemm_N2560_K640_ev': 0.1452} ms per launch
--- filler=28 GiB (hot) hits=3
FILLER 28.0 GiB allocated; free now 0.72 GiB of 31.89 GiB
FRESH routing, 3 local hits per call, rotating weights: {'moe_gemm_N1280_K2560_ev': 369.3203, 'moe_gemm_N2560_K640_ev': 27.076} ms per launch
--- filler=28 GiB (hot) hits=10
FILLER 28.0 GiB allocated; free now 0.72 GiB of 31.89 GiB
FRESH routing, 10 local hits per call, rotating weights: {'moe_gemm_N1280_K2560_ev': 368.7177, 'moe_gemm_N2560_K640_ev': 27.3704} ms per launch
chain21 14:39:48: done
