chain42 23:14:09: chain41 finished
chain42 23:14:29: config sweep start
--- baseline moe-m1-w13-n32
FRESH routing, 10 local hits per call, rotating weights: {'moe_gemm_N1280_K2560_ev': 0.2916, 'moe_gemm_N2560_K640_ev': 0.1466} ms per launch
--- n128-w1n16-w4-s2
FRESH routing, 10 local hits per call, rotating weights: {'moe_gemm_N1280_K2560_ev': 1.5357, 'moe_gemm_N2560_K640_ev': 0.4092} ms per launch
--- n128-w1n16-w4-s3
FRESH routing, 10 local hits per call, rotating weights: {'moe_gemm_N1280_K2560_ev': 1.5345, 'moe_gemm_N2560_K640_ev': 0.4089} ms per launch
--- n128-w1n16-w4-s4
FRESH routing, 10 local hits per call, rotating weights: {'moe_gemm_N1280_K2560_ev': 1.5351, 'moe_gemm_N2560_K640_ev': 0.4087} ms per launch
--- n128-w1n16-w8-s2
FRESH routing, 10 local hits per call, rotating weights: {'moe_gemm_N1280_K2560_ev': 0.3831, 'moe_gemm_N2560_K640_ev': 0.1935} ms per launch
--- n128-w1n16-w8-s3
FRESH routing, 10 local hits per call, rotating weights: {'moe_gemm_N1280_K2560_ev': 0.3822, 'moe_gemm_N2560_K640_ev': 0.193} ms per launch
--- n128-w1n16-w8-s4
FRESH routing, 10 local hits per call, rotating weights: {'moe_gemm_N1280_K2560_ev': 0.3819, 'moe_gemm_N2560_K640_ev': 0.1932} ms per launch
--- n128-w1n32-w4-s2
FRESH routing, 10 local hits per call, rotating weights: {'moe_gemm_N1280_K2560_ev': 1.5343, 'moe_gemm_N2560_K640_ev': 0.4085} ms per launch
--- n128-w1n32-w4-s3
FRESH routing, 10 local hits per call, rotating weights: {'moe_gemm_N1280_K2560_ev': 1.5338, 'moe_gemm_N2560_K640_ev': 0.4092} ms per launch
--- n128-w1n32-w4-s4
FRESH routing, 10 local hits per call, rotating weights: {'moe_gemm_N1280_K2560_ev': 1.5359, 'moe_gemm_N2560_K640_ev': 0.4084} ms per launch
--- n128-w1n32-w8-s2
FRESH routing, 10 local hits per call, rotating weights: {'moe_gemm_N1280_K2560_ev': 0.3758, 'moe_gemm_N2560_K640_ev': 0.1893} ms per launch
--- n128-w1n32-w8-s3
FRESH routing, 10 local hits per call, rotating weights: {'moe_gemm_N1280_K2560_ev': 0.3771, 'moe_gemm_N2560_K640_ev': 0.1892} ms per launch
--- n128-w1n32-w8-s4
FRESH routing, 10 local hits per call, rotating weights: {'moe_gemm_N1280_K2560_ev': 0.3757, 'moe_gemm_N2560_K640_ev': 0.1898} ms per launch
--- n128-w1n64-w4-s2
FRESH routing, 10 local hits per call, rotating weights: {'moe_gemm_N1280_K2560_ev': 1.5424, 'moe_gemm_N2560_K640_ev': 0.4091} ms per launch
--- n128-w1n64-w4-s3
FRESH routing, 10 local hits per call, rotating weights: {'moe_gemm_N1280_K2560_ev': 1.5356, 'moe_gemm_N2560_K640_ev': 0.4089} ms per launch
--- n128-w1n64-w4-s4
FRESH routing, 10 local hits per call, rotating weights: {'moe_gemm_N1280_K2560_ev': 1.5356, 'moe_gemm_N2560_K640_ev': 0.4093} ms per launch
--- n128-w1n64-w8-s2
FRESH routing, 10 local hits per call, rotating weights: {'moe_gemm_N1280_K2560_ev': 0.3751, 'moe_gemm_N2560_K640_ev': 0.1896} ms per launch
--- n128-w1n64-w8-s3
FRESH routing, 10 local hits per call, rotating weights: {'moe_gemm_N1280_K2560_ev': 0.3762, 'moe_gemm_N2560_K640_ev': 0.1897} ms per launch
--- n128-w1n64-w8-s4
FRESH routing, 10 local hits per call, rotating weights: {'moe_gemm_N1280_K2560_ev': 0.3756, 'moe_gemm_N2560_K640_ev': 0.1897} ms per launch
--- n32-w1n16-w4-s2
FRESH routing, 10 local hits per call, rotating weights: {'moe_gemm_N1280_K2560_ev': 0.4561, 'moe_gemm_N2560_K640_ev': 0.2171} ms per launch
--- n32-w1n16-w4-s3
FRESH routing, 10 local hits per call, rotating weights: {'moe_gemm_N1280_K2560_ev': 0.4554, 'moe_gemm_N2560_K640_ev': 0.2151} ms per launch
--- n32-w1n16-w4-s4
FRESH routing, 10 local hits per call, rotating weights: {'moe_gemm_N1280_K2560_ev': 0.4522, 'moe_gemm_N2560_K640_ev': 0.2155} ms per launch
--- n32-w1n16-w8-s2
FRESH routing, 10 local hits per call, rotating weights: {'moe_gemm_N1280_K2560_ev': 0.3695, 'moe_gemm_N2560_K640_ev': 0.2031} ms per launch
--- n32-w1n16-w8-s3
FRESH routing, 10 local hits per call, rotating weights: {'moe_gemm_N1280_K2560_ev': 0.3713, 'moe_gemm_N2560_K640_ev': 0.2031} ms per launch
--- n32-w1n16-w8-s4
FRESH routing, 10 local hits per call, rotating weights: {'moe_gemm_N1280_K2560_ev': 0.3708, 'moe_gemm_N2560_K640_ev': 0.2041} ms per launch
--- n32-w1n32-w4-s2
FRESH routing, 10 local hits per call, rotating weights: {'moe_gemm_N1280_K2560_ev': 0.4329, 'moe_gemm_N2560_K640_ev': 0.2067} ms per launch
--- n32-w1n32-w4-s3
FRESH routing, 10 local hits per call, rotating weights: {'moe_gemm_N1280_K2560_ev': 0.4498, 'moe_gemm_N2560_K640_ev': 0.2142} ms per launch
--- n32-w1n32-w4-s4
FRESH routing, 10 local hits per call, rotating weights: {'moe_gemm_N1280_K2560_ev': 0.449, 'moe_gemm_N2560_K640_ev': 0.2135} ms per launch
--- n32-w1n32-w8-s2
FRESH routing, 10 local hits per call, rotating weights: {'moe_gemm_N1280_K2560_ev': 0.3589, 'moe_gemm_N2560_K640_ev': 0.1973} ms per launch
--- n32-w1n32-w8-s3
FRESH routing, 10 local hits per call, rotating weights: {'moe_gemm_N1280_K2560_ev': 0.364, 'moe_gemm_N2560_K640_ev': 0.1998} ms per launch
--- n32-w1n32-w8-s4
FRESH routing, 10 local hits per call, rotating weights: {'moe_gemm_N1280_K2560_ev': 0.3608, 'moe_gemm_N2560_K640_ev': 0.1988} ms per launch
--- n32-w1n64-w4-s2
FRESH routing, 10 local hits per call, rotating weights: {'moe_gemm_N1280_K2560_ev': 0.4476, 'moe_gemm_N2560_K640_ev': 0.2131} ms per launch
--- n32-w1n64-w4-s3
FRESH routing, 10 local hits per call, rotating weights: {'moe_gemm_N1280_K2560_ev': 0.4502, 'moe_gemm_N2560_K640_ev': 0.2138} ms per launch
--- n32-w1n64-w4-s4
FRESH routing, 10 local hits per call, rotating weights: {'moe_gemm_N1280_K2560_ev': 0.4467, 'moe_gemm_N2560_K640_ev': 0.213} ms per launch
--- n32-w1n64-w8-s2
FRESH routing, 10 local hits per call, rotating weights: {'moe_gemm_N1280_K2560_ev': 0.3646, 'moe_gemm_N2560_K640_ev': 0.2006} ms per launch
--- n32-w1n64-w8-s3
FRESH routing, 10 local hits per call, rotating weights: {'moe_gemm_N1280_K2560_ev': 0.3614, 'moe_gemm_N2560_K640_ev': 0.1987} ms per launch
--- n32-w1n64-w8-s4
FRESH routing, 10 local hits per call, rotating weights: {'moe_gemm_N1280_K2560_ev': 0.3642, 'moe_gemm_N2560_K640_ev': 0.1998} ms per launch
--- n64-w1n16-w4-s2
FRESH routing, 10 local hits per call, rotating weights: {'moe_gemm_N1280_K2560_ev': 0.3936, 'moe_gemm_N2560_K640_ev': 0.2046} ms per launch
--- n64-w1n16-w4-s3
FRESH routing, 10 local hits per call, rotating weights: {'moe_gemm_N1280_K2560_ev': 0.3946, 'moe_gemm_N2560_K640_ev': 0.2051} ms per launch
--- n64-w1n16-w4-s4
FRESH routing, 10 local hits per call, rotating weights: {'moe_gemm_N1280_K2560_ev': 0.3892, 'moe_gemm_N2560_K640_ev': 0.2017} ms per launch
--- n64-w1n16-w8-s2
FRESH routing, 10 local hits per call, rotating weights: {'moe_gemm_N1280_K2560_ev': 0.3102, 'moe_gemm_N2560_K640_ev': 0.1562} ms per launch
--- n64-w1n16-w8-s3
FRESH routing, 10 local hits per call, rotating weights: {'moe_gemm_N1280_K2560_ev': 0.3116, 'moe_gemm_N2560_K640_ev': 0.156} ms per launch
--- n64-w1n16-w8-s4
FRESH routing, 10 local hits per call, rotating weights: {'moe_gemm_N1280_K2560_ev': 0.3032, 'moe_gemm_N2560_K640_ev': 0.1528} ms per launch
--- n64-w1n32-w4-s2
FRESH routing, 10 local hits per call, rotating weights: {'moe_gemm_N1280_K2560_ev': 0.39, 'moe_gemm_N2560_K640_ev': 0.2015} ms per launch
--- n64-w1n32-w4-s3
FRESH routing, 10 local hits per call, rotating weights: {'moe_gemm_N1280_K2560_ev': 0.39, 'moe_gemm_N2560_K640_ev': 0.2015} ms per launch
--- n64-w1n32-w4-s4
FRESH routing, 10 local hits per call, rotating weights: {'moe_gemm_N1280_K2560_ev': 0.3903, 'moe_gemm_N2560_K640_ev': 0.2018} ms per launch
--- n64-w1n32-w8-s2
FRESH routing, 10 local hits per call, rotating weights: {'moe_gemm_N1280_K2560_ev': 0.3032, 'moe_gemm_N2560_K640_ev': 0.1524} ms per launch
--- n64-w1n32-w8-s3
FRESH routing, 10 local hits per call, rotating weights: {'moe_gemm_N1280_K2560_ev': 0.3036, 'moe_gemm_N2560_K640_ev': 0.1518} ms per launch
--- n64-w1n32-w8-s4
FRESH routing, 10 local hits per call, rotating weights: {'moe_gemm_N1280_K2560_ev': 0.302, 'moe_gemm_N2560_K640_ev': 0.152} ms per launch
--- n64-w1n64-w4-s2
FRESH routing, 10 local hits per call, rotating weights: {'moe_gemm_N1280_K2560_ev': 0.3874, 'moe_gemm_N2560_K640_ev': 0.2003} ms per launch
--- n64-w1n64-w4-s3
FRESH routing, 10 local hits per call, rotating weights: {'moe_gemm_N1280_K2560_ev': 0.3899, 'moe_gemm_N2560_K640_ev': 0.2027} ms per launch
--- n64-w1n64-w4-s4
FRESH routing, 10 local hits per call, rotating weights: {'moe_gemm_N1280_K2560_ev': 0.3898, 'moe_gemm_N2560_K640_ev': 0.2023} ms per launch
--- n64-w1n64-w8-s2
FRESH routing, 10 local hits per call, rotating weights: {'moe_gemm_N1280_K2560_ev': 0.3028, 'moe_gemm_N2560_K640_ev': 0.1521} ms per launch
--- n64-w1n64-w8-s3
FRESH routing, 10 local hits per call, rotating weights: {'moe_gemm_N1280_K2560_ev': 0.3033, 'moe_gemm_N2560_K640_ev': 0.1524} ms per launch
--- n64-w1n64-w8-s4
FRESH routing, 10 local hits per call, rotating weights: {'moe_gemm_N1280_K2560_ev': 0.3025, 'moe_gemm_N2560_K640_ev': 0.1514} ms per launch
sweep done 23:22:23
chain42 23:22:23: done
