submitted a01fcf92-966c-436d-aadc-76cc3ddd96d8
{
  "definition": "client-received node-start event intervals; approximate wall time, not synchronized kernel timings",
  "prompt_id": "a01fcf92-966c-436d-aadc-76cc3ddd96d8",
  "seconds": 74.04244070799996,
  "nodes": [
    {
      "node": "420",
      "class_type": "LTXHostEmbeddingComponents",
      "start_seconds": 0.004650665999861303,
      "seconds": 23.154651777000026
    },
    {
      "node": "423",
      "class_type": "LTXVAEGraphGate",
      "start_seconds": 23.159302442999888,
      "seconds": 0.003548642000168911
    },
    {
      "node": "395",
      "class_type": "ManualSigmas",
      "start_seconds": 23.162851085000057,
      "seconds": 0.0001903189997847221
    },
    {
      "node": "341",
      "class_type": "KSamplerSelect",
      "start_seconds": 23.16304140399984,
      "seconds": 0.0001129140000557527
    },
    {
      "node": "338",
      "class_type": "RandomNoise",
      "start_seconds": 23.163154317999897,
      "seconds": 0.000178297000047678
    },
    {
      "node": "429",
      "class_type": "LTXUpsamplerGraphGate",
      "start_seconds": 23.163332614999945,
      "seconds": 0.0015880339999512216
    },
    {
      "node": "404",
      "class_type": "ManualSigmas",
      "start_seconds": 23.164920648999896,
      "seconds": 0.000187925000091127
    },
    {
      "node": "352",
      "class_type": "KSamplerSelect",
      "start_seconds": 23.165108573999987,
      "seconds": 0.00020634099996641453
    },
    {
      "node": "339",
      "class_type": "RandomNoise",
      "start_seconds": 23.165314914999954,
      "seconds": 0.00013679800008503662
    },
    {
      "node": "356",
      "class_type": "EmptyLTXVLatentVideo",
      "start_seconds": 23.16545171300004,
      "seconds": 0.0004104469999219873
    },
    {
      "node": "366",
      "class_type": "LTXVEmptyLatentAudio",
      "start_seconds": 23.16586215999996,
      "seconds": 0.00016605399991931336
    },
    {
      "node": "377",
      "class_type": "LTXVConcatAVLatent",
      "start_seconds": 23.16602821399988,
      "seconds": 0.00015775800011397223
    },
    {
      "node": "425",
      "class_type": "LTXTextEncoderGraphGate",
      "start_seconds": 23.166185971999994,
      "seconds": 0.009563036999907126
    },
    {
      "node": "364",
      "class_type": "LTXPipelineTextEncode",
      "start_seconds": 23.1757490089999,
      "seconds": 20.70224763500005
    },
    {
      "node": "365",
      "class_type": "LTXVConditioning",
      "start_seconds": 43.87799664399995,
      "seconds": 0.00029014899996582244
    },
    {
      "node": "431",
      "class_type": "LTXResidentFastPath",
      "start_seconds": 43.878286792999916,
      "seconds": 0.0005689459999302926
    },
    {
      "node": "424",
      "class_type": "LTXFusionGate",
      "start_seconds": 43.878855738999846,
      "seconds": 0.0023355570001513115
    },
    {
      "node": "427",
      "class_type": "LTXConcurrentCFG",
      "start_seconds": 43.881191296,
      "seconds": 0.0010881680000238703
    },
    {
      "node": "422",
      "class_type": "LTXGraphCaptureGate",
      "start_seconds": 43.88227946400002,
      "seconds": 0.016649329999836482
    },
    {
      "node": "388",
      "class_type": "LTXVDualCFGGuider",
      "start_seconds": 43.89892879399986,
      "seconds": 0.00027142300018567767
    },
    {
      "node": "344",
      "class_type": "SamplerCustomAdvanced",
      "start_seconds": 43.89920021700004,
      "seconds": 14.850327806999985
    },
    {
      "node": "367",
      "class_type": "LTXVSeparateAVLatent",
      "start_seconds": 58.74952802400003,
      "seconds": 0.0002882349999708822
    },
    {
      "node": "348",
      "class_type": "LTXVLatentUpsampler",
      "start_seconds": 58.749816259,
      "seconds": 0.3534160469998824
    },
    {
      "node": "340",
      "class_type": "LTXVConcatAVLatent",
      "start_seconds": 59.10323230599988,
      "seconds": 0.00020256300012988504
    },
    {
      "node": "391",
      "class_type": "LTXVDualCFGGuider",
      "start_seconds": 59.10343486900001,
      "seconds": 0.00018531099999563594
    },
    {
      "node": "368",
      "class_type": "SamplerCustomAdvanced",
      "start_seconds": 59.10362018000001,
      "seconds": 3.9380023899998378
    },
    {
      "node": "369",
      "class_type": "LTXVSeparateAVLatent",
      "start_seconds": 63.041622569999845,
      "seconds": 0.00048624999999447027
    },
    {
      "node": "426",
      "class_type": "LTXPipelineDecode",
      "start_seconds": 63.04210881999984,
      "seconds": 10.563026587000195
    },
    {
      "node": "414",
      "class_type": "LTXBaselineCapture",
      "start_seconds": 73.60513540700003,
      "seconds": 0.03352499699985856
    },
    {
      "node": "370",
      "class_type": "CreateVideo",
      "start_seconds": 73.63866040399989,
      "seconds": 0.0019856359999721462
    },
    {
      "node": "75",
      "class_type": "SaveVideo",
      "start_seconds": 73.64064603999987,
      "seconds": 0.3716865730000336
    }
  ],
  "preview_ready_seconds": 73.78447990099994,
  "tensor_archive_ready_seconds": 73.63825227200005
}

--- stderr ---
