[review 10-04 15:58:55] multi-user campaign start; git ef87969b6
[review 10-04 15:59:04] preflight-health: rc=0
[review 10-04 16:02:06] cp-mtp0-s1: ready 
[review 10-04 16:05:23] cp-mtp0-s1-strict: rc=0
[review 10-04 16:05:23] cp-mtp0-s1-strict-compare: rc=0
[review 10-04 16:05:23] cp-mtp0-s1: strict run 1: 12/12 vs the SHIPPED arithmetic (expected to differ at ties) at 33.5693803343448 tok/s
[review 10-04 16:17:39] cp-mtp0-s1-ladder: rc=0
[review 10-04 16:17:39] cp-mtp0-s1: pass 1: 64/64 equal to solo, 33.41 tok/s together
[review 10-04 16:17:39] cp-mtp0-s1: pass 2: 64/64 equal to solo, 33.41 tok/s together
[review 10-04 16:17:46] cp-mtp0-s1: final stopped stop_confirmed=True
[review 10-04 16:20:26] cp-mtp5-s1: ready 
[review 10-04 16:21:51] cp-mtp5-s1-strict: rc=0
[review 10-04 16:21:51] cp-mtp5-s1-strict-compare: rc=0
[review 10-04 16:21:51] cp-mtp5-s1: strict run 1: 12/12 vs its own no-speculation answers at 89.56808088062103 tok/s
[review 10-04 16:23:15] cp-mtp5-s1-run2-strict: rc=0
[review 10-04 16:23:15] cp-mtp5-s1-run2-strict-compare: rc=0
[review 10-04 16:23:15] cp-mtp5-s1: strict run 2: 12/12 vs its own no-speculation answers at 89.24894599892798 tok/s
[review 10-04 16:28:40] cp-mtp5-s1-ladder: rc=0
[review 10-04 16:28:40] cp-mtp5-s1: pass 1: 64/64 equal to solo, 75.96 tok/s together
[review 10-04 16:28:40] cp-mtp5-s1: pass 2: 64/64 equal to solo, 75.9 tok/s together
[review 10-04 16:28:40] cp-mtp5-s1-ladder-compare: rc=0
[review 10-04 16:28:40] cp-mtp5-s1: vs this arithmetic's no-speculation reference: exact {'sequential-oracle': '64/64', 'batch-c64-r1': '64/64', 'batch-c64-r2': '64/64'}
[review 10-04 16:28:47] cp-mtp5-s1: final stopped stop_confirmed=True
[review 10-04 16:28:47] === multi-user campaign complete (cards left empty) ===
