world_size=4 ccl_env={'CCL_ATL_TRANSPORT': 'ofi', 'CCL_KVS_IFACE': 'eth1', 'CCL_TOPO_P2P_ACCESS': '1'}
mode, bytes, dtype, iters, avg_ms, payload_GBps
2026:06:13-14:12:52:2116421 |CCL_WARN| value of CCL_ATL_TRANSPORT changed to be ofi (default:mpi)
2026:06:13-14:12:52:2116421 |CCL_WARN| value of CCL_TOPO_P2P_ACCESS changed to be 1 (default:-1)
2026:06:13-14:12:52:2116421 |CCL_WARN| could not get local_idx/count from environment variables, trying to get them from ATL
2026:06:13-14:12:53:2116424 |CCL_WARN| could not get local_idx/count from environment variables, trying to get them from ATL
2026:06:13-14:12:53:2116423 |CCL_WARN| could not get local_idx/count from environment variables, trying to get them from ATL
2026:06:13-14:12:53:2116422 |CCL_WARN| could not get local_idx/count from environment variables, trying to get them from ATL
2026:06:13-14:12:53:2116421:[0] |CCL_WARN| topology recognition shows PCIe connection between devices. If this is not correct, you can disable topology recognition, with CCL_TOPO_FABRIC_VERTEX_CONNECTION_CHECK=0. This will assume XeLinks across devices
inplace, 4096, fp16, 1000, 0.051, 0.08
inplace, 8192, fp16, 1000, 0.054, 0.15
inplace, 16384, fp16, 300, 0.052, 0.32
inplace, 32768, fp16, 300, 0.052, 0.63
inplace, 65536, fp16, 300, 0.052, 1.26
inplace, 131072, fp16, 50, 0.054, 2.41
inplace, 262144, fp16, 50, 0.056, 4.72
inplace, 524288, fp16, 50, 0.056, 9.42
clone, 4096, fp16, 1000, 0.075, 0.05
clone, 8192, fp16, 1000, 0.071, 0.12
clone, 16384, fp16, 300, 0.071, 0.23
clone, 32768, fp16, 300, 0.071, 0.46
clone, 65536, fp16, 300, 0.071, 0.93
clone, 131072, fp16, 50, 0.073, 1.79
clone, 262144, fp16, 50, 0.074, 3.56
clone, 524288, fp16, 50, 0.074, 7.06
empty_copy, 4096, fp16, 1000, 0.072, 0.06
empty_copy, 8192, fp16, 1000, 0.077, 0.11
empty_copy, 16384, fp16, 300, 0.077, 0.21
empty_copy, 32768, fp16, 300, 0.077, 0.42
empty_copy, 65536, fp16, 300, 0.078, 0.84
empty_copy, 131072, fp16, 50, 0.081, 1.62
empty_copy, 262144, fp16, 50, 0.082, 3.20
empty_copy, 524288, fp16, 50, 0.082, 6.37
