[review 09-18 00:17:40] lc-3 campaign start; git 961c788ef; image sha256:ea61e69834d02b4abfe435eaaf56b2eda7b7b7c5ac78fffa3740779d8f27353a
[review 09-18 00:17:40] two-card service status: ready
[review 09-18 00:17:47] service stop rc=0 
[review 09-18 00:17:50] GPUs free
[review 09-18 00:17:59] preflight-health: rc=0
[review 09-18 00:20:24] tp1-r312c-multiq: ready 
[review 09-18 00:22:44] tp1-r312c-multiq-strict: rc=0
[review 09-18 00:22:45] tp1-r312c-multiq-strict-compare: rc=0
[review 09-18 00:22:45] tp1-r312c-multiq: strict 12/12 at 54.21161759197449 tok/s
[review 09-18 00:25:05] tp1-r312c-multiq-run2-strict: rc=0
[review 09-18 00:25:05] tp1-r312c-multiq-run2-strict-compare: rc=0
[review 09-18 00:34:05] tp1-r312c-multiq-ladder: rc=0
[review 09-18 00:34:05] tp1-r312c-multiq-ladder-compare: rc=0
[review 09-18 00:36:26] tp1-r312c-multiq-context: rc=0
[review 09-18 00:42:58] tp1-r312c-multiq-long-context: rc=0
[review 09-18 00:43:09] tp1-r312c-multiq-quality: rc=0
[review 09-18 00:45:29] tp1-r312c-multiq-history: rc=0
[review 09-18 00:45:29] tp1-r312c-multiq: run2 53.89646669862766, ladder exact, context True, long True {'2048': {}, '8192': {}, '16384': {}, '24576': {}, '30720': {}}, quality True/True, history []/[]
[review 09-18 00:45:40] tp1-r312c-multiq: final stopped stop_confirmed=True
[review 09-18 00:45:48] service-health: rc=0
[review 09-18 00:48:28] service: ready 
[review 09-18 00:49:53] service-strict: rc=0
[review 09-18 00:49:53] service-strict-compare: rc=0
[review 09-18 00:49:53] === lc-3 campaign complete ===
