submitted d0c3d759-e147-4b5a-9c64-43e5f9e51420
{
  "definition": "client-received node-start event intervals; approximate wall time, not synchronized kernel timings",
  "prompt_id": "d0c3d759-e147-4b5a-9c64-43e5f9e51420",
  "seconds": 76.75117287299963,
  "nodes": [
    {
      "node": "420",
      "class_type": "LTXHostEmbeddingComponents",
      "start_seconds": 0.006150160999823129,
      "seconds": 21.563049082999896
    },
    {
      "node": "423",
      "class_type": "LTXVAEGraphGate",
      "start_seconds": 21.56919924399972,
      "seconds": 0.003013381000073423
    },
    {
      "node": "395",
      "class_type": "ManualSigmas",
      "start_seconds": 21.572212624999793,
      "seconds": 0.00022568700023839483
    },
    {
      "node": "341",
      "class_type": "KSamplerSelect",
      "start_seconds": 21.57243831200003,
      "seconds": 0.00014225899985831347
    },
    {
      "node": "338",
      "class_type": "RandomNoise",
      "start_seconds": 21.57258057099989,
      "seconds": 0.00010441799986438127
    },
    {
      "node": "429",
      "class_type": "LTXUpsamplerGraphGate",
      "start_seconds": 21.572684988999754,
      "seconds": 0.0020631940001294424
    },
    {
      "node": "404",
      "class_type": "ManualSigmas",
      "start_seconds": 21.574748182999883,
      "seconds": 0.00028566999981194385
    },
    {
      "node": "352",
      "class_type": "KSamplerSelect",
      "start_seconds": 21.575033852999695,
      "seconds": 0.00022153999998408835
    },
    {
      "node": "339",
      "class_type": "RandomNoise",
      "start_seconds": 21.57525539299968,
      "seconds": 0.0002656320002643042
    },
    {
      "node": "356",
      "class_type": "EmptyLTXVLatentVideo",
      "start_seconds": 21.575521024999944,
      "seconds": 0.00028986799998165225
    },
    {
      "node": "366",
      "class_type": "LTXVEmptyLatentAudio",
      "start_seconds": 21.575810892999925,
      "seconds": 0.00026689500009524636
    },
    {
      "node": "377",
      "class_type": "LTXVConcatAVLatent",
      "start_seconds": 21.57607778800002,
      "seconds": 0.0010888409997278359
    },
    {
      "node": "425",
      "class_type": "LTXTextEncoderGraphGate",
      "start_seconds": 21.57716662899975,
      "seconds": 0.007350367000071856
    },
    {
      "node": "364",
      "class_type": "LTXPipelineTextEncode",
      "start_seconds": 21.58451699599982,
      "seconds": 19.77263001700021
    },
    {
      "node": "365",
      "class_type": "LTXVConditioning",
      "start_seconds": 41.35714701300003,
      "seconds": 0.00034564399993541883
    },
    {
      "node": "431",
      "class_type": "LTXResidentFastPath",
      "start_seconds": 41.357492656999966,
      "seconds": 0.0006836640000074112
    },
    {
      "node": "424",
      "class_type": "LTXFusionGate",
      "start_seconds": 41.35817632099997,
      "seconds": 0.002119692999713152
    },
    {
      "node": "427",
      "class_type": "LTXConcurrentCFG",
      "start_seconds": 41.36029601399969,
      "seconds": 0.0012547340002129204
    },
    {
      "node": "422",
      "class_type": "LTXGraphCaptureGate",
      "start_seconds": 41.3615507479999,
      "seconds": 0.018718890999934956
    },
    {
      "node": "388",
      "class_type": "LTXVDualCFGGuider",
      "start_seconds": 41.380269638999835,
      "seconds": 0.00036592300011761836
    },
    {
      "node": "344",
      "class_type": "SamplerCustomAdvanced",
      "start_seconds": 41.38063556199995,
      "seconds": 14.93029542899967
    },
    {
      "node": "367",
      "class_type": "LTXVSeparateAVLatent",
      "start_seconds": 56.31093099099962,
      "seconds": 0.00030068900014157407
    },
    {
      "node": "348",
      "class_type": "LTXVLatentUpsampler",
      "start_seconds": 56.311231679999764,
      "seconds": 0.5397961200001191
    },
    {
      "node": "340",
      "class_type": "LTXVConcatAVLatent",
      "start_seconds": 56.85102779999988,
      "seconds": 0.0012398670000948186
    },
    {
      "node": "391",
      "class_type": "LTXVDualCFGGuider",
      "start_seconds": 56.85226766699998,
      "seconds": 0.0013363709999794082
    },
    {
      "node": "368",
      "class_type": "SamplerCustomAdvanced",
      "start_seconds": 56.85360403799996,
      "seconds": 5.830591204000029
    },
    {
      "node": "369",
      "class_type": "LTXVSeparateAVLatent",
      "start_seconds": 62.68419524199999,
      "seconds": 0.0008628440000393311
    },
    {
      "node": "426",
      "class_type": "LTXPipelineDecode",
      "start_seconds": 62.685058086000026,
      "seconds": 11.694457466999665
    },
    {
      "node": "414",
      "class_type": "LTXBaselineCapture",
      "start_seconds": 74.37951555299969,
      "seconds": 0.061932217000048695
    },
    {
      "node": "370",
      "class_type": "CreateVideo",
      "start_seconds": 74.44144776999974,
      "seconds": 0.0005681659999936528
    },
    {
      "node": "75",
      "class_type": "SaveVideo",
      "start_seconds": 74.44201593599973,
      "seconds": 0.1487394549999408
    }
  ],
  "preview_ready_seconds": 74.58932534299993,
  "tensor_archive_ready_seconds": 74.43967879899992
}

--- stderr ---
