Oct 07 18:45:12 steve-b70s systemd[2914601]: Started ltx109-duration-campaign-20261007.service - /home/steve/.venvs/ltx25-baseline/bin/python -B /mnt/fast-ai/bench-results/ltx25-baseline-20260913/prepared-duration-pilot-109/resolution/components/campaign.py --run --contract /mnt/fast-ai/bench-results/ltx25-baseline-20260913/encoder-server-duration-pilot-109-two-way20-28-w2-b1-p1-dxpu2-s640x384-f49/resolution-client-contract.json --contract-sha256 aed8513ec6bdbc96571891738e7667772110b63261f2245eadaa98f2092cb251 --manifest-sha256 e91e8994642cf03210c5bde724a485e0c314a409a300a40379cc79a43fc67906.
Oct 07 18:45:12 steve-b70s python[3380482]: 2026-10-07T22:45:12Z request resolution-duration109-20261007-window-probe
Oct 07 18:50:37 steve-b70s python[3380482]: 2026-10-07T22:50:37Z completed resolution-duration109-20261007-window-probe
Oct 07 18:50:37 steve-b70s python[3380482]: 2026-10-07T22:50:37Z request resolution-duration109-20261007-prepare-native
Oct 07 18:51:15 steve-b70s python[3380482]: 2026-10-07T22:51:15Z completed resolution-duration109-20261007-prepare-native
Oct 07 18:51:15 steve-b70s python[3380482]: 2026-10-07T22:51:15Z phase action before-native
Oct 07 18:51:15 steve-b70s python[3380482]: 2026-10-07T22:51:15Z request resolution-duration109-20261007-native-p1-boat
Oct 07 18:51:36 steve-b70s python[3380482]: 2026-10-07T22:51:36Z completed resolution-duration109-20261007-native-p1-boat
Oct 07 18:51:36 steve-b70s python[3380482]: 2026-10-07T22:51:36Z phase action verify-first-native
Oct 07 18:51:38 steve-b70s python[3380482]: 2026-10-07T22:51:38Z request resolution-duration109-20261007-native-p1-marble
Oct 07 18:51:48 steve-b70s python[3380482]: 2026-10-07T22:51:48Z completed resolution-duration109-20261007-native-p1-marble
Oct 07 18:51:48 steve-b70s python[3380482]: 2026-10-07T22:51:48Z request resolution-duration109-20261007-native-p1-bird
Oct 07 18:51:58 steve-b70s python[3380482]: 2026-10-07T22:51:58Z completed resolution-duration109-20261007-native-p1-bird
Oct 07 18:51:58 steve-b70s python[3380482]: 2026-10-07T22:51:58Z request resolution-duration109-20261007-native-p2-boat
Oct 07 18:52:08 steve-b70s python[3380482]: 2026-10-07T22:52:07Z completed resolution-duration109-20261007-native-p2-boat
Oct 07 18:52:08 steve-b70s python[3380482]: 2026-10-07T22:52:08Z request resolution-duration109-20261007-native-p2-marble
Oct 07 18:52:17 steve-b70s python[3380482]: 2026-10-07T22:52:17Z completed resolution-duration109-20261007-native-p2-marble
Oct 07 18:52:17 steve-b70s python[3380482]: 2026-10-07T22:52:17Z request resolution-duration109-20261007-native-p2-bird
Oct 07 18:52:27 steve-b70s python[3380482]: 2026-10-07T22:52:27Z completed resolution-duration109-20261007-native-p2-bird
Oct 07 18:52:27 steve-b70s python[3380482]: 2026-10-07T22:52:27Z phase action verify-native
Oct 07 18:52:48 steve-b70s python[3380482]: 2026-10-07T22:52:48Z phase action start-optimized
Oct 07 18:52:48 steve-b70s python[3380482]: 2026-10-07T22:52:48Z request resolution-duration109-20261007-pin0
Oct 07 18:52:49 steve-b70s python[3380482]: 2026-10-07T22:52:49Z completed resolution-duration109-20261007-pin0
Oct 07 18:52:49 steve-b70s python[3380482]: 2026-10-07T22:52:49Z phase action admit-capture0
Oct 07 18:52:49 steve-b70s python[3380482]: 2026-10-07T22:52:49Z request resolution-duration109-20261007-capture0
Oct 07 18:52:51 steve-b70s python[3380482]: 2026-10-07T22:52:51Z completed resolution-duration109-20261007-capture0
Oct 07 18:53:03 steve-b70s python[3380482]: 2026-10-07T22:53:03Z phase action retire-capture0-tails
Oct 07 18:53:03 steve-b70s python[3380482]: 2026-10-07T22:53:03Z request resolution-duration109-20261007-pin1
Oct 07 18:53:03 steve-b70s python[3380482]: 2026-10-07T22:53:03Z completed resolution-duration109-20261007-pin1
Oct 07 18:53:03 steve-b70s python[3380482]: 2026-10-07T22:53:03Z phase action admit-capture1
Oct 07 18:53:03 steve-b70s python[3380482]: 2026-10-07T22:53:03Z request resolution-duration109-20261007-capture1
Oct 07 18:53:05 steve-b70s python[3380482]: 2026-10-07T22:53:05Z completed resolution-duration109-20261007-capture1
Oct 07 18:53:17 steve-b70s python[3380482]: 2026-10-07T22:53:17Z phase action retire-capture1-tails
Oct 07 18:53:17 steve-b70s python[3380482]: 2026-10-07T22:53:17Z request resolution-duration109-20261007-coverage
Oct 07 18:53:18 steve-b70s python[3380482]: 2026-10-07T22:53:18Z completed resolution-duration109-20261007-coverage
Oct 07 18:53:18 steve-b70s python[3380482]: 2026-10-07T22:53:18Z phase action admit-decode
Oct 07 18:53:18 steve-b70s python[3380482]: 2026-10-07T22:53:18Z request resolution-duration109-20261007-decode-probe
Oct 07 18:54:46 steve-b70s python[3380482]: 2026-10-07T22:54:46Z completed resolution-duration109-20261007-decode-probe
Oct 07 18:54:46 steve-b70s python[3380482]: 2026-10-07T22:54:46Z request resolution-duration109-20261007-freeze
Oct 07 18:54:52 steve-b70s python[3380482]: 2026-10-07T22:54:52Z completed resolution-duration109-20261007-freeze
Oct 07 18:54:52 steve-b70s python[3380482]: 2026-10-07T22:54:52Z request resolution-duration109-20261007-candidate-check-00
Oct 07 18:54:54 steve-b70s python[3380482]: 2026-10-07T22:54:54Z completed resolution-duration109-20261007-candidate-check-00
Oct 07 18:54:54 steve-b70s python[3380482]: 2026-10-07T22:54:54Z request resolution-duration109-20261007-candidate-check-01
Oct 07 18:54:56 steve-b70s python[3380482]: 2026-10-07T22:54:56Z completed resolution-duration109-20261007-candidate-check-01
Oct 07 18:54:56 steve-b70s python[3380482]: 2026-10-07T22:54:56Z request resolution-duration109-20261007-candidate-check-02
Oct 07 18:54:58 steve-b70s python[3380482]: 2026-10-07T22:54:58Z completed resolution-duration109-20261007-candidate-check-02
Oct 07 18:54:58 steve-b70s python[3380482]: 2026-10-07T22:54:58Z request resolution-duration109-20261007-candidate-check-03
Oct 07 18:55:00 steve-b70s python[3380482]: 2026-10-07T22:55:00Z completed resolution-duration109-20261007-candidate-check-03
Oct 07 18:55:01 steve-b70s python[3380482]: 2026-10-07T22:55:01Z request resolution-duration109-20261007-candidate-check-04
Oct 07 18:55:03 steve-b70s python[3380482]: 2026-10-07T22:55:03Z completed resolution-duration109-20261007-candidate-check-04
Oct 07 18:55:03 steve-b70s python[3380482]: 2026-10-07T22:55:03Z request resolution-duration109-20261007-candidate-check-05
Oct 07 18:55:07 steve-b70s python[3380482]: 2026-10-07T22:55:07Z completed resolution-duration109-20261007-candidate-check-05
Oct 07 18:55:07 steve-b70s python[3380482]: 2026-10-07T22:55:07Z request resolution-duration109-20261007-candidate-check-06
Oct 07 18:55:09 steve-b70s python[3380482]: 2026-10-07T22:55:09Z completed resolution-duration109-20261007-candidate-check-06
Oct 07 18:55:16 steve-b70s python[3380482]: 2026-10-07T22:55:16Z phase action verify-candidate
Oct 07 18:55:48 steve-b70s python[3380482]: 2026-10-07T22:55:48Z phase action start-timing
Oct 07 18:55:48 steve-b70s python[3380482]: 2026-10-07T22:55:48Z request resolution-duration109-20261007-timed-fast-00
Oct 07 18:55:49 steve-b70s python[3380482]: 2026-10-07T22:55:49Z completed resolution-duration109-20261007-timed-fast-00
Oct 07 18:55:49 steve-b70s python[3380482]: 2026-10-07T22:55:49Z request resolution-duration109-20261007-timed-fast-01
Oct 07 18:55:50 steve-b70s python[3380482]: 2026-10-07T22:55:50Z completed resolution-duration109-20261007-timed-fast-01
Oct 07 18:55:50 steve-b70s python[3380482]: 2026-10-07T22:55:50Z request resolution-duration109-20261007-timed-fast-02
Oct 07 18:55:53 steve-b70s python[3380482]: 2026-10-07T22:55:53Z completed resolution-duration109-20261007-timed-fast-02
Oct 07 18:55:53 steve-b70s python[3380482]: 2026-10-07T22:55:53Z request resolution-duration109-20261007-timed-fast-03
Oct 07 18:55:55 steve-b70s python[3380482]: 2026-10-07T22:55:55Z completed resolution-duration109-20261007-timed-fast-03
Oct 07 18:55:55 steve-b70s python[3380482]: 2026-10-07T22:55:55Z request resolution-duration109-20261007-timed-fast-04
Oct 07 18:55:59 steve-b70s python[3380482]: 2026-10-07T22:55:59Z completed resolution-duration109-20261007-timed-fast-04
Oct 07 18:55:59 steve-b70s python[3380482]: 2026-10-07T22:55:59Z request resolution-duration109-20261007-timed-fast-05
Oct 07 18:56:02 steve-b70s python[3380482]: 2026-10-07T22:56:02Z completed resolution-duration109-20261007-timed-fast-05
Oct 07 18:56:02 steve-b70s python[3380482]: 2026-10-07T22:56:02Z request resolution-duration109-20261007-timed-fast-06
Oct 07 18:56:04 steve-b70s python[3380482]: 2026-10-07T22:56:04Z completed resolution-duration109-20261007-timed-fast-06
Oct 07 18:56:11 steve-b70s python[3380482]: 2026-10-07T22:56:11Z phase action verify-fast-timed
Oct 07 18:56:44 steve-b70s python[3380482]: {
Oct 07 18:56:44 steve-b70s python[3380482]:   "passed": true,
Oct 07 18:56:44 steve-b70s python[3380482]:   "requests": [
Oct 07 18:56:44 steve-b70s python[3380482]:     "resolution-duration109-20261007-window-probe",
Oct 07 18:56:44 steve-b70s python[3380482]:     "resolution-duration109-20261007-prepare-native",
Oct 07 18:56:44 steve-b70s python[3380482]:     "resolution-duration109-20261007-native-p1-boat",
Oct 07 18:56:44 steve-b70s python[3380482]:     "resolution-duration109-20261007-native-p1-marble",
Oct 07 18:56:44 steve-b70s python[3380482]:     "resolution-duration109-20261007-native-p1-bird",
Oct 07 18:56:44 steve-b70s python[3380482]:     "resolution-duration109-20261007-native-p2-boat",
Oct 07 18:56:44 steve-b70s python[3380482]:     "resolution-duration109-20261007-native-p2-marble",
Oct 07 18:56:44 steve-b70s python[3380482]:     "resolution-duration109-20261007-native-p2-bird",
Oct 07 18:56:44 steve-b70s python[3380482]:     "resolution-duration109-20261007-pin0",
Oct 07 18:56:44 steve-b70s python[3380482]:     "resolution-duration109-20261007-capture0",
Oct 07 18:56:44 steve-b70s python[3380482]:     "resolution-duration109-20261007-pin1",
Oct 07 18:56:44 steve-b70s python[3380482]:     "resolution-duration109-20261007-capture1",
Oct 07 18:56:44 steve-b70s python[3380482]:     "resolution-duration109-20261007-coverage",
Oct 07 18:56:44 steve-b70s python[3380482]:     "resolution-duration109-20261007-decode-probe",
Oct 07 18:56:44 steve-b70s python[3380482]:     "resolution-duration109-20261007-freeze",
Oct 07 18:56:44 steve-b70s python[3380482]:     "resolution-duration109-20261007-candidate-check-00",
Oct 07 18:56:44 steve-b70s python[3380482]:     "resolution-duration109-20261007-candidate-check-01",
Oct 07 18:56:44 steve-b70s python[3380482]:     "resolution-duration109-20261007-candidate-check-02",
Oct 07 18:56:44 steve-b70s python[3380482]:     "resolution-duration109-20261007-candidate-check-03",
Oct 07 18:56:44 steve-b70s python[3380482]:     "resolution-duration109-20261007-candidate-check-04",
Oct 07 18:56:44 steve-b70s python[3380482]:     "resolution-duration109-20261007-candidate-check-05",
Oct 07 18:56:44 steve-b70s python[3380482]:     "resolution-duration109-20261007-candidate-check-06",
Oct 07 18:56:44 steve-b70s python[3380482]:     "resolution-duration109-20261007-timed-fast-00",
Oct 07 18:56:44 steve-b70s python[3380482]:     "resolution-duration109-20261007-timed-fast-01",
Oct 07 18:56:44 steve-b70s python[3380482]:     "resolution-duration109-20261007-timed-fast-02",
Oct 07 18:56:44 steve-b70s python[3380482]:     "resolution-duration109-20261007-timed-fast-03",
Oct 07 18:56:44 steve-b70s python[3380482]:     "resolution-duration109-20261007-timed-fast-04",
Oct 07 18:56:44 steve-b70s python[3380482]:     "resolution-duration109-20261007-timed-fast-05",
Oct 07 18:56:44 steve-b70s python[3380482]:     "resolution-duration109-20261007-timed-fast-06"
Oct 07 18:56:44 steve-b70s python[3380482]:   ],
Oct 07 18:56:44 steve-b70s python[3380482]:   "actions": [
Oct 07 18:56:44 steve-b70s python[3380482]:     "before-native",
Oct 07 18:56:44 steve-b70s python[3380482]:     "verify-first-native",
Oct 07 18:56:44 steve-b70s python[3380482]:     "verify-native",
Oct 07 18:56:44 steve-b70s python[3380482]:     "start-optimized",
Oct 07 18:56:44 steve-b70s python[3380482]:     "admit-capture0",
Oct 07 18:56:44 steve-b70s python[3380482]:     "retire-capture0-tails",
Oct 07 18:56:44 steve-b70s python[3380482]:     "admit-capture1",
Oct 07 18:56:44 steve-b70s python[3380482]:     "retire-capture1-tails",
Oct 07 18:56:44 steve-b70s python[3380482]:     "admit-decode",
Oct 07 18:56:44 steve-b70s python[3380482]:     "verify-candidate",
Oct 07 18:56:44 steve-b70s python[3380482]:     "start-timing",
Oct 07 18:56:44 steve-b70s python[3380482]:     "verify-fast-timed"
Oct 07 18:56:44 steve-b70s python[3380482]:   ],
Oct 07 18:56:44 steve-b70s python[3380482]:   "fast_timed_receipt": "/mnt/fast-ai/bench-results/ltx25-baseline-20260913/encoder-server-duration-pilot-109-two-way20-28-w2-b1-p1-dxpu2-s640x384-f49/same-size-timed-fast.json",
Oct 07 18:56:44 steve-b70s python[3380482]:   "claim": "Three-fixture49-frame resource pilot; two timing intervals only. No adoption, full-suite quality, speed-gain, endurance or record claim.",
Oct 07 18:56:44 steve-b70s python[3380482]:   "application": {
Oct 07 18:56:44 steve-b70s python[3380482]:     "running": true,
Oct 07 18:56:44 steve-b70s python[3380482]:     "available_for_reuse": true,
Oct 07 18:56:44 steve-b70s python[3380482]:     "final_status": {
Oct 07 18:56:44 steve-b70s python[3380482]:       "phase": "timing",
Oct 07 18:56:44 steve-b70s python[3380482]:       "halted": null,
Oct 07 18:56:44 steve-b70s python[3380482]:       "active": null,
Oct 07 18:56:44 steve-b70s python[3380482]:       "completed": [
Oct 07 18:56:44 steve-b70s python[3380482]:         "resolution-duration109-20261007-window-probe",
Oct 07 18:56:44 steve-b70s python[3380482]:         "resolution-duration109-20261007-prepare-native",
Oct 07 18:56:44 steve-b70s python[3380482]:         "resolution-duration109-20261007-native-p1-boat",
Oct 07 18:56:44 steve-b70s python[3380482]:         "resolution-duration109-20261007-native-p1-marble",
Oct 07 18:56:44 steve-b70s python[3380482]:         "resolution-duration109-20261007-native-p1-bird",
Oct 07 18:56:44 steve-b70s python[3380482]:         "resolution-duration109-20261007-native-p2-boat",
Oct 07 18:56:44 steve-b70s python[3380482]:         "resolution-duration109-20261007-native-p2-marble",
Oct 07 18:56:44 steve-b70s python[3380482]:         "resolution-duration109-20261007-native-p2-bird",
Oct 07 18:56:44 steve-b70s python[3380482]:         "resolution-duration109-20261007-pin0",
Oct 07 18:56:44 steve-b70s python[3380482]:         "resolution-duration109-20261007-capture0",
Oct 07 18:56:44 steve-b70s python[3380482]:         "resolution-duration109-20261007-pin1",
Oct 07 18:56:44 steve-b70s python[3380482]:         "resolution-duration109-20261007-capture1",
Oct 07 18:56:44 steve-b70s python[3380482]:         "resolution-duration109-20261007-coverage",
Oct 07 18:56:44 steve-b70s python[3380482]:         "resolution-duration109-20261007-decode-probe",
Oct 07 18:56:44 steve-b70s python[3380482]:         "resolution-duration109-20261007-freeze",
Oct 07 18:56:44 steve-b70s python[3380482]:         "resolution-duration109-20261007-candidate-check-00",
Oct 07 18:56:44 steve-b70s python[3380482]:         "resolution-duration109-20261007-candidate-check-01",
Oct 07 18:56:44 steve-b70s python[3380482]:         "resolution-duration109-20261007-candidate-check-02",
Oct 07 18:56:44 steve-b70s python[3380482]:         "resolution-duration109-20261007-candidate-check-03",
Oct 07 18:56:44 steve-b70s python[3380482]:         "resolution-duration109-20261007-candidate-check-04",
Oct 07 18:56:44 steve-b70s python[3380482]:         "resolution-duration109-20261007-candidate-check-05",
Oct 07 18:56:44 steve-b70s python[3380482]:         "resolution-duration109-20261007-candidate-check-06",
Oct 07 18:56:44 steve-b70s python[3380482]:         "resolution-duration109-20261007-timed-fast-00",
Oct 07 18:56:44 steve-b70s python[3380482]:         "resolution-duration109-20261007-timed-fast-01",
Oct 07 18:56:44 steve-b70s python[3380482]:         "resolution-duration109-20261007-timed-fast-02",
Oct 07 18:56:44 steve-b70s python[3380482]:         "resolution-duration109-20261007-timed-fast-03",
Oct 07 18:56:44 steve-b70s python[3380482]:         "resolution-duration109-20261007-timed-fast-04",
Oct 07 18:56:44 steve-b70s python[3380482]:         "resolution-duration109-20261007-timed-fast-05",
Oct 07 18:56:44 steve-b70s python[3380482]:         "resolution-duration109-20261007-timed-fast-06"
Oct 07 18:56:44 steve-b70s python[3380482]:       ],
Oct 07 18:56:44 steve-b70s python[3380482]:       "actions": [
Oct 07 18:56:44 steve-b70s python[3380482]:         "admit-capture0",
Oct 07 18:56:44 steve-b70s python[3380482]:         "admit-capture1",
Oct 07 18:56:44 steve-b70s python[3380482]:         "admit-decode",
Oct 07 18:56:44 steve-b70s python[3380482]:         "before-native",
Oct 07 18:56:44 steve-b70s python[3380482]:         "retire-capture0-tails",
Oct 07 18:56:44 steve-b70s python[3380482]:         "retire-capture1-tails",
Oct 07 18:56:44 steve-b70s python[3380482]:         "start-optimized",
Oct 07 18:56:44 steve-b70s python[3380482]:         "start-timing",
Oct 07 18:56:44 steve-b70s python[3380482]:         "verify-candidate",
Oct 07 18:56:44 steve-b70s python[3380482]:         "verify-fast-timed",
Oct 07 18:56:44 steve-b70s python[3380482]:         "verify-first-native",
Oct 07 18:56:44 steve-b70s python[3380482]:         "verify-native"
Oct 07 18:56:44 steve-b70s python[3380482]:       ],
Oct 07 18:56:44 steve-b70s python[3380482]:       "state": {
Oct 07 18:56:44 steve-b70s python[3380482]:         "queue_running": 0,
Oct 07 18:56:44 steve-b70s python[3380482]:         "queue_pending": 0,
Oct 07 18:56:44 steve-b70s python[3380482]:         "queue_running_ids": [],
Oct 07 18:56:44 steve-b70s python[3380482]:         "queue_pending_ids": [],
Oct 07 18:56:44 steve-b70s python[3380482]:         "pipeline": {
Oct 07 18:56:44 steve-b70s python[3380482]:           "running": 0,
Oct 07 18:56:44 steve-b70s python[3380482]:           "stages": {
Oct 07 18:56:44 steve-b70s python[3380482]:             "decode": {
Oct 07 18:56:44 steve-b70s python[3380482]:               "queued_indices": [],
Oct 07 18:56:44 steve-b70s python[3380482]:               "jobs": []
Oct 07 18:56:44 steve-b70s python[3380482]:             },
Oct 07 18:56:44 steve-b70s python[3380482]:             "encode": {
Oct 07 18:56:44 steve-b70s python[3380482]:               "queued_indices": [],
Oct 07 18:56:44 steve-b70s python[3380482]:               "jobs": []
Oct 07 18:56:44 steve-b70s python[3380482]:             },
Oct 07 18:56:44 steve-b70s python[3380482]:             "sample": {
Oct 07 18:56:44 steve-b70s python[3380482]:               "queued_indices": [],
Oct 07 18:56:44 steve-b70s python[3380482]:               "jobs": []
Oct 07 18:56:44 steve-b70s python[3380482]:             }
Oct 07 18:56:44 steve-b70s python[3380482]:           }
Oct 07 18:56:44 steve-b70s python[3380482]:         },
Oct 07 18:56:44 steve-b70s python[3380482]:         "fault": false,
Oct 07 18:56:44 steve-b70s python[3380482]:         "preview_pending": 0,
Oct 07 18:56:44 steve-b70s python[3380482]:         "preview_failures": 0,
Oct 07 18:56:44 steve-b70s python[3380482]:         "sampler_routes": 48,
Oct 07 18:56:44 steve-b70s python[3380482]:         "lean_state": 2,
Oct 07 18:56:44 steve-b70s python[3380482]:         "decode_replicas": 2,
Oct 07 18:56:44 steve-b70s python[3380482]:         "captures_frozen": true,
Oct 07 18:56:44 steve-b70s python[3380482]:         "loads_frozen": true,
Oct 07 18:56:44 steve-b70s python[3380482]:         "registered_module_paths": {
Oct 07 18:56:44 steve-b70s python[3380482]:           "graph": "/mnt/fast-ai/bench-results/ltx25-baseline-20260913/prepared-duration-pilot-109/source/custom_nodes/ltx_graph_capture_lab/__init__.py",
Oct 07 18:56:44 steve-b70s python[3380482]:           "decode": "/mnt/fast-ai/bench-results/ltx25-baseline-20260913/prepared-duration-pilot-109/source/custom_nodes/ltx_pipeline_decode_lab/__init__.py"
Oct 07 18:56:44 steve-b70s python[3380482]:         }
Oct 07 18:56:44 steve-b70s python[3380482]:       },
Oct 07 18:56:44 steve-b70s python[3380482]:       "server_identity_sha256": "91a1620521a8faaa8a5aba2b9a65351828cce3136e364d9fdf03b43224b63e56",
Oct 07 18:56:44 steve-b70s python[3380482]:       "runtime_manifest_sha256": "e91e8994642cf03210c5bde724a485e0c314a409a300a40379cc79a43fc67906"
Oct 07 18:56:44 steve-b70s python[3380482]:     }
Oct 07 18:56:44 steve-b70s python[3380482]:   },
Oct 07 18:56:44 steve-b70s python[3380482]:   "stop": {
Oct 07 18:56:44 steve-b70s python[3380482]:     "stopped": false,
Oct 07 18:56:44 steve-b70s python[3380482]:     "reason": "successful application retained"
Oct 07 18:56:44 steve-b70s python[3380482]:   },
Oct 07 18:56:44 steve-b70s python[3380482]:   "ended_unix": 1791413804.0888119
Oct 07 18:56:44 steve-b70s python[3380482]: }
Oct 07 18:56:44 steve-b70s systemd[2914601]: ltx109-duration-campaign-20261007.service: Consumed 5.867s CPU time, 21.3M memory peak, 4.5M memory swap peak.
