[review 10-04 16:29:00] multi-user campaign start; git ef87969b6
[review 10-04 16:29:09] preflight-health: rc=0
[review 10-04 16:32:12] tp2-mtp5-control: ready 
[review 10-04 16:33:36] tp2-mtp5-control-strict: rc=0
[review 10-04 16:33:36] tp2-mtp5-control-strict-compare: rc=0
[review 10-04 16:33:36] tp2-mtp5-control: strict 12/12 exact, 90.25761799469038 tok/s
[review 10-04 16:34:17] tp2-mtp5-control-long: rc=0
[review 10-04 16:34:17] tp2-mtp5-control: long suite vs the no-speculation answers of 2026-10-04: 8/8 identical
[review 10-04 16:34:17] tp2-mtp5-control: long suite, 8 requests, decode after first token: median 89.9 tok/s, mean 90.7
[review 10-04 16:39:38] tp2-mtp5-control-ladder: rc=0
[review 10-04 16:39:38] tp2-mtp5-control-ladder-compare: rc=0
[review 10-04 16:39:38] tp2-mtp5-control: pass 1: 64/64 equal to solo, 76.56 tok/s together
[review 10-04 16:39:38] tp2-mtp5-control: pass 2: 64/64 equal to solo, 76.55 tok/s together
[review 10-04 16:39:38] tp2-mtp5-control: vs the frozen single-user reference: exact {'sequential-oracle': '64/64', 'batch-c64-r1': '64/64', 'batch-c64-r2': '64/64'}
[review 10-04 16:39:46] tp2-mtp5-control: final stopped stop_confirmed=True
[review 10-04 16:43:13] tp2-mtp5-copy: ready 
[review 10-04 16:44:38] tp2-mtp5-copy-strict: rc=0
[review 10-04 16:44:38] tp2-mtp5-copy-strict-compare: rc=0
[review 10-04 16:44:38] tp2-mtp5-copy: strict 12/12 exact, 89.91499540519649 tok/s
[review 10-04 16:45:19] tp2-mtp5-copy-long: rc=0
[review 10-04 16:45:19] tp2-mtp5-copy: long suite vs the no-speculation answers of 2026-10-04: 8/8 identical
[review 10-04 16:45:19] tp2-mtp5-copy: long suite, 8 requests, decode after first token: median 89.7 tok/s, mean 90.3
[review 10-04 16:50:43] tp2-mtp5-copy-ladder: rc=0
[review 10-04 16:50:43] tp2-mtp5-copy-ladder-compare: rc=0
[review 10-04 16:50:43] tp2-mtp5-copy: pass 1: 64/64 equal to solo, 75.92 tok/s together
[review 10-04 16:50:43] tp2-mtp5-copy: pass 2: 64/64 equal to solo, 75.95 tok/s together
[review 10-04 16:50:43] tp2-mtp5-copy: vs the frozen single-user reference: exact {'sequential-oracle': '64/64', 'batch-c64-r1': '64/64', 'batch-c64-r2': '64/64'}
[review 10-04 16:50:50] tp2-mtp5-copy: final stopped stop_confirmed=True
[review 10-04 16:50:50] tp2-mtp5-copy: b70_copy_draft: active, async scheduling, 5 draft tokens, match 6..8 tokens
[review 10-04 16:50:50] tp2-mtp5-copy: b70_copy_draft: active, async scheduling, 5 draft tokens, match 6..8 tokens
[review 10-04 16:50:50] tp2-mtp5-copy: b70_copy_draft: first copy draft placed
[review 10-04 16:50:50] tp2-mtp5-copy: b70_copy_draft: first copy draft placed
[review 10-04 16:50:50] long suite answers identical between the arms: True; decode median 89.9 -> 89.7 tok/s (-0.3%)
[review 10-04 16:50:50] === multi-user campaign complete (cards left empty) ===
