[review 09-17 16:05:18] comm-3 campaign start; git 6bda177dd
[review 09-17 16:05:18] two-card service status: ready
[review 09-17 16:05:25] service stop rc=0 
[review 09-17 16:05:28] GPUs free
[review 09-17 16:05:37] preflight-health: rc=0
[review 09-17 16:07:58] tp2-ag-mtp0-b896: ready 
[review 09-17 16:11:13] tp2-ag-mtp0-b896-strict: rc=0
[review 09-17 16:11:13] tp2-ag-mtp0-b896-strict-compare: rc=0
[review 09-17 16:11:13] tp2-ag-mtp0-b896: strict vs the 832 reference 12/12 at 33.88702463084908 tok/s
[review 09-17 16:23:22] tp2-ag-mtp0-b896-ladder: rc=0
[review 09-17 16:25:40] tp2-ag-mtp0-b896-context: rc=0
[review 09-17 16:25:49] tp2-ag-mtp0-b896-quality: rc=0
[review 09-17 16:25:57] tp2-ag-mtp0-b896: final stopped stop_confirmed=True
[review 09-17 16:28:37] tp2-rd-mtp5: ready 
[review 09-17 16:30:05] tp2-rd-mtp5-strict: rc=0
[review 09-17 16:30:05] tp2-rd-mtp5-strict-compare: rc=0
[review 09-17 16:30:05] tp2-rd-mtp5: strict 12/12 at 86.72286322661272 tok/s
[review 09-17 16:31:33] tp2-rd-mtp5-run2-strict: rc=0
[review 09-17 16:31:33] tp2-rd-mtp5-run2-strict-compare: rc=0
[review 09-17 16:37:08] tp2-rd-mtp5-ladder: rc=0
[review 09-17 16:37:08] tp2-rd-mtp5-ladder-compare: rc=0
[review 09-17 16:38:38] tp2-rd-mtp5-context: rc=0
[review 09-17 16:38:48] tp2-rd-mtp5-quality: rc=0
[review 09-17 16:38:48] tp2-rd-mtp5: run2 85.93051658570424 tok/s, ladder exact, context True, quality True/True -> all_exact=True
[review 09-17 16:38:57] tp2-rd-mtp5: final stopped stop_confirmed=True
[review 09-17 16:41:37] tp2-ck-mtp5: ready 
[review 09-17 16:43:02] tp2-ck-mtp5-strict: rc=0
[review 09-17 16:43:02] tp2-ck-mtp5-strict-compare: rc=0
[review 09-17 16:43:02] tp2-ck-mtp5: strict 12/12 at 90.39729443365141 tok/s
[review 09-17 16:44:26] tp2-ck-mtp5-run2-strict: rc=0
[review 09-17 16:44:26] tp2-ck-mtp5-run2-strict-compare: rc=0
[review 09-17 16:49:47] tp2-ck-mtp5-ladder: rc=0
[review 09-17 16:49:47] tp2-ck-mtp5-ladder-compare: rc=0
[review 09-17 16:51:15] tp2-ck-mtp5-context: rc=0
[review 09-17 16:51:24] tp2-ck-mtp5-quality: rc=0
[review 09-17 16:51:24] tp2-ck-mtp5: run2 90.14643591105566 tok/s, ladder exact, context True, quality True/True -> all_exact=True
[review 09-17 16:51:33] tp2-ck-mtp5: final stopped stop_confirmed=True
[review 09-17 16:54:18] tp2-all-mtp5: ready 
[review 09-17 16:55:46] tp2-all-mtp5-strict: rc=0
[review 09-17 16:55:46] tp2-all-mtp5-strict-compare: rc=0
[review 09-17 16:55:46] tp2-all-mtp5: strict 12/12 at 86.70646140065678 tok/s
[review 09-17 16:57:14] tp2-all-mtp5-run2-strict: rc=0
[review 09-17 16:57:14] tp2-all-mtp5-run2-strict-compare: rc=0
[review 09-17 17:02:49] tp2-all-mtp5-ladder: rc=0
[review 09-17 17:02:49] tp2-all-mtp5-ladder-compare: rc=0
[review 09-17 17:04:19] tp2-all-mtp5-context: rc=0
[review 09-17 17:04:29] tp2-all-mtp5-quality: rc=0
[review 09-17 17:04:29] tp2-all-mtp5: run2 86.34657199401893 tok/s, ladder exact, context True, quality True/True -> all_exact=True
[review 09-17 17:04:40] tp2-all-mtp5: final stopped stop_confirmed=True
[review 09-17 17:04:48] service-health: rc=0
[review 09-17 17:07:28] service: ready 
[review 09-17 17:08:52] service-strict: rc=0
[review 09-17 17:08:52] service-strict-compare: rc=0
[review 09-17 17:08:52] === comm-3 campaign complete ===
