[2026-10-03T21:57:50Z] soak k31: 10 cycle(s), out /mnt/fast-ai/bench-results/kernel-soak-20261003/k31, leave_up=0
[2026-10-03T21:57:50Z] health probe (both cards, single-device smoke + two-rank all-reduce)
[2026-10-03T21:57:59Z] health probe rc=0
[2026-10-03T21:57:59Z] ===== cycle 1/10 (unit fp8-soak-k31-c01) =====
Running as unit: fp8-soak-k31-c01.service; invocation ID: 1c030c6e835c4c229bbca3423eb0e2ce
[2026-10-03T22:00:35Z] ready after 156 s; strict suite
Graceful stop requested for the saved container only. No restart is scheduled.
[2026-10-03T22:02:14Z] cycle 1: result=clean ready=156s exact=12/12 tok/s=89.85 faults=0 swapout=1105MiB min_avail=2877MiB
[2026-10-03T22:02:14Z] ===== cycle 2/10 (unit fp8-soak-k31-c02) =====
Running as unit: fp8-soak-k31-c02.service; invocation ID: eed0a6583e164b25841e880b47f2c091
[2026-10-03T22:05:35Z] ready after 151 s; strict suite
Graceful stop requested for the saved container only. No restart is scheduled.
[2026-10-03T22:07:13Z] cycle 2: result=clean ready=151s exact=12/12 tok/s=90.3 faults=0 swapout=391MiB min_avail=3049MiB
[2026-10-03T22:07:13Z] ===== cycle 3/10 (unit fp8-soak-k31-c03) =====
Running as unit: fp8-soak-k31-c03.service; invocation ID: 47c5e33e72a7466c80e542d1b40dabb2
[2026-10-03T22:10:35Z] ready after 150 s; strict suite
Graceful stop requested for the saved container only. No restart is scheduled.
[2026-10-03T22:12:13Z] cycle 3: result=clean ready=150s exact=12/12 tok/s=90.04 faults=0 swapout=323MiB min_avail=3112MiB
[2026-10-03T22:12:13Z] ===== cycle 4/10 (unit fp8-soak-k31-c04) =====
Running as unit: fp8-soak-k31-c04.service; invocation ID: 7f7a2e9196b94b54a647b71f26047c3b
[2026-10-03T22:15:35Z] ready after 151 s; strict suite
Graceful stop requested for the saved container only. No restart is scheduled.
[2026-10-03T22:17:13Z] cycle 4: result=clean ready=151s exact=12/12 tok/s=90.29 faults=0 swapout=286MiB min_avail=3046MiB
[2026-10-03T22:17:13Z] ===== cycle 5/10 (unit fp8-soak-k31-c05) =====
Running as unit: fp8-soak-k31-c05.service; invocation ID: b1a630a725cc4626ac1efa2ce7ce5405
[2026-10-03T22:20:34Z] ready after 151 s; strict suite
Graceful stop requested for the saved container only. No restart is scheduled.
[2026-10-03T22:22:12Z] cycle 5: result=clean ready=151s exact=12/12 tok/s=90.14 faults=0 swapout=286MiB min_avail=3220MiB
[2026-10-03T22:22:12Z] ===== cycle 6/10 (unit fp8-soak-k31-c06) =====
Running as unit: fp8-soak-k31-c06.service; invocation ID: 96203c5acd9645318446c3497a2825f4
[2026-10-03T22:25:34Z] ready after 151 s; strict suite
Graceful stop requested for the saved container only. No restart is scheduled.
[2026-10-03T22:27:12Z] cycle 6: result=clean ready=151s exact=12/12 tok/s=90.23 faults=0 swapout=278MiB min_avail=3228MiB
[2026-10-03T22:27:12Z] ===== cycle 7/10 (unit fp8-soak-k31-c07) =====
Running as unit: fp8-soak-k31-c07.service; invocation ID: 8c0d67cf586e4c57842824eca66b4681
[2026-10-03T22:30:33Z] ready after 151 s; strict suite
Graceful stop requested for the saved container only. No restart is scheduled.
[2026-10-03T22:32:11Z] cycle 7: result=clean ready=151s exact=12/12 tok/s=90.3 faults=0 swapout=239MiB min_avail=3266MiB
[2026-10-03T22:32:11Z] ===== cycle 8/10 (unit fp8-soak-k31-c08) =====
Running as unit: fp8-soak-k31-c08.service; invocation ID: 69db7a9ed3c2476ab78146e215f5e654
[2026-10-03T22:35:33Z] ready after 151 s; strict suite
Graceful stop requested for the saved container only. No restart is scheduled.
[2026-10-03T22:37:11Z] cycle 8: result=clean ready=151s exact=12/12 tok/s=90.16 faults=0 swapout=269MiB min_avail=3304MiB
[2026-10-03T22:37:11Z] ===== cycle 9/10 (unit fp8-soak-k31-c09) =====
Running as unit: fp8-soak-k31-c09.service; invocation ID: 69d8a5fc31ff46d4a5bf71c38eafa84c
[2026-10-03T22:40:32Z] ready after 151 s; strict suite
Graceful stop requested for the saved container only. No restart is scheduled.
[2026-10-03T22:42:10Z] cycle 9: result=clean ready=151s exact=12/12 tok/s=90.41 faults=0 swapout=193MiB min_avail=3299MiB
[2026-10-03T22:42:10Z] ===== cycle 10/10 (unit fp8-soak-k31-c10) =====
Running as unit: fp8-soak-k31-c10.service; invocation ID: 24095cdce56d460ca152b067cec095a5
[2026-10-03T22:45:31Z] ready after 151 s; strict suite
Graceful stop requested for the saved container only. No restart is scheduled.
[2026-10-03T22:47:10Z] cycle 10: result=clean ready=151s exact=12/12 tok/s=90.18 faults=0 swapout=189MiB min_avail=3342MiB
[2026-10-03T22:47:10Z] END rc=0 (all 10 cycles clean); summary /mnt/fast-ai/bench-results/kernel-soak-20261003/k31/summary.json
