[review 10-04 01:55:21] multi-user campaign start; git 9e2f9fd6a
[review 10-04 01:55:30] preflight-health: rc=0
[review 10-04 01:57:50] tp2-mtp0-s16-sat: ready 
[review 10-04 02:02:33] tp2-mtp0-s16-sat-ladder: rc=0
[review 10-04 02:02:33] tp2-mtp0-s16-sat-ladder-compare: rc=0
[review 10-04 02:02:33] tp2-mtp0-s16-sat: pass 1: 64/64 equal to solo, 422.78 tok/s together
[review 10-04 02:02:33] tp2-mtp0-s16-sat: pass 2: 64/64 equal to solo, 424.07 tok/s together
[review 10-04 02:02:33] tp2-mtp0-s16-sat: vs the frozen single-user reference: exact {'sequential-oracle': '64/64', 'batch-c64-r1': '64/64', 'batch-c64-r2': '64/64'}
[review 10-04 02:02:41] tp2-mtp0-s16-sat: final stopped stop_confirmed=True
[review 10-04 02:05:01] tp2-mtp0-s32-sat: ready 
[review 10-04 02:09:29] tp2-mtp0-s32-sat-ladder: rc=0
[review 10-04 02:09:30] tp2-mtp0-s32-sat-ladder-compare: rc=1
[review 10-04 02:09:30] tp2-mtp0-s32-sat: pass 1: 60/64 equal to solo, 655.59 tok/s together
[review 10-04 02:09:30] tp2-mtp0-s32-sat: pass 2: 58/64 equal to solo, 676.45 tok/s together
[review 10-04 02:09:30] tp2-mtp0-s32-sat: vs the frozen single-user reference: NOT exact {'sequential-oracle': '64/64', 'batch-c64-r1': '60/64', 'batch-c64-r2': '58/64'}
[review 10-04 02:09:36] tp2-mtp0-s32-sat: final stopped stop_confirmed=True
[review 10-04 02:11:56] tp2-mtp0-s64-sat: ready 
[review 10-04 02:16:19] tp2-mtp0-s64-sat-ladder: rc=0
[review 10-04 02:16:19] tp2-mtp0-s64-sat-ladder-compare: rc=1
[review 10-04 02:16:19] tp2-mtp0-s64-sat: pass 1: 61/64 equal to solo, 875.69 tok/s together
[review 10-04 02:16:19] tp2-mtp0-s64-sat: pass 2: 58/64 equal to solo, 916.72 tok/s together
[review 10-04 02:16:19] tp2-mtp0-s64-sat: vs the frozen single-user reference: NOT exact {'sequential-oracle': '64/64', 'batch-c64-r1': '61/64', 'batch-c64-r2': '58/64'}
[review 10-04 02:16:26] tp2-mtp0-s64-sat: final stopped stop_confirmed=True
[review 10-04 02:16:26] === multi-user campaign complete (cards left empty) ===
