[review 10-04 18:14:48] multi-user campaign start; git a8a4f20fd
[review 10-04 18:14:57] preflight-health: rc=0
[review 10-04 18:18:06] tp2-mtp5-sync-k9-control: ready 
[review 10-04 18:19:32] tp2-mtp5-sync-k9-control-strict: rc=0
[review 10-04 18:19:32] tp2-mtp5-sync-k9-control-strict-compare: rc=0
[review 10-04 18:19:32] tp2-mtp5-sync-k9-control: strict 12/12 exact, 87.95159890705358 tok/s
[review 10-04 18:20:13] tp2-mtp5-sync-k9-control-long: rc=0
[review 10-04 18:20:13] tp2-mtp5-sync-k9-control: long suite vs the no-speculation answers of 2026-10-04: 8/8 identical
[review 10-04 18:20:13] tp2-mtp5-sync-k9-control: long suite, 8 requests, decode after first token: median 87.1 tok/s, mean 88.1
[review 10-04 18:25:37] tp2-mtp5-sync-k9-control-ladder: rc=0
[review 10-04 18:25:37] tp2-mtp5-sync-k9-control-ladder-compare: rc=0
[review 10-04 18:25:37] tp2-mtp5-sync-k9-control: pass 1: 64/64 equal to solo, 75.75 tok/s together
[review 10-04 18:25:37] tp2-mtp5-sync-k9-control: pass 2: 64/64 equal to solo, 75.79 tok/s together
[review 10-04 18:25:37] tp2-mtp5-sync-k9-control: vs the frozen single-user reference: exact {'sequential-oracle': '64/64', 'batch-c64-r1': '64/64', 'batch-c64-r2': '64/64'}
[review 10-04 18:25:46] tp2-mtp5-sync-k9-control: final stopped stop_confirmed=True
[review 10-04 18:29:10] tp2-mtp5-sync-k9-copy: ready 
[review 10-04 18:30:36] tp2-mtp5-sync-k9-copy-strict: rc=0
[review 10-04 18:30:36] tp2-mtp5-sync-k9-copy-strict-compare: rc=0
[review 10-04 18:30:36] tp2-mtp5-sync-k9-copy: strict 11/12 exact, 87.76688683026876 tok/s
[review 10-04 18:31:14] tp2-mtp5-sync-k9-copy-long: rc=0
[review 10-04 18:31:14] tp2-mtp5-sync-k9-copy: long suite vs the no-speculation answers of 2026-10-04: 5/8 identical
[review 10-04 18:31:14] tp2-mtp5-sync-k9-copy: long suite, 8 requests, decode after first token: median 110.0 tok/s, mean 110.8
[review 10-04 18:36:38] tp2-mtp5-sync-k9-copy-ladder: rc=0
[review 10-04 18:36:38] tp2-mtp5-sync-k9-copy-ladder-compare: rc=1
[review 10-04 18:36:38] tp2-mtp5-sync-k9-copy: pass 1: 64/64 equal to solo, 76.04 tok/s together
[review 10-04 18:36:38] tp2-mtp5-sync-k9-copy: pass 2: 64/64 equal to solo, 76.04 tok/s together
[review 10-04 18:36:38] tp2-mtp5-sync-k9-copy: vs the frozen single-user reference: NOT exact {'sequential-oracle': '55/64', 'batch-c64-r1': '55/64', 'batch-c64-r2': '55/64'}
[review 10-04 18:36:47] tp2-mtp5-sync-k9-copy: final stopped stop_confirmed=True
[review 10-04 18:36:47] tp2-mtp5-sync-k9-copy: b70_copy_draft: active, sync scheduling, 5 draft tokens, match 6..8 tokens, long copy drafts 6..9 tokens (verify slots 9)
[review 10-04 18:36:47] tp2-mtp5-sync-k9-copy: b70_copy_draft: active, sync scheduling, 5 draft tokens, match 6..8 tokens, long copy drafts 6..9 tokens (verify slots 9)
[review 10-04 18:36:47] tp2-mtp5-sync-k9-copy: b70_copy_draft: first copy draft placed
[review 10-04 18:36:47] tp2-mtp5-sync-k9-copy: b70_copy_draft: first copy draft placed
[review 10-04 18:36:47] tp2-mtp5-sync-k9-copy: b70_copy_draft: first long copy draft placed (9 tokens)
[review 10-04 18:36:47] tp2-mtp5-sync-k9-copy: b70_copy_draft: first long copy draft placed (9 tokens)
[review 10-04 18:36:47] long suite answers identical between the arms: False; decode median 87.1 -> 110.0 tok/s (+26.3%)
[review 10-04 18:36:47] === multi-user campaign complete (cards left empty) ===
